Archive member included to satisfy reference by file (symbol)

c:/progra~2/gnuarm~1/102021~1.10/bin/../lib/gcc/arm-none-eabi/10.3.1/../../../../arm-none-eabi/lib/thumb/v7-m/nofp\libg.a(lib_a-errno.o)
                              CMakeFiles/RTOS_V1.elf.dir/Core/Retartget/retarget.c.obj (__errno)
c:/progra~2/gnuarm~1/102021~1.10/bin/../lib/gcc/arm-none-eabi/10.3.1/../../../../arm-none-eabi/lib/thumb/v7-m/nofp\libg.a(lib_a-exit.o)
                              c:/progra~2/gnuarm~1/102021~1.10/bin/../lib/gcc/arm-none-eabi/10.3.1/../../../../arm-none-eabi/lib/thumb/v7-m/nofp/crt0.o (exit)
c:/progra~2/gnuarm~1/102021~1.10/bin/../lib/gcc/arm-none-eabi/10.3.1/../../../../arm-none-eabi/lib/thumb/v7-m/nofp\libg.a(lib_a-impure.o)
                              c:/progra~2/gnuarm~1/102021~1.10/bin/../lib/gcc/arm-none-eabi/10.3.1/../../../../arm-none-eabi/lib/thumb/v7-m/nofp\libg.a(lib_a-exit.o) (_global_impure_ptr)
c:/progra~2/gnuarm~1/102021~1.10/bin/../lib/gcc/arm-none-eabi/10.3.1/../../../../arm-none-eabi/lib/thumb/v7-m/nofp\libg.a(lib_a-init.o)
                              c:/progra~2/gnuarm~1/102021~1.10/bin/../lib/gcc/arm-none-eabi/10.3.1/../../../../arm-none-eabi/lib/thumb/v7-m/nofp/crt0.o (__libc_init_array)
c:/progra~2/gnuarm~1/102021~1.10/bin/../lib/gcc/arm-none-eabi/10.3.1/../../../../arm-none-eabi/lib/thumb/v7-m/nofp\libg.a(lib_a-malloc.o)
                              CMakeFiles/RTOS_V1.elf.dir/Middlewares/Third_Party/FreeRTOS/Source/portable/MemMang/heap_3.c.obj (malloc)
c:/progra~2/gnuarm~1/102021~1.10/bin/../lib/gcc/arm-none-eabi/10.3.1/../../../../arm-none-eabi/lib/thumb/v7-m/nofp\libg.a(lib_a-mallocr.o)
                              c:/progra~2/gnuarm~1/102021~1.10/bin/../lib/gcc/arm-none-eabi/10.3.1/../../../../arm-none-eabi/lib/thumb/v7-m/nofp\libg.a(lib_a-malloc.o) (_malloc_r)
c:/progra~2/gnuarm~1/102021~1.10/bin/../lib/gcc/arm-none-eabi/10.3.1/../../../../arm-none-eabi/lib/thumb/v7-m/nofp\libg.a(lib_a-memcpy.o)
                              CMakeFiles/RTOS_V1.elf.dir/Middlewares/Third_Party/FreeRTOS/Source/queue.c.obj (memcpy)
c:/progra~2/gnuarm~1/102021~1.10/bin/../lib/gcc/arm-none-eabi/10.3.1/../../../../arm-none-eabi/lib/thumb/v7-m/nofp\libg.a(lib_a-memset.o)
                              c:/progra~2/gnuarm~1/102021~1.10/bin/../lib/gcc/arm-none-eabi/10.3.1/../../../../arm-none-eabi/lib/thumb/v7-m/nofp/crt0.o (memset)
c:/progra~2/gnuarm~1/102021~1.10/bin/../lib/gcc/arm-none-eabi/10.3.1/../../../../arm-none-eabi/lib/thumb/v7-m/nofp\libg.a(lib_a-mlock.o)
                              c:/progra~2/gnuarm~1/102021~1.10/bin/../lib/gcc/arm-none-eabi/10.3.1/../../../../arm-none-eabi/lib/thumb/v7-m/nofp\libg.a(lib_a-mallocr.o) (__malloc_lock)
c:/progra~2/gnuarm~1/102021~1.10/bin/../lib/gcc/arm-none-eabi/10.3.1/../../../../arm-none-eabi/lib/thumb/v7-m/nofp\libg.a(lib_a-puts.o)
                              CMakeFiles/RTOS_V1.elf.dir/Core/RTOS/Task/Task1.c.obj (puts)
c:/progra~2/gnuarm~1/102021~1.10/bin/../lib/gcc/arm-none-eabi/10.3.1/../../../../arm-none-eabi/lib/thumb/v7-m/nofp\libg.a(lib_a-sbrkr.o)
                              c:/progra~2/gnuarm~1/102021~1.10/bin/../lib/gcc/arm-none-eabi/10.3.1/../../../../arm-none-eabi/lib/thumb/v7-m/nofp\libg.a(lib_a-mallocr.o) (_sbrk_r)
c:/progra~2/gnuarm~1/102021~1.10/bin/../lib/gcc/arm-none-eabi/10.3.1/../../../../arm-none-eabi/lib/thumb/v7-m/nofp\libg.a(lib_a-setvbuf.o)
                              CMakeFiles/RTOS_V1.elf.dir/Core/Retartget/retarget.c.obj (setvbuf)
c:/progra~2/gnuarm~1/102021~1.10/bin/../lib/gcc/arm-none-eabi/10.3.1/../../../../arm-none-eabi/lib/thumb/v7-m/nofp\libg.a(lib_a-strlen-stub.o)
                              c:/progra~2/gnuarm~1/102021~1.10/bin/../lib/gcc/arm-none-eabi/10.3.1/../../../../arm-none-eabi/lib/thumb/v7-m/nofp\libg.a(lib_a-puts.o) (strlen)
c:/progra~2/gnuarm~1/102021~1.10/bin/../lib/gcc/arm-none-eabi/10.3.1/../../../../arm-none-eabi/lib/thumb/v7-m/nofp\libg.a(lib_a-__call_atexit.o)
                              c:/progra~2/gnuarm~1/102021~1.10/bin/../lib/gcc/arm-none-eabi/10.3.1/../../../../arm-none-eabi/lib/thumb/v7-m/nofp\libg.a(lib_a-exit.o) (__call_exitprocs)
c:/progra~2/gnuarm~1/102021~1.10/bin/../lib/gcc/arm-none-eabi/10.3.1/../../../../arm-none-eabi/lib/thumb/v7-m/nofp\libg.a(lib_a-atexit.o)
                              c:/progra~2/gnuarm~1/102021~1.10/bin/../lib/gcc/arm-none-eabi/10.3.1/../../../../arm-none-eabi/lib/thumb/v7-m/nofp\libg.a(lib_a-__call_atexit.o) (atexit)
c:/progra~2/gnuarm~1/102021~1.10/bin/../lib/gcc/arm-none-eabi/10.3.1/../../../../arm-none-eabi/lib/thumb/v7-m/nofp\libg.a(lib_a-fflush.o)
                              c:/progra~2/gnuarm~1/102021~1.10/bin/../lib/gcc/arm-none-eabi/10.3.1/../../../../arm-none-eabi/lib/thumb/v7-m/nofp\libg.a(lib_a-setvbuf.o) (_fflush_r)
c:/progra~2/gnuarm~1/102021~1.10/bin/../lib/gcc/arm-none-eabi/10.3.1/../../../../arm-none-eabi/lib/thumb/v7-m/nofp\libg.a(lib_a-findfp.o)
[...]
Memory Configuration

Name             Origin             Length             Attributes
RAM              0x20000000         0x00005000         xrw
FLASH            0x08000000         0x00010000         xr
*default*        0x00000000         0xffffffff

Linker script and memory map

LOAD c:/progra~2/gnuarm~1/102021~1.10/bin/../lib/gcc/arm-none-eabi/10.3.1/thumb/v7-m/nofp/crti.o
LOAD c:/progra~2/gnuarm~1/102021~1.10/bin/../lib/gcc/arm-none-eabi/10.3.1/thumb/v7-m/nofp/crtbegin.o
LOAD c:/progra~2/gnuarm~1/102021~1.10/bin/../lib/gcc/arm-none-eabi/10.3.1/../../../../arm-none-eabi/lib/thumb/v7-m/nofp/crt0.o
LOAD CMakeFiles/RTOS_V1.elf.dir/Core/RTOS/Task/Task1.c.obj
LOAD CMakeFiles/RTOS_V1.elf.dir/Core/RTOS/Task/Task2.c.obj
LOAD CMakeFiles/RTOS_V1.elf.dir/Core/RTOS/Task/init_Task.c.obj
LOAD CMakeFiles/RTOS_V1.elf.dir/Core/Retartget/retarget.c.obj
LOAD CMakeFiles/RTOS_V1.elf.dir/Core/Src/gpio.c.obj
LOAD CMakeFiles/RTOS_V1.elf.dir/Core/Src/main.c.obj
LOAD CMakeFiles/RTOS_V1.elf.dir/Core/Src/stm32f1xx_hal_msp.c.obj
LOAD CMakeFiles/RTOS_V1.elf.dir/Core/Src/stm32f1xx_it.c.obj
LOAD CMakeFiles/RTOS_V1.elf.dir/Core/Src/syscalls.c.obj
LOAD CMakeFiles/RTOS_V1.elf.dir/Core/Src/system_stm32f1xx.c.obj
LOAD CMakeFiles/RTOS_V1.elf.dir/Core/Src/usart.c.obj
LOAD CMakeFiles/RTOS_V1.elf.dir/Drivers/STM32F1xx_HAL_Driver/Src/stm32f1xx_hal.c.obj
LOAD CMakeFiles/RTOS_V1.elf.dir/Drivers/STM32F1xx_HAL_Driver/Src/stm32f1xx_hal_cortex.c.obj
LOAD CMakeFiles/RTOS_V1.elf.dir/Drivers/STM32F1xx_HAL_Driver/Src/stm32f1xx_hal_dma.c.obj
LOAD CMakeFiles/RTOS_V1.elf.dir/Drivers/STM32F1xx_HAL_Driver/Src/stm32f1xx_hal_exti.c.obj
LOAD CMakeFiles/RTOS_V1.elf.dir/Drivers/STM32F1xx_HAL_Driver/Src/stm32f1xx_hal_flash.c.obj
LOAD CMakeFiles/RTOS_V1.elf.dir/Drivers/STM32F1xx_HAL_Driver/Src/stm32f1xx_hal_flash_ex.c.obj
LOAD CMakeFiles/RTOS_V1.elf.dir/Drivers/STM32F1xx_HAL_Driver/Src/stm32f1xx_hal_gpio.c.obj
LOAD CMakeFiles/RTOS_V1.elf.dir/Drivers/STM32F1xx_HAL_Driver/Src/stm32f1xx_hal_gpio_ex.c.obj
LOAD CMakeFiles/RTOS_V1.elf.dir/Drivers/STM32F1xx_HAL_Driver/Src/stm32f1xx_hal_pwr.c.obj
LOAD CMakeFiles/RTOS_V1.elf.dir/Drivers/STM32F1xx_HAL_Driver/Src/stm32f1xx_hal_rcc.c.obj
LOAD CMakeFiles/RTOS_V1.elf.dir/Drivers/STM32F1xx_HAL_Driver/Src/stm32f1xx_hal_rcc_ex.c.obj
LOAD CMakeFiles/RTOS_V1.elf.dir/Drivers/STM32F1xx_HAL_Driver/Src/stm32f1xx_hal_tim.c.obj
LOAD CMakeFiles/RTOS_V1.elf.dir/Drivers/STM32F1xx_HAL_Driver/Src/stm32f1xx_hal_tim_ex.c.obj
LOAD CMakeFiles/RTOS_V1.elf.dir/Drivers/STM32F1xx_HAL_Driver/Src/stm32f1xx_hal_uart.c.obj
LOAD CMakeFiles/RTOS_V1.elf.dir/Middlewares/Third_Party/FreeRTOS/Source/CMSIS_RTOS/cmsis_os.c.obj
LOAD CMakeFiles/RTOS_V1.elf.dir/Middlewares/Third_Party/FreeRTOS/Source/croutine.c.obj
LOAD CMakeFiles/RTOS_V1.elf.dir/Middlewares/Third_Party/FreeRTOS/Source/event_groups.c.obj
LOAD CMakeFiles/RTOS_V1.elf.dir/Middlewares/Third_Party/FreeRTOS/Source/list.c.obj
LOAD CMakeFiles/RTOS_V1.elf.dir/Middlewares/Third_Party/FreeRTOS/Source/portable/GCC/ARM_CM3/port.c.obj
LOAD CMakeFiles/RTOS_V1.elf.dir/Middlewares/Third_Party/FreeRTOS/Source/portable/MemMang/heap_3.c.obj
LOAD CMakeFiles/RTOS_V1.elf.dir/Middlewares/Third_Party/FreeRTOS/Source/queue.c.obj
LOAD CMakeFiles/RTOS_V1.elf.dir/Middlewares/Third_Party/FreeRTOS/Source/stream_buffer.c.obj
LOAD CMakeFiles/RTOS_V1.elf.dir/Middlewares/Third_Party/FreeRTOS/Source/tasks.c.obj
LOAD CMakeFiles/RTOS_V1.elf.dir/Middlewares/Third_Party/FreeRTOS/Source/timers.c.obj
LOAD CMakeFiles/RTOS_V1.elf.dir/startup/startup_stm32f103xb.s.obj
START GROUP
LOAD c:/progra~2/gnuarm~1/102021~1.10/bin/../lib/gcc/arm-none-eabi/10.3.1/thumb/v7-m/nofp\libgcc.a
LOAD c:/progra~2/gnuarm~1/102021~1.10/bin/../lib/gcc/arm-none-eabi/10.3.1/../../../../arm-none-eabi/lib/thumb/v7-m/nofp\libg.a
LOAD c:/progra~2/gnuarm~1/102021~1.10/bin/../lib/gcc/arm-none-eabi/10.3.1/../../../../arm-none-eabi/lib/thumb/v7-m/nofp\libc.a
END GROUP
LOAD c:/progra~2/gnuarm~1/102021~1.10/bin/../lib/gcc/arm-none-eabi/10.3.1/thumb/v7-m/nofp/crtend.o
LOAD c:/progra~2/gnuarm~1/102021~1.10/bin/../lib/gcc/arm-none-eabi/10.3.1/thumb/v7-m/nofp/crtn.o
                0x20005000                _estack = 0x20005000
                0x00000200                _Min_Heap_Size = 0x200
                0x00000400                _Min_Stack_Size = 0x400

.isr_vector     0x08000000      0x10c
                0x08000000                . = ALIGN (0x4)
 *(.isr_vector)
 .isr_vector    0x08000000      0x10c CMakeFiles/RTOS_V1.elf.dir/startup/startup_stm32f103xb.s.obj
                0x08000000                g_pfnVectors
                0x0800010c                . = ALIGN (0x4)

.text           0x08000110     0x3b6c
                0x08000110                . = ALIGN (0x4)
 *(.text)
 .text          0x08000110       0x40 c:/progra~2/gnuarm~1/102021~1.10/bin/../lib/gcc/arm-none-eabi/10.3.1/thumb/v7-m/nofp/crtbegin.o
 .text          0x08000150       0xec c:/progra~2/gnuarm~1/102021~1.10/bin/../lib/gcc/arm-none-eabi/10.3.1/../../../../arm-none-eabi/lib/thumb/v7-m/nofp\libg.a(lib_a-memcpy.o)
                0x08000150                memcpy
 *(.text*)
 .text.StartTask02
                0x0800023c       0x44 CMakeFiles/RTOS_V1.elf.dir/Core/RTOS/Task/Task1.c.obj
                0x0800023c                StartTask02
 .text.StartTask03
                0x08000280       0x44 CMakeFiles/RTOS_V1.elf.dir/Core/RTOS/Task/Task2.c.obj
                0x08000280                StartTask03
 .text.StartDefaultTask
                0x080002c4        0xa CMakeFiles/RTOS_V1.elf.dir/Core/RTOS/Task/init_Task.c.obj
                0x080002c4                StartDefaultTask
 *fill*         0x080002ce        0x2 
 .text.vApplicationGetIdleTaskMemory
                0x080002d0       0x18 CMakeFiles/RTOS_V1.elf.dir/Core/RTOS/Task/init_Task.c.obj
                0x080002d0                vApplicationGetIdleTaskMemory
 .text.MX_FREERTOS_Init
                0x080002e8       0x90 CMakeFiles/RTOS_V1.elf.dir/Core/RTOS/Task/init_Task.c.obj
                0x080002e8                MX_FREERTOS_Init
 .text.RetargetInit
                0x08000378       0x20 CMakeFiles/RTOS_V1.elf.dir/Core/Retartget/retarget.c.obj
                0x08000378                RetargetInit
 .text._write   0x08000398       0x34 CMakeFiles/RTOS_V1.elf.dir/Core/Retartget/retarget.c.obj
                0x08000398                _write
 .text.MX_GPIO_Init
                0x080003cc       0x44 CMakeFiles/RTOS_V1.elf.dir/Core/Src/gpio.c.obj
                0x080003cc                MX_GPIO_Init
 .text.Error_Handler
                0x08000410        0x4 CMakeFiles/RTOS_V1.elf.dir/Core/Src/main.c.obj
                0x08000410                Error_Handler
 .text.SystemClock_Config
                0x08000414       0x52 CMakeFiles/RTOS_V1.elf.dir/Core/Src/main.c.obj
                0x08000414                SystemClock_Config
 .text.main     0x08000466       0x1c CMakeFiles/RTOS_V1.elf.dir/Core/Src/main.c.obj
                0x08000466                main
 *fill*         0x08000482        0x2 
 .text.HAL_MspInit
                0x08000484       0x54 CMakeFiles/RTOS_V1.elf.dir/Core/Src/stm32f1xx_hal_msp.c.obj
                0x08000484                HAL_MspInit
 .text.NMI_Handler
                0x080004d8        0x2 CMakeFiles/RTOS_V1.elf.dir/Core/Src/stm32f1xx_it.c.obj
                0x080004d8                NMI_Handler
 .text.HardFault_Handler
                0x080004da        0x2 CMakeFiles/RTOS_V1.elf.dir/Core/Src/stm32f1xx_it.c.obj
                0x080004da                HardFault_Handler
 .text.MemManage_Handler
                0x080004dc        0x2 CMakeFiles/RTOS_V1.elf.dir/Core/Src/stm32f1xx_it.c.obj
                0x080004dc                MemManage_Handler
 .text.BusFault_Handler
                0x080004de        0x2 CMakeFiles/RTOS_V1.elf.dir/Core/Src/stm32f1xx_it.c.obj
                0x080004de                BusFault_Handler
 .text.UsageFault_Handler
                0x080004e0        0x2 CMakeFiles/RTOS_V1.elf.dir/Core/Src/stm32f1xx_it.c.obj
                0x080004e0                UsageFault_Handler
 .text.DebugMon_Handler
                0x080004e2        0x2 CMakeFiles/RTOS_V1.elf.dir/Core/Src/stm32f1xx_it.c.obj
                0x080004e2                DebugMon_Handler
 .text.SysTick_Handler
                0x080004e4       0x16 CMakeFiles/RTOS_V1.elf.dir/Core/Src/stm32f1xx_it.c.obj
                0x080004e4                SysTick_Handler
 .text._read    0x080004fa       0x20 CMakeFiles/RTOS_V1.elf.dir/Core/Src/syscalls.c.obj
                0x080004fa                _read
 *fill*         0x0800051a        0x2 
 .text._sbrk    0x0800051c       0x3c CMakeFiles/RTOS_V1.elf.dir/Core/Src/syscalls.c.obj
                0x0800051c                _sbrk
 .text._close   0x08000558        0x6 CMakeFiles/RTOS_V1.elf.dir/Core/Src/syscalls.c.obj
                0x08000558                _close
 .text._fstat   0x0800055e        0xa CMakeFiles/RTOS_V1.elf.dir/Core/Src/syscalls.c.obj
                0x0800055e                _fstat
 .text._isatty  0x08000568        0x4 CMakeFiles/RTOS_V1.elf.dir/Core/Src/syscalls.c.obj
                0x08000568                _isatty
 .text._lseek   0x0800056c        0x4 CMakeFiles/RTOS_V1.elf.dir/Core/Src/syscalls.c.obj
                0x0800056c                _lseek
 .text.SystemInit
                0x08000570        0x2 CMakeFiles/RTOS_V1.elf.dir/Core/Src/system_stm32f1xx.c.obj
                0x08000570                SystemInit
 *fill*         0x08000572        0x2 
 .text.MX_USART1_UART_Init
                0x08000574       0x34 CMakeFiles/RTOS_V1.elf.dir/Core/Src/usart.c.obj
                0x08000574                MX_USART1_UART_Init
 .text.HAL_UART_MspInit
                0x080005a8       0x78 CMakeFiles/RTOS_V1.elf.dir/Core/Src/usart.c.obj
                0x080005a8                HAL_UART_MspInit
 .text.HAL_InitTick
                0x08000620       0x4c CMakeFiles/RTOS_V1.elf.dir/Drivers/STM32F1xx_HAL_Driver/Src/stm32f1xx_hal.c.obj
                0x08000620                HAL_InitTick
 .text.HAL_Init
                0x0800066c       0x24 CMakeFiles/RTOS_V1.elf.dir/Drivers/STM32F1xx_HAL_Driver/Src/stm32f1xx_hal.c.obj
                0x0800066c                HAL_Init
 .text.HAL_IncTick
                0x08000690       0x18 CMakeFiles/RTOS_V1.elf.dir/Drivers/STM32F1xx_HAL_Driver/Src/stm32f1xx_hal.c.obj
                0x08000690                HAL_IncTick
 .text.HAL_GetTick
                0x080006a8        0xc CMakeFiles/RTOS_V1.elf.dir/Drivers/STM32F1xx_HAL_Driver/Src/stm32f1xx_hal.c.obj
                0x080006a8                HAL_GetTick
 .text.HAL_NVIC_SetPriorityGrouping
                0x080006b4       0x24 CMakeFiles/RTOS_V1.elf.dir/Drivers/STM32F1xx_HAL_Driver/Src/stm32f1xx_hal_cortex.c.obj
                0x080006b4                HAL_NVIC_SetPriorityGrouping
 .text.HAL_NVIC_SetPriority
                0x080006d8       0x70 CMakeFiles/RTOS_V1.elf.dir/Drivers/STM32F1xx_HAL_Driver/Src/stm32f1xx_hal_cortex.c.obj
                0x080006d8                HAL_NVIC_SetPriority
 .text.HAL_SYSTICK_Config
                0x08000748       0x28 CMakeFiles/RTOS_V1.elf.dir/Drivers/STM32F1xx_HAL_Driver/Src/stm32f1xx_hal_cortex.c.obj
                0x08000748                HAL_SYSTICK_Config
 .text.HAL_GPIO_Init
                0x08000770      0x224 CMakeFiles/RTOS_V1.elf.dir/Drivers/STM32F1xx_HAL_Driver/Src/stm32f1xx_hal_gpio.c.obj
                0x08000770                HAL_GPIO_Init
 .text.RCC_Delay
                0x08000994       0x2c CMakeFiles/RTOS_V1.elf.dir/Drivers/STM32F1xx_HAL_Driver/Src/stm32f1xx_hal_rcc.c.obj
 .text.HAL_RCC_OscConfig
                0x080009c0      0x410 CMakeFiles/RTOS_V1.elf.dir/Drivers/STM32F1xx_HAL_Driver/Src/stm32f1xx_hal_rcc.c.obj
                0x080009c0                HAL_RCC_OscConfig
 .text.HAL_RCC_GetSysClockFreq
                0x08000dd0       0x70 CMakeFiles/RTOS_V1.elf.dir/Drivers/STM32F1xx_HAL_Driver/Src/stm32f1xx_hal_rcc.c.obj
                0x08000dd0                HAL_RCC_GetSysClockFreq
 .text.HAL_RCC_ClockConfig
                0x08000e40      0x16c CMakeFiles/RTOS_V1.elf.dir/Drivers/STM32F1xx_HAL_Driver/Src/stm32f1xx_hal_rcc.c.obj
                0x08000e40                HAL_RCC_ClockConfig
 .text.HAL_RCC_GetHCLKFreq
                0x08000fac        0xc CMakeFiles/RTOS_V1.elf.dir/Drivers/STM32F1xx_HAL_Driver/Src/stm32f1xx_hal_rcc.c.obj
                0x08000fac                HAL_RCC_GetHCLKFreq
 .text.HAL_RCC_GetPCLK1Freq
                0x08000fb8       0x20 CMakeFiles/RTOS_V1.elf.dir/Drivers/STM32F1xx_HAL_Driver/Src/stm32f1xx_hal_rcc.c.obj
                0x08000fb8                HAL_RCC_GetPCLK1Freq
 .text.HAL_RCC_GetPCLK2Freq
                0x08000fd8       0x20 CMakeFiles/RTOS_V1.elf.dir/Drivers/STM32F1xx_HAL_Driver/Src/stm32f1xx_hal_rcc.c.obj
                0x08000fd8                HAL_RCC_GetPCLK2Freq
 .text.UART_SetConfig
                0x08000ff8       0x94 CMakeFiles/RTOS_V1.elf.dir/Drivers/STM32F1xx_HAL_Driver/Src/stm32f1xx_hal_uart.c.obj
 .text.UART_WaitOnFlagUntilTimeout
                0x0800108c       0x6c CMakeFiles/RTOS_V1.elf.dir/Drivers/STM32F1xx_HAL_Driver/Src/stm32f1xx_hal_uart.c.obj
 .text.HAL_UART_Init
                0x080010f8       0x5e CMakeFiles/RTOS_V1.elf.dir/Drivers/STM32F1xx_HAL_Driver/Src/stm32f1xx_hal_uart.c.obj
                0x080010f8                HAL_UART_Init
 .text.HAL_UART_Transmit
                0x08001156       0xd8 CMakeFiles/RTOS_V1.elf.dir/Drivers/STM32F1xx_HAL_Driver/Src/stm32f1xx_hal_uart.c.obj
                0x08001156                HAL_UART_Transmit
 .text.makeFreeRtosPriority
                0x0800122e        0xc CMakeFiles/RTOS_V1.elf.dir/Middlewares/Third_Party/FreeRTOS/Source/CMSIS_RTOS/cmsis_os.c.obj
 .text.makeCmsisPriority
                0x0800123a        0xe CMakeFiles/RTOS_V1.elf.dir/Middlewares/Third_Party/FreeRTOS/Source/CMSIS_RTOS/cmsis_os.c.obj
 .text.inHandlerMode
                0x08001248        0xc CMakeFiles/RTOS_V1.elf.dir/Middlewares/Third_Party/FreeRTOS/Source/CMSIS_RTOS/cmsis_os.c.obj
 .text.osKernelStart
                0x08001254        0xa CMakeFiles/RTOS_V1.elf.dir/Middlewares/Third_Party/FreeRTOS/Source/CMSIS_RTOS/cmsis_os.c.obj
                0x08001254                osKernelStart
 .text.osThreadCreate
                0x0800125e       0x6a CMakeFiles/RTOS_V1.elf.dir/Middlewares/Third_Party/FreeRTOS/Source/CMSIS_RTOS/cmsis_os.c.obj
                0x0800125e                osThreadCreate
 .text.osThreadGetId
                0x080012c8        0x8 CMakeFiles/RTOS_V1.elf.dir/Middlewares/Third_Party/FreeRTOS/Source/CMSIS_RTOS/cmsis_os.c.obj
                0x080012c8                osThreadGetId
 .text.osThreadSetPriority
                0x080012d0       0x16 CMakeFiles/RTOS_V1.elf.dir/Middlewares/Third_Party/FreeRTOS/Source/CMSIS_RTOS/cmsis_os.c.obj
                0x080012d0                osThreadSetPriority
 .text.osThreadGetPriority
                0x080012e6       0x22 CMakeFiles/RTOS_V1.elf.dir/Middlewares/Third_Party/FreeRTOS/Source/CMSIS_RTOS/cmsis_os.c.obj
                0x080012e6                osThreadGetPriority
 .text.osDelay  0x08001308        0xe CMakeFiles/RTOS_V1.elf.dir/Middlewares/Third_Party/FreeRTOS/Source/CMSIS_RTOS/cmsis_os.c.obj
                0x08001308                osDelay
 .text.vListInitialise
                0x08001316       0x16 CMakeFiles/RTOS_V1.elf.dir/Middlewares/Third_Party/FreeRTOS/Source/list.c.obj
                0x08001316                vListInitialise
 .text.vListInitialiseItem
                0x0800132c        0x6 CMakeFiles/RTOS_V1.elf.dir/Middlewares/Third_Party/FreeRTOS/Source/list.c.obj
                0x0800132c                vListInitialiseItem
 .text.vListInsertEnd
                0x08001332       0x16 CMakeFiles/RTOS_V1.elf.dir/Middlewares/Third_Party/FreeRTOS/Source/list.c.obj
                0x08001332                vListInsertEnd
 .text.vListInsert
                0x08001348       0x32 CMakeFiles/RTOS_V1.elf.dir/Middlewares/Third_Party/FreeRTOS/Source/list.c.obj
                0x08001348                vListInsert
 .text.uxListRemove
                0x0800137a       0x26 CMakeFiles/RTOS_V1.elf.dir/Middlewares/Third_Party/FreeRTOS/Source/list.c.obj
                0x0800137a                uxListRemove
 .text.prvTaskExitError
                0x080013a0       0x40 CMakeFiles/RTOS_V1.elf.dir/Middlewares/Third_Party/FreeRTOS/Source/portable/GCC/ARM_CM3/port.c.obj
 .text.prvPortStartFirstTask
                0x080013e0       0x20 CMakeFiles/RTOS_V1.elf.dir/Middlewares/Third_Party/FreeRTOS/Source/portable/GCC/ARM_CM3/port.c.obj
 .text.pxPortInitialiseStack
                0x08001400       0x24 CMakeFiles/RTOS_V1.elf.dir/Middlewares/Third_Party/FreeRTOS/Source/portable/GCC/ARM_CM3/port.c.obj
                0x08001400                pxPortInitialiseStack
 *fill*         0x08001424        0xc 
 .text.SVC_Handler
                0x08001430       0x24 CMakeFiles/RTOS_V1.elf.dir/Middlewares/Third_Party/FreeRTOS/Source/portable/GCC/ARM_CM3/port.c.obj
                0x08001430                SVC_Handler
 .text.vPortEnterCritical
                0x08001454       0x44 CMakeFiles/RTOS_V1.elf.dir/Middlewares/Third_Party/FreeRTOS/Source/portable/GCC/ARM_CM3/port.c.obj
                0x08001454                vPortEnterCritical
 .text.vPortExitCritical
                0x08001498       0x2c CMakeFiles/RTOS_V1.elf.dir/Middlewares/Third_Party/FreeRTOS/Source/portable/GCC/ARM_CM3/port.c.obj
                0x08001498                vPortExitCritical
 *fill*         0x080014c4        0xc 
 .text.PendSV_Handler
                0x080014d0       0x44 CMakeFiles/RTOS_V1.elf.dir/Middlewares/Third_Party/FreeRTOS/Source/portable/GCC/ARM_CM3/port.c.obj
                0x080014d0                PendSV_Handler
 .text.xPortSysTickHandler
                0x08001514       0x2c CMakeFiles/RTOS_V1.elf.dir/Middlewares/Third_Party/FreeRTOS/Source/portable/GCC/ARM_CM3/port.c.obj
                0x08001514                xPortSysTickHandler
 .text.vPortSetupTimerInterrupt
                0x08001540       0x28 CMakeFiles/RTOS_V1.elf.dir/Middlewares/Third_Party/FreeRTOS/Source/portable/GCC/ARM_CM3/port.c.obj
                0x08001540                vPortSetupTimerInterrupt
 .text.xPortStartScheduler
                0x08001568       0xc0 CMakeFiles/RTOS_V1.elf.dir/Middlewares/Third_Party/FreeRTOS/Source/portable/GCC/ARM_CM3/port.c.obj
                0x08001568                xPortStartScheduler
 .text.vPortValidateInterruptPriority
                0x08001628       0x5c CMakeFiles/RTOS_V1.elf.dir/Middlewares/Third_Party/FreeRTOS/Source/portable/GCC/ARM_CM3/port.c.obj
                0x08001628                vPortValidateInterruptPriority
 .text.pvPortMalloc
                0x08001684       0x18 CMakeFiles/RTOS_V1.elf.dir/Middlewares/Third_Party/FreeRTOS/Source/portable/MemMang/heap_3.c.obj
                0x08001684                pvPortMalloc
 .text.vPortFree
                0x0800169c       0x18 CMakeFiles/RTOS_V1.elf.dir/Middlewares/Third_Party/FreeRTOS/Source/portable/MemMang/heap_3.c.obj
                0x0800169c                vPortFree
 .text.prvResetNextTaskUnblockTime
                0x080016b4       0x2c CMakeFiles/RTOS_V1.elf.dir/Middlewares/Third_Party/FreeRTOS/Source/tasks.c.obj
 .text.prvInitialiseNewTask
                0x080016e0       0x94 CMakeFiles/RTOS_V1.elf.dir/Middlewares/Third_Party/FreeRTOS/Source/tasks.c.obj
 .text.prvInitialiseTaskLists
                0x08001774       0x68 CMakeFiles/RTOS_V1.elf.dir/Middlewares/Third_Party/FreeRTOS/Source/tasks.c.obj
 .text.prvAddNewTaskToReadyList
                0x080017dc       0xa8 CMakeFiles/RTOS_V1.elf.dir/Middlewares/Third_Party/FreeRTOS/Source/tasks.c.obj
 .text.prvDeleteTCB
                0x08001884       0x38 CMakeFiles/RTOS_V1.elf.dir/Middlewares/Third_Party/FreeRTOS/Source/tasks.c.obj
 .text.prvCheckTasksWaitingTermination
                0x080018bc       0x4c CMakeFiles/RTOS_V1.elf.dir/Middlewares/Third_Party/FreeRTOS/Source/tasks.c.obj
 .text.prvIdleTask
                0x08001908       0x28 CMakeFiles/RTOS_V1.elf.dir/Middlewares/Third_Party/FreeRTOS/Source/tasks.c.obj
 .text.prvAddCurrentTaskToDelayedList
                0x08001930       0x98 CMakeFiles/RTOS_V1.elf.dir/Middlewares/Third_Party/FreeRTOS/Source/tasks.c.obj
 .text.xTaskCreateStatic
                0x080019c8       0x74 CMakeFiles/RTOS_V1.elf.dir/Middlewares/Third_Party/FreeRTOS/Source/tasks.c.obj
                0x080019c8                xTaskCreateStatic
 .text.xTaskCreate
                0x08001a3c       0x68 CMakeFiles/RTOS_V1.elf.dir/Middlewares/Third_Party/FreeRTOS/Source/tasks.c.obj
                0x08001a3c                xTaskCreate
 .text.uxTaskPriorityGet
                0x08001aa4       0x20 CMakeFiles/RTOS_V1.elf.dir/Middlewares/Third_Party/FreeRTOS/Source/tasks.c.obj
                0x08001aa4                uxTaskPriorityGet
 .text.uxTaskPriorityGetFromISR
                0x08001ac4       0x30 CMakeFiles/RTOS_V1.elf.dir/Middlewares/Third_Party/FreeRTOS/Source/tasks.c.obj
                0x08001ac4                uxTaskPriorityGetFromISR
 .text.vTaskPrioritySet
                0x08001af4       0xe8 CMakeFiles/RTOS_V1.elf.dir/Middlewares/Third_Party/FreeRTOS/Source/tasks.c.obj
                0x08001af4                vTaskPrioritySet
 .text.vTaskStartScheduler
                0x08001bdc       0x74 CMakeFiles/RTOS_V1.elf.dir/Middlewares/Third_Party/FreeRTOS/Source/tasks.c.obj
                0x08001bdc                vTaskStartScheduler
 .text.vTaskSuspendAll
                0x08001c50       0x10 CMakeFiles/RTOS_V1.elf.dir/Middlewares/Third_Party/FreeRTOS/Source/tasks.c.obj
                0x08001c50                vTaskSuspendAll
 .text.xTaskIncrementTick
                0x08001c60      0x118 CMakeFiles/RTOS_V1.elf.dir/Middlewares/Third_Party/FreeRTOS/Source/tasks.c.obj
                0x08001c60                xTaskIncrementTick
 .text.xTaskResumeAll
                0x08001d78       0xf8 CMakeFiles/RTOS_V1.elf.dir/Middlewares/Third_Party/FreeRTOS/Source/tasks.c.obj
                0x08001d78                xTaskResumeAll
 .text.vTaskDelay
                0x08001e70       0x4c CMakeFiles/RTOS_V1.elf.dir/Middlewares/Third_Party/FreeRTOS/Source/tasks.c.obj
                0x08001e70                vTaskDelay
 .text.vTaskSwitchContext
                0x08001ebc       0x98 CMakeFiles/RTOS_V1.elf.dir/Middlewares/Third_Party/FreeRTOS/Source/tasks.c.obj
                0x08001ebc                vTaskSwitchContext
 .text.xTaskGetCurrentTaskHandle
                0x08001f54        0xc CMakeFiles/RTOS_V1.elf.dir/Middlewares/Third_Party/FreeRTOS/Source/tasks.c.obj
                0x08001f54                xTaskGetCurrentTaskHandle
 .text.xTaskGetSchedulerState
                0x08001f60       0x20 CMakeFiles/RTOS_V1.elf.dir/Middlewares/Third_Party/FreeRTOS/Source/tasks.c.obj
                0x08001f60                xTaskGetSchedulerState
 .text.Reset_Handler
                0x08001f80       0x48 CMakeFiles/RTOS_V1.elf.dir/startup/startup_stm32f103xb.s.obj
                0x08001f80                Reset_Handler
 .text.Default_Handler
                0x08001fc8        0x2 CMakeFiles/RTOS_V1.elf.dir/startup/startup_stm32f103xb.s.obj
                0x08001fc8                RTC_Alarm_IRQHandler
                0x08001fc8                EXTI2_IRQHandler
                0x08001fc8                TIM1_CC_IRQHandler
                0x08001fc8                PVD_IRQHandler
                0x08001fc8                EXTI3_IRQHandler
                0x08001fc8                EXTI0_IRQHandler
                0x08001fc8                I2C2_EV_IRQHandler
                0x08001fc8                ADC1_2_IRQHandler
                0x08001fc8                SPI1_IRQHandler
                0x08001fc8                TAMPER_IRQHandler
                0x08001fc8                DMA1_Channel4_IRQHandler
                0x08001fc8                USART3_IRQHandler
                0x08001fc8                RTC_IRQHandler
                0x08001fc8                DMA1_Channel7_IRQHandler
                0x08001fc8                CAN1_RX1_IRQHandler
                0x08001fc8                TIM4_IRQHandler
                0x08001fc8                I2C1_EV_IRQHandler
                0x08001fc8                DMA1_Channel6_IRQHandler
                0x08001fc8                TIM3_IRQHandler
                0x08001fc8                RCC_IRQHandler
                0x08001fc8                TIM1_TRG_COM_IRQHandler
                0x08001fc8                DMA1_Channel1_IRQHandler
                0x08001fc8                Default_Handler
                0x08001fc8                EXTI15_10_IRQHandler
                0x08001fc8                EXTI9_5_IRQHandler
                0x08001fc8                SPI2_IRQHandler
                0x08001fc8                DMA1_Channel5_IRQHandler
                0x08001fc8                EXTI4_IRQHandler
                0x08001fc8                USB_LP_CAN1_RX0_IRQHandler
                0x08001fc8                USB_HP_CAN1_TX_IRQHandler
                0x08001fc8                DMA1_Channel3_IRQHandler
                0x08001fc8                TIM1_UP_IRQHandler
                0x08001fc8                WWDG_IRQHandler
                0x08001fc8                TIM2_IRQHandler
                0x08001fc8                TIM1_BRK_IRQHandler
                0x08001fc8                EXTI1_IRQHandler
                0x08001fc8                USART2_IRQHandler
                0x08001fc8                I2C2_ER_IRQHandler
                0x08001fc8                DMA1_Channel2_IRQHandler
                0x08001fc8                CAN1_SCE_IRQHandler
                0x08001fc8                FLASH_IRQHandler
                0x08001fc8                USART1_IRQHandler
                0x08001fc8                I2C1_ER_IRQHandler
                0x08001fc8                USBWakeUp_IRQHandler
 *fill*         0x08001fca        0x2 
 .text.__errno  0x08001fcc        0xc c:/progra~2/gnuarm~1/102021~1.10/bin/../lib/gcc/arm-none-eabi/10.3.1/../../../../arm-none-eabi/lib/thumb/v7-m/nofp\libg.a(lib_a-errno.o)
                0x08001fcc                __errno
 .text.__libc_init_array
                0x08001fd8       0x48 c:/progra~2/gnuarm~1/102021~1.10/bin/../lib/gcc/arm-none-eabi/10.3.1/../../../../arm-none-eabi/lib/thumb/v7-m/nofp\libg.a(lib_a-init.o)
                0x08001fd8                __libc_init_array
 .text.malloc   0x08002020       0x10 c:/progra~2/gnuarm~1/102021~1.10/bin/../lib/gcc/arm-none-eabi/10.3.1/../../../../arm-none-eabi/lib/thumb/v7-m/nofp\libg.a(lib_a-malloc.o)
                0x08002020                malloc
 .text.free     0x08002030       0x10 c:/progra~2/gnuarm~1/102021~1.10/bin/../lib/gcc/arm-none-eabi/10.3.1/../../../../arm-none-eabi/lib/thumb/v7-m/nofp\libg.a(lib_a-malloc.o)
                0x08002030                free
 .text._malloc_r
                0x08002040      0x558 c:/progra~2/gnuarm~1/102021~1.10/bin/../lib/gcc/arm-none-eabi/10.3.1/../../../../arm-none-eabi/lib/thumb/v7-m/nofp\libg.a(lib_a-mallocr.o)
                0x08002040                _malloc_r
 .text.memset   0x08002598       0xa4 c:/progra~2/gnuarm~1/102021~1.10/bin/../lib/gcc/arm-none-eabi/10.3.1/../../../../arm-none-eabi/lib/thumb/v7-m/nofp\libg.a(lib_a-memset.o)
                0x08002598                memset
 .text.__malloc_lock
                0x0800263c        0xc c:/progra~2/gnuarm~1/102021~1.10/bin/../lib/gcc/arm-none-eabi/10.3.1/../../../../arm-none-eabi/lib/thumb/v7-m/nofp\libg.a(lib_a-mlock.o)
                0x0800263c                __malloc_lock
 .text.__malloc_unlock
                0x08002648        0xc c:/progra~2/gnuarm~1/102021~1.10/bin/../lib/gcc/arm-none-eabi/10.3.1/../../../../arm-none-eabi/lib/thumb/v7-m/nofp\libg.a(lib_a-mlock.o)
                0x08002648                __malloc_unlock
 .text._puts_r  0x08002654       0x9c c:/progra~2/gnuarm~1/102021~1.10/bin/../lib/gcc/arm-none-eabi/10.3.1/../../../../arm-none-eabi/lib/thumb/v7-m/nofp\libg.a(lib_a-puts.o)
                0x08002654                _puts_r
 .text.puts     0x080026f0       0x10 c:/progra~2/gnuarm~1/102021~1.10/bin/../lib/gcc/arm-none-eabi/10.3.1/../../../../arm-none-eabi/lib/thumb/v7-m/nofp\libg.a(lib_a-puts.o)
                0x080026f0                puts
 .text._sbrk_r  0x08002700       0x24 c:/progra~2/gnuarm~1/102021~1.10/bin/../lib/gcc/arm-none-eabi/10.3.1/../../../../arm-none-eabi/lib/thumb/v7-m/nofp\libg.a(lib_a-sbrkr.o)
                0x08002700                _sbrk_r
 .text.setvbuf  0x08002724      0x1b0 c:/progra~2/gnuarm~1/102021~1.10/bin/../lib/gcc/arm-none-eabi/10.3.1/../../../../arm-none-eabi/lib/thumb/v7-m/nofp\libg.a(lib_a-setvbuf.o)
                0x08002724                setvbuf
 .text.strlen   0x080028d4       0x5c c:/progra~2/gnuarm~1/102021~1.10/bin/../lib/gcc/arm-none-eabi/10.3.1/../../../../arm-none-eabi/lib/thumb/v7-m/nofp\libg.a(lib_a-strlen-stub.o)
                0x080028d4                strlen
 .text.startup.register_fini
                0x08002930       0x14 c:/progra~2/gnuarm~1/102021~1.10/bin/../lib/gcc/arm-none-eabi/10.3.1/../../../../arm-none-eabi/lib/thumb/v7-m/nofp\libg.a(lib_a-__call_atexit.o)
 .text.atexit   0x08002944        0xc c:/progra~2/gnuarm~1/102021~1.10/bin/../lib/gcc/arm-none-eabi/10.3.1/../../../../arm-none-eabi/lib/thumb/v7-m/nofp\libg.a(lib_a-atexit.o)
                0x08002944                atexit
 .text.__sflush_r
                0x08002950      0x124 c:/progra~2/gnuarm~1/102021~1.10/bin/../lib/gcc/arm-none-eabi/10.3.1/../../../../arm-none-eabi/lib/thumb/v7-m/nofp\libg.a(lib_a-fflush.o)
                0x08002950                __sflush_r
 .text._fflush_r
                0x08002a74       0x5c c:/progra~2/gnuarm~1/102021~1.10/bin/../lib/gcc/arm-none-eabi/10.3.1/../../../../arm-none-eabi/lib/thumb/v7-m/nofp\libg.a(lib_a-fflush.o)
                0x08002a74                _fflush_r
 .text._cleanup_r
                0x08002ad0        0xc c:/progra~2/gnuarm~1/102021~1.10/bin/../lib/gcc/arm-none-eabi/10.3.1/../../../../arm-none-eabi/lib/thumb/v7-m/nofp\libg.a(lib_a-findfp.o)
                0x08002ad0                _cleanup_r
 .text.__sinit  0x08002adc      0x10c c:/progra~2/gnuarm~1/102021~1.10/bin/../lib/gcc/arm-none-eabi/10.3.1/../../../../arm-none-eabi/lib/thumb/v7-m/nofp\libg.a(lib_a-findfp.o)
                0x08002adc                __sinit
 .text.__sfp_lock_acquire
                0x08002be8        0xc c:/progra~2/gnuarm~1/102021~1.10/bin/../lib/gcc/arm-none-eabi/10.3.1/../../../../arm-none-eabi/lib/thumb/v7-m/nofp\libg.a(lib_a-findfp.o)
                0x08002be8                __sfp_lock_acquire
 .text.__sfp_lock_release
                0x08002bf4        0xc c:/progra~2/gnuarm~1/102021~1.10/bin/../lib/gcc/arm-none-eabi/10.3.1/../../../../arm-none-eabi/lib/thumb/v7-m/nofp\libg.a(lib_a-findfp.o)
                0x08002bf4                __sfp_lock_release
 .text.__libc_fini_array
                0x08002c00       0x2c c:/progra~2/gnuarm~1/102021~1.10/bin/../lib/gcc/arm-none-eabi/10.3.1/../../../../arm-none-eabi/lib/thumb/v7-m/nofp\libg.a(lib_a-fini.o)
                0x08002c00                __libc_fini_array
 .text._malloc_trim_r
                0x08002c2c       0xa0 c:/progra~2/gnuarm~1/102021~1.10/bin/../lib/gcc/arm-none-eabi/10.3.1/../../../../arm-none-eabi/lib/thumb/v7-m/nofp\libg.a(lib_a-freer.o)
                0x08002c2c                _malloc_trim_r
 .text._free_r  0x08002ccc      0x200 c:/progra~2/gnuarm~1/102021~1.10/bin/../lib/gcc/arm-none-eabi/10.3.1/../../../../arm-none-eabi/lib/thumb/v7-m/nofp\libg.a(lib_a-freer.o)
                0x08002ccc                _free_r
 .text.__sfvwrite_r
                0x08002ecc      0x2f0 c:/progra~2/gnuarm~1/102021~1.10/bin/../lib/gcc/arm-none-eabi/10.3.1/../../../../arm-none-eabi/lib/thumb/v7-m/nofp\libg.a(lib_a-fvwrite.o)
                0x08002ecc                __sfvwrite_r
 .text._fwalk_reent
                0x080031bc       0x48 c:/progra~2/gnuarm~1/102021~1.10/bin/../lib/gcc/arm-none-eabi/10.3.1/../../../../arm-none-eabi/lib/thumb/v7-m/nofp\libg.a(lib_a-fwalk.o)
                0x080031bc                _fwalk_reent
 .text.__retarget_lock_init_recursive
                0x08003204        0x4 c:/progra~2/gnuarm~1/102021~1.10/bin/../lib/gcc/arm-none-eabi/10.3.1/../../../../arm-none-eabi/lib/thumb/v7-m/nofp\libg.a(lib_a-lock.o)
                0x08003204                __retarget_lock_init_recursive
 .text.__retarget_lock_close_recursive
                0x08003208        0x4 c:/progra~2/gnuarm~1/102021~1.10/bin/../lib/gcc/arm-none-eabi/10.3.1/../../../../arm-none-eabi/lib/thumb/v7-m/nofp\libg.a(lib_a-lock.o)
                0x08003208                __retarget_lock_close_recursive
 .text.__retarget_lock_acquire_recursive
                0x0800320c        0x4 c:/progra~2/gnuarm~1/102021~1.10/bin/../lib/gcc/arm-none-eabi/10.3.1/../../../../arm-none-eabi/lib/thumb/v7-m/nofp\libg.a(lib_a-lock.o)
                0x0800320c                __retarget_lock_acquire_recursive
 .text.__retarget_lock_release_recursive
                0x08003210        0x4 c:/progra~2/gnuarm~1/102021~1.10/bin/../lib/gcc/arm-none-eabi/10.3.1/../../../../arm-none-eabi/lib/thumb/v7-m/nofp\libg.a(lib_a-lock.o)
                0x08003210                __retarget_lock_release_recursive
 .text.__smakebuf_r
                0x08003214       0xe0 c:/progra~2/gnuarm~1/102021~1.10/bin/../lib/gcc/arm-none-eabi/10.3.1/../../../../arm-none-eabi/lib/thumb/v7-m/nofp\libg.a(lib_a-makebuf.o)
                0x08003214                __smakebuf_r
 .text.__swhatbuf_r
                0x080032f4       0x60 c:/progra~2/gnuarm~1/102021~1.10/bin/../lib/gcc/arm-none-eabi/10.3.1/../../../../arm-none-eabi/lib/thumb/v7-m/nofp\libg.a(lib_a-makebuf.o)
                0x080032f4                __swhatbuf_r
 .text.memchr   0x08003354       0x90 c:/progra~2/gnuarm~1/102021~1.10/bin/../lib/gcc/arm-none-eabi/10.3.1/../../../../arm-none-eabi/lib/thumb/v7-m/nofp\libg.a(lib_a-memchr-stub.o)
                0x08003354                memchr
 .text.memmove  0x080033e4       0xf8 c:/progra~2/gnuarm~1/102021~1.10/bin/../lib/gcc/arm-none-eabi/10.3.1/../../../../arm-none-eabi/lib/thumb/v7-m/nofp\libg.a(lib_a-memmove.o)
                0x080033e4                memmove
 .text._realloc_r
                0x080034dc      0x3dc c:/progra~2/gnuarm~1/102021~1.10/bin/../lib/gcc/arm-none-eabi/10.3.1/../../../../arm-none-eabi/lib/thumb/v7-m/nofp\libg.a(lib_a-reallocr.o)
                0x080034dc                _realloc_r
 .text.__sread  0x080038b8       0x24 c:/progra~2/gnuarm~1/102021~1.10/bin/../lib/gcc/arm-none-eabi/10.3.1/../../../../arm-none-eabi/lib/thumb/v7-m/nofp\libg.a(lib_a-stdio.o)
                0x080038b8                __sread
 .text.__swrite
                0x080038dc       0x40 c:/progra~2/gnuarm~1/102021~1.10/bin/../lib/gcc/arm-none-eabi/10.3.1/../../../../arm-none-eabi/lib/thumb/v7-m/nofp\libg.a(lib_a-stdio.o)
                0x080038dc                __swrite
 .text.__sseek  0x0800391c       0x20 c:/progra~2/gnuarm~1/102021~1.10/bin/../lib/gcc/arm-none-eabi/10.3.1/../../../../arm-none-eabi/lib/thumb/v7-m/nofp\libg.a(lib_a-stdio.o)
                0x0800391c                __sseek
 .text.__sclose
                0x0800393c        0x8 c:/progra~2/gnuarm~1/102021~1.10/bin/../lib/gcc/arm-none-eabi/10.3.1/../../../../arm-none-eabi/lib/thumb/v7-m/nofp\libg.a(lib_a-stdio.o)
                0x0800393c                __sclose
 .text._write_r
                0x08003944       0x2c c:/progra~2/gnuarm~1/102021~1.10/bin/../lib/gcc/arm-none-eabi/10.3.1/../../../../arm-none-eabi/lib/thumb/v7-m/nofp\libg.a(lib_a-writer.o)
                0x08003944                _write_r
 .text.__swsetup_r
                0x08003970       0xd4 c:/progra~2/gnuarm~1/102021~1.10/bin/../lib/gcc/arm-none-eabi/10.3.1/../../../../arm-none-eabi/lib/thumb/v7-m/nofp\libg.a(lib_a-wsetup.o)
                0x08003970                __swsetup_r
 .text.__register_exitproc
                0x08003a44       0x8c c:/progra~2/gnuarm~1/102021~1.10/bin/../lib/gcc/arm-none-eabi/10.3.1/../../../../arm-none-eabi/lib/thumb/v7-m/nofp\libg.a(lib_a-__atexit.o)
                0x08003a44                __register_exitproc
 .text._close_r
                0x08003ad0       0x24 c:/progra~2/gnuarm~1/102021~1.10/bin/../lib/gcc/arm-none-eabi/10.3.1/../../../../arm-none-eabi/lib/thumb/v7-m/nofp\libg.a(lib_a-closer.o)
                0x08003ad0                _close_r
 .text._fclose_r
                0x08003af4       0xcc c:/progra~2/gnuarm~1/102021~1.10/bin/../lib/gcc/arm-none-eabi/10.3.1/../../../../arm-none-eabi/lib/thumb/v7-m/nofp\libg.a(lib_a-fclose.o)
                0x08003af4                _fclose_r
 .text._fstat_r
                0x08003bc0       0x28 c:/progra~2/gnuarm~1/102021~1.10/bin/../lib/gcc/arm-none-eabi/10.3.1/../../../../arm-none-eabi/lib/thumb/v7-m/nofp\libg.a(lib_a-fstatr.o)
                0x08003bc0                _fstat_r
 .text._isatty_r
                0x08003be8       0x24 c:/progra~2/gnuarm~1/102021~1.10/bin/../lib/gcc/arm-none-eabi/10.3.1/../../../../arm-none-eabi/lib/thumb/v7-m/nofp\libg.a(lib_a-isattyr.o)
                0x08003be8                _isatty_r
 .text._lseek_r
                0x08003c0c       0x2c c:/progra~2/gnuarm~1/102021~1.10/bin/../lib/gcc/arm-none-eabi/10.3.1/../../../../arm-none-eabi/lib/thumb/v7-m/nofp\libg.a(lib_a-lseekr.o)
                0x08003c0c                _lseek_r
 .text._read_r  0x08003c38       0x2c c:/progra~2/gnuarm~1/102021~1.10/bin/../lib/gcc/arm-none-eabi/10.3.1/../../../../arm-none-eabi/lib/thumb/v7-m/nofp\libg.a(lib_a-readr.o)
                0x08003c38                _read_r
 *(.glue_7)
 .glue_7        0x08003c64        0x0 linker stubs
 *(.glue_7t)
 .glue_7t       0x08003c64        0x0 linker stubs
 *(.eh_frame)
 .eh_frame      0x08003c64        0x0 c:/progra~2/gnuarm~1/102021~1.10/bin/../lib/gcc/arm-none-eabi/10.3.1/thumb/v7-m/nofp/crtbegin.o
 *(.init)
 .init          0x08003c64        0x4 c:/progra~2/gnuarm~1/102021~1.10/bin/../lib/gcc/arm-none-eabi/10.3.1/thumb/v7-m/nofp/crti.o
                0x08003c64                _init
 .init          0x08003c68        0x8 c:/progra~2/gnuarm~1/102021~1.10/bin/../lib/gcc/arm-none-eabi/10.3.1/thumb/v7-m/nofp/crtn.o
 *(.fini)
 .fini          0x08003c70        0x4 c:/progra~2/gnuarm~1/102021~1.10/bin/../lib/gcc/arm-none-eabi/10.3.1/thumb/v7-m/nofp/crti.o
                0x08003c70                _fini
 .fini          0x08003c74        0x8 c:/progra~2/gnuarm~1/102021~1.10/bin/../lib/gcc/arm-none-eabi/10.3.1/thumb/v7-m/nofp/crtn.o
                0x08003c7c                . = ALIGN (0x4)
                0x08003c7c                _etext = .

.vfp11_veneer   0x08003c7c        0x0
 .vfp11_veneer  0x08003c7c        0x0 linker stubs

.v4_bx          0x08003c7c        0x0
 .v4_bx         0x08003c7c        0x0 linker stubs

.iplt           0x08003c7c        0x0
 .iplt          0x08003c7c        0x0 c:/progra~2/gnuarm~1/102021~1.10/bin/../lib/gcc/arm-none-eabi/10.3.1/thumb/v7-m/nofp/crtbegin.o

.rodata         0x08003c7c       0xec
                0x08003c7c                . = ALIGN (0x4)
 *(.rodata)
 .rodata        0x08003c7c       0x54 CMakeFiles/RTOS_V1.elf.dir/Core/RTOS/Task/init_Task.c.obj
 *(.rodata*)
 .rodata.StartTask02.str1.4
                0x08003cd0       0x1c CMakeFiles/RTOS_V1.elf.dir/Core/RTOS/Task/Task1.c.obj
 .rodata.StartTask03.str1.4
                0x08003cec       0x19 CMakeFiles/RTOS_V1.elf.dir/Core/RTOS/Task/Task2.c.obj
 *fill*         0x08003d05        0x3 
 .rodata.str1.4
                0x08003d08       0x21 CMakeFiles/RTOS_V1.elf.dir/Core/RTOS/Task/init_Task.c.obj
 *fill*         0x08003d29        0x3 
 .rodata.AHBPrescTable
                0x08003d2c       0x10 CMakeFiles/RTOS_V1.elf.dir/Core/Src/system_stm32f1xx.c.obj
                0x08003d2c                AHBPrescTable
 .rodata.APBPrescTable
                0x08003d3c        0x8 CMakeFiles/RTOS_V1.elf.dir/Core/Src/system_stm32f1xx.c.obj
                0x08003d3c                APBPrescTable
 .rodata.HAL_RCC_GetSysClockFreq.str1.4
                0x08003d44       0x11 CMakeFiles/RTOS_V1.elf.dir/Drivers/STM32F1xx_HAL_Driver/Src/stm32f1xx_hal_rcc.c.obj
 *fill*         0x08003d55        0x3 
 .rodata.vTaskStartScheduler.str1.4
                0x08003d58        0x5 CMakeFiles/RTOS_V1.elf.dir/Middlewares/Third_Party/FreeRTOS/Source/tasks.c.obj
 *fill*         0x08003d5d        0x3 
 .rodata._global_impure_ptr
                0x08003d60        0x4 c:/progra~2/gnuarm~1/102021~1.10/bin/../lib/gcc/arm-none-eabi/10.3.1/../../../../arm-none-eabi/lib/thumb/v7-m/nofp\libg.a(lib_a-impure.o)
                0x08003d60                _global_impure_ptr
 .rodata._puts_r.str1.4
                0x08003d64        0x2 c:/progra~2/gnuarm~1/102021~1.10/bin/../lib/gcc/arm-none-eabi/10.3.1/../../../../arm-none-eabi/lib/thumb/v7-m/nofp\libg.a(lib_a-puts.o)
                0x08003d68                . = ALIGN (0x4)
 *fill*         0x08003d66        0x2 

.rel.dyn        0x08003d68        0x0
 .rel.iplt      0x08003d68        0x0 c:/progra~2/gnuarm~1/102021~1.10/bin/../lib/gcc/arm-none-eabi/10.3.1/thumb/v7-m/nofp/crtbegin.o

.ARM.extab
 *(.ARM.extab* .gnu.linkonce.armextab.*)

.ARM            0x08003d68        0x0
                0x08003d68                __exidx_start = .
 *(.ARM.exidx*)
                0x08003d68                __exidx_end = .

.preinit_array  0x08003d68        0x0
                0x08003d68                PROVIDE (__preinit_array_start = .)
 *(.preinit_array*)
                0x08003d68                PROVIDE (__preinit_array_end = .)

.init_array     0x08003d68        0x8
                0x08003d68                PROVIDE (__init_array_start = .)
 *(SORT_BY_NAME(.init_array.*))
 .init_array.00000
                0x08003d68        0x4 c:/progra~2/gnuarm~1/102021~1.10/bin/../lib/gcc/arm-none-eabi/10.3.1/../../../../arm-none-eabi/lib/thumb/v7-m/nofp\libg.a(lib_a-__call_atexit.o)
 *(.init_array*)
 .init_array    0x08003d6c        0x4 c:/progra~2/gnuarm~1/102021~1.10/bin/../lib/gcc/arm-none-eabi/10.3.1/thumb/v7-m/nofp/crtbegin.o
                0x08003d70                PROVIDE (__init_array_end = .)

.fini_array     0x08003d70        0x4
                0x08003d70                PROVIDE (__fini_array_start = .)
 *(SORT_BY_NAME(.fini_array.*))
 *(.fini_array*)
 .fini_array    0x08003d70        0x4 c:/progra~2/gnuarm~1/102021~1.10/bin/../lib/gcc/arm-none-eabi/10.3.1/thumb/v7-m/nofp/crtbegin.o
                0x08003d74                PROVIDE (__fini_array_end = .)
                0x08003d74                _sidata = LOADADDR (.data)

.data           0x20000000      0x854 load address 0x08003d74
                0x20000000                . = ALIGN (0x4)
                0x20000000                _sdata = .
 *(.data)
 *(.data*)
 .data.SystemCoreClock
                0x20000000        0x4 CMakeFiles/RTOS_V1.elf.dir/Core/Src/system_stm32f1xx.c.obj
                0x20000000                SystemCoreClock
 .data.uwTickFreq
                0x20000004        0x1 CMakeFiles/RTOS_V1.elf.dir/Drivers/STM32F1xx_HAL_Driver/Src/stm32f1xx_hal.c.obj
                0x20000004                uwTickFreq
 *fill*         0x20000005        0x3 
 .data.uwTickPrio
                0x20000008        0x4 CMakeFiles/RTOS_V1.elf.dir/Drivers/STM32F1xx_HAL_Driver/Src/stm32f1xx_hal.c.obj
                0x20000008                uwTickPrio
 .data.uxCriticalNesting
                0x2000000c        0x4 CMakeFiles/RTOS_V1.elf.dir/Middlewares/Third_Party/FreeRTOS/Source/portable/GCC/ARM_CM3/port.c.obj
 .data._impure_ptr
                0x20000010        0x4 c:/progra~2/gnuarm~1/102021~1.10/bin/../lib/gcc/arm-none-eabi/10.3.1/../../../../arm-none-eabi/lib/thumb/v7-m/nofp\libg.a(lib_a-impure.o)
                0x20000010                _impure_ptr
 *fill*         0x20000014        0x4 
 .data.impure_data
                0x20000018      0x428 c:/progra~2/gnuarm~1/102021~1.10/bin/../lib/gcc/arm-none-eabi/10.3.1/../../../../arm-none-eabi/lib/thumb/v7-m/nofp\libg.a(lib_a-impure.o)
 .data.__malloc_av_
                0x20000440      0x408 c:/progra~2/gnuarm~1/102021~1.10/bin/../lib/gcc/arm-none-eabi/10.3.1/../../../../arm-none-eabi/lib/thumb/v7-m/nofp\libg.a(lib_a-mallocr.o)
                0x20000440                __malloc_av_
 .data.__malloc_sbrk_base
                0x20000848        0x4 c:/progra~2/gnuarm~1/102021~1.10/bin/../lib/gcc/arm-none-eabi/10.3.1/../../../../arm-none-eabi/lib/thumb/v7-m/nofp\libg.a(lib_a-mallocr.o)
                0x20000848                __malloc_sbrk_base
 .data.__malloc_trim_threshold
                0x2000084c        0x4 c:/progra~2/gnuarm~1/102021~1.10/bin/../lib/gcc/arm-none-eabi/10.3.1/../../../../arm-none-eabi/lib/thumb/v7-m/nofp\libg.a(lib_a-mallocr.o)
                0x2000084c                __malloc_trim_threshold
 .data.__atexit_recursive_mutex
                0x20000850        0x4 c:/progra~2/gnuarm~1/102021~1.10/bin/../lib/gcc/arm-none-eabi/10.3.1/../../../../arm-none-eabi/lib/thumb/v7-m/nofp\libg.a(lib_a-__call_atexit.o)
                0x20000850                __atexit_recursive_mutex
                0x20000854                . = ALIGN (0x4)
                0x20000854                _edata = .

.igot.plt       0x20000854        0x0 load address 0x080045c8
 .igot.plt      0x20000854        0x0 c:/progra~2/gnuarm~1/102021~1.10/bin/../lib/gcc/arm-none-eabi/10.3.1/thumb/v7-m/nofp/crtbegin.o
                0x20000854                . = ALIGN (0x4)

.bss            0x20000854      0x448 load address 0x080045c8
                0x20000854                _sbss = .
                0x20000854                __bss_start__ = _sbss
 *(.bss)
 .bss           0x20000854       0x1c c:/progra~2/gnuarm~1/102021~1.10/bin/../lib/gcc/arm-none-eabi/10.3.1/thumb/v7-m/nofp/crtbegin.o
 *(.bss*)
 .bss.defaultTaskHandle
                0x20000870        0x4 CMakeFiles/RTOS_V1.elf.dir/Core/RTOS/Task/init_Task.c.obj
                0x20000870                defaultTaskHandle
 .bss.myTask02Handle
                0x20000874        0x4 CMakeFiles/RTOS_V1.elf.dir/Core/RTOS/Task/init_Task.c.obj
                0x20000874                myTask02Handle
 .bss.myTask03Handle
                0x20000878        0x4 CMakeFiles/RTOS_V1.elf.dir/Core/RTOS/Task/init_Task.c.obj
                0x20000878                myTask03Handle
 .bss.xIdleStack
                0x2000087c      0x200 CMakeFiles/RTOS_V1.elf.dir/Core/RTOS/Task/init_Task.c.obj
 .bss.xIdleTaskTCBBuffer
                0x20000a7c       0x54 CMakeFiles/RTOS_V1.elf.dir/Core/RTOS/Task/init_Task.c.obj
 .bss.gHuart    0x20000ad0        0x4 CMakeFiles/RTOS_V1.elf.dir/Core/Retartget/retarget.c.obj
                0x20000ad0                gHuart
 .bss.heap_end.0
                0x20000ad4        0x4 CMakeFiles/RTOS_V1.elf.dir/Core/Src/syscalls.c.obj
 .bss.huart1    0x20000ad8       0x44 CMakeFiles/RTOS_V1.elf.dir/Core/Src/usart.c.obj
                0x20000ad8                huart1
 .bss.uwTick    0x20000b1c        0x4 CMakeFiles/RTOS_V1.elf.dir/Drivers/STM32F1xx_HAL_Driver/Src/stm32f1xx_hal.c.obj
                0x20000b1c                uwTick
 .bss.ucMaxSysCallPriority
                0x20000b20        0x1 CMakeFiles/RTOS_V1.elf.dir/Middlewares/Third_Party/FreeRTOS/Source/portable/GCC/ARM_CM3/port.c.obj
 *fill*         0x20000b21        0x3 
 .bss.ulMaxPRIGROUPValue
                0x20000b24        0x4 CMakeFiles/RTOS_V1.elf.dir/Middlewares/Third_Party/FreeRTOS/Source/portable/GCC/ARM_CM3/port.c.obj
 .bss.pxCurrentTCB
                0x20000b28        0x4 CMakeFiles/RTOS_V1.elf.dir/Middlewares/Third_Party/FreeRTOS/Source/tasks.c.obj
                0x20000b28                pxCurrentTCB
 .bss.pxDelayedTaskList
                0x20000b2c        0x4 CMakeFiles/RTOS_V1.elf.dir/Middlewares/Third_Party/FreeRTOS/Source/tasks.c.obj
 .bss.pxOverflowDelayedTaskList
                0x20000b30        0x4 CMakeFiles/RTOS_V1.elf.dir/Middlewares/Third_Party/FreeRTOS/Source/tasks.c.obj
 .bss.pxReadyTasksLists
                0x20000b34       0x8c CMakeFiles/RTOS_V1.elf.dir/Middlewares/Third_Party/FreeRTOS/Source/tasks.c.obj
 .bss.uxCurrentNumberOfTasks
                0x20000bc0        0x4 CMakeFiles/RTOS_V1.elf.dir/Middlewares/Third_Party/FreeRTOS/Source/tasks.c.obj
 .bss.uxDeletedTasksWaitingCleanUp
                0x20000bc4        0x4 CMakeFiles/RTOS_V1.elf.dir/Middlewares/Third_Party/FreeRTOS/Source/tasks.c.obj
 .bss.uxPendedTicks
                0x20000bc8        0x4 CMakeFiles/RTOS_V1.elf.dir/Middlewares/Third_Party/FreeRTOS/Source/tasks.c.obj
 .bss.uxSchedulerSuspended
                0x20000bcc        0x4 CMakeFiles/RTOS_V1.elf.dir/Middlewares/Third_Party/FreeRTOS/Source/tasks.c.obj
 .bss.uxTaskNumber
                0x20000bd0        0x4 CMakeFiles/RTOS_V1.elf.dir/Middlewares/Third_Party/FreeRTOS/Source/tasks.c.obj
 .bss.uxTopReadyPriority
                0x20000bd4        0x4 CMakeFiles/RTOS_V1.elf.dir/Middlewares/Third_Party/FreeRTOS/Source/tasks.c.obj
 .bss.xDelayedTaskList1
                0x20000bd8       0x14 CMakeFiles/RTOS_V1.elf.dir/Middlewares/Third_Party/FreeRTOS/Source/tasks.c.obj
 .bss.xDelayedTaskList2
                0x20000bec       0x14 CMakeFiles/RTOS_V1.elf.dir/Middlewares/Third_Party/FreeRTOS/Source/tasks.c.obj
 .bss.xIdleTaskHandle
                0x20000c00        0x4 CMakeFiles/RTOS_V1.elf.dir/Middlewares/Third_Party/FreeRTOS/Source/tasks.c.obj
 .bss.xNextTaskUnblockTime
                0x20000c04        0x4 CMakeFiles/RTOS_V1.elf.dir/Middlewares/Third_Party/FreeRTOS/Source/tasks.c.obj
 .bss.xNumOfOverflows
                0x20000c08        0x4 CMakeFiles/RTOS_V1.elf.dir/Middlewares/Third_Party/FreeRTOS/Source/tasks.c.obj
 .bss.xPendingReadyList
                0x20000c0c       0x14 CMakeFiles/RTOS_V1.elf.dir/Middlewares/Third_Party/FreeRTOS/Source/tasks.c.obj
 .bss.xSchedulerRunning
                0x20000c20        0x4 CMakeFiles/RTOS_V1.elf.dir/Middlewares/Third_Party/FreeRTOS/Source/tasks.c.obj
 .bss.xSuspendedTaskList
                0x20000c24       0x14 CMakeFiles/RTOS_V1.elf.dir/Middlewares/Third_Party/FreeRTOS/Source/tasks.c.obj
 .bss.xTasksWaitingTermination
                0x20000c38       0x14 CMakeFiles/RTOS_V1.elf.dir/Middlewares/Third_Party/FreeRTOS/Source/tasks.c.obj
 .bss.xTickCount
                0x20000c4c        0x4 CMakeFiles/RTOS_V1.elf.dir/Middlewares/Third_Party/FreeRTOS/Source/tasks.c.obj
 .bss.xYieldPending
                0x20000c50        0x4 CMakeFiles/RTOS_V1.elf.dir/Middlewares/Third_Party/FreeRTOS/Source/tasks.c.obj
 .bss.__malloc_current_mallinfo
                0x20000c54       0x28 c:/progra~2/gnuarm~1/102021~1.10/bin/../lib/gcc/arm-none-eabi/10.3.1/../../../../arm-none-eabi/lib/thumb/v7-m/nofp\libg.a(lib_a-mallocr.o)
                0x20000c54                __malloc_current_mallinfo
 .bss.__malloc_max_sbrked_mem
                0x20000c7c        0x4 c:/progra~2/gnuarm~1/102021~1.10/bin/../lib/gcc/arm-none-eabi/10.3.1/../../../../arm-none-eabi/lib/thumb/v7-m/nofp\libg.a(lib_a-mallocr.o)
                0x20000c7c                __malloc_max_sbrked_mem
 .bss.__malloc_max_total_mem
                0x20000c80        0x4 c:/progra~2/gnuarm~1/102021~1.10/bin/../lib/gcc/arm-none-eabi/10.3.1/../../../../arm-none-eabi/lib/thumb/v7-m/nofp\libg.a(lib_a-mallocr.o)
                0x20000c80                __malloc_max_total_mem
 .bss.__malloc_top_pad
                0x20000c84        0x4 c:/progra~2/gnuarm~1/102021~1.10/bin/../lib/gcc/arm-none-eabi/10.3.1/../../../../arm-none-eabi/lib/thumb/v7-m/nofp\libg.a(lib_a-mallocr.o)
                0x20000c84                __malloc_top_pad
 .bss.__lock___atexit_recursive_mutex
                0x20000c88        0x1 c:/progra~2/gnuarm~1/102021~1.10/bin/../lib/gcc/arm-none-eabi/10.3.1/../../../../arm-none-eabi/lib/thumb/v7-m/nofp\libg.a(lib_a-lock.o)
                0x20000c88                __lock___atexit_recursive_mutex
 *fill*         0x20000c89        0x3 
 .bss.__lock___malloc_recursive_mutex
                0x20000c8c        0x1 c:/progra~2/gnuarm~1/102021~1.10/bin/../lib/gcc/arm-none-eabi/10.3.1/../../../../arm-none-eabi/lib/thumb/v7-m/nofp\libg.a(lib_a-lock.o)
                0x20000c8c                __lock___malloc_recursive_mutex
 *fill*         0x20000c8d        0x3 
 .bss.__lock___sfp_recursive_mutex
                0x20000c90        0x1 c:/progra~2/gnuarm~1/102021~1.10/bin/../lib/gcc/arm-none-eabi/10.3.1/../../../../arm-none-eabi/lib/thumb/v7-m/nofp\libg.a(lib_a-lock.o)
                0x20000c90                __lock___sfp_recursive_mutex
 *fill*         0x20000c91        0x3 
 .bss.__lock___sinit_recursive_mutex
                0x20000c94        0x1 c:/progra~2/gnuarm~1/102021~1.10/bin/../lib/gcc/arm-none-eabi/10.3.1/../../../../arm-none-eabi/lib/thumb/v7-m/nofp\libg.a(lib_a-lock.o)
                0x20000c94                __lock___sinit_recursive_mutex
 *fill*         0x20000c95        0x3 
 .bss.errno     0x20000c98        0x4 c:/progra~2/gnuarm~1/102021~1.10/bin/../lib/gcc/arm-none-eabi/10.3.1/../../../../arm-none-eabi/lib/thumb/v7-m/nofp\libg.a(lib_a-reent.o)
                0x20000c98                errno
 *(COMMON)
                0x20000c9c                . = ALIGN (0x4)
                0x20000c9c                _ebss = .
                0x20000c9c                __bss_end__ = _ebss

._user_heap_stack
                0x20000c9c      0x604 load address 0x080045c8
                0x20000ca0                . = ALIGN (0x8)
 *fill*         0x20000c9c        0x4 
                0x20000ca0                PROVIDE (end = .)
                [!provide]                PROVIDE (_end = .)
                0x20000ea0                . = (. + _Min_Heap_Size)
 *fill*         0x20000ca0      0x200 
                0x200012a0                . = (. + _Min_Stack_Size)
 *fill*         0x20000ea0      0x400 
                0x200012a0                . = ALIGN (0x8)

/DISCARD/
 libc.a(*)
 libm.a(*)
 libgcc.a(*)

.ARM.attributes
                0x00000000       0x29
 *(.ARM.attributes)
 .ARM.attributes
                0x00000000       0x1d c:/progra~2/gnuarm~1/102021~1.10/bin/../lib/gcc/arm-none-eabi/10.3.1/thumb/v7-m/nofp/crti.o
 .ARM.attributes
                0x0000001d       0x2d c:/progra~2/gnuarm~1/102021~1.10/bin/../lib/gcc/arm-none-eabi/10.3.1/thumb/v7-m/nofp/crtbegin.o
 .ARM.attributes
                0x0000004a       0x2d CMakeFiles/RTOS_V1.elf.dir/Core/RTOS/Task/Task1.c.obj
 .ARM.attributes
                0x00000077       0x2d CMakeFiles/RTOS_V1.elf.dir/Core/RTOS/Task/Task2.c.obj
 .ARM.attributes
                0x000000a4       0x2d CMakeFiles/RTOS_V1.elf.dir/Core/RTOS/Task/init_Task.c.obj
 .ARM.attributes
                0x000000d1       0x2d CMakeFiles/RTOS_V1.elf.dir/Core/Retartget/retarget.c.obj
 .ARM.attributes
                0x000000fe       0x2d CMakeFiles/RTOS_V1.elf.dir/Core/Src/gpio.c.obj
 .ARM.attributes
                0x0000012b       0x2d CMakeFiles/RTOS_V1.elf.dir/Core/Src/main.c.obj
 .ARM.attributes
                0x00000158       0x2d CMakeFiles/RTOS_V1.elf.dir/Core/Src/stm32f1xx_hal_msp.c.obj
 .ARM.attributes
                0x00000185       0x2d CMakeFiles/RTOS_V1.elf.dir/Core/Src/stm32f1xx_it.c.obj
 .ARM.attributes
                0x000001b2       0x2d CMakeFiles/RTOS_V1.elf.dir/Core/Src/syscalls.c.obj
 .ARM.attributes
                0x000001df       0x2d CMakeFiles/RTOS_V1.elf.dir/Core/Src/system_stm32f1xx.c.obj
 .ARM.attributes
                0x0000020c       0x2d CMakeFiles/RTOS_V1.elf.dir/Core/Src/usart.c.obj
 .ARM.attributes
                0x00000239       0x2d CMakeFiles/RTOS_V1.elf.dir/Drivers/STM32F1xx_HAL_Driver/Src/stm32f1xx_hal.c.obj
 .ARM.attributes
                0x00000266       0x2d CMakeFiles/RTOS_V1.elf.dir/Drivers/STM32F1xx_HAL_Driver/Src/stm32f1xx_hal_cortex.c.obj
 .ARM.attributes
                0x00000293       0x2d CMakeFiles/RTOS_V1.elf.dir/Drivers/STM32F1xx_HAL_Driver/Src/stm32f1xx_hal_gpio.c.obj
 .ARM.attributes
                0x000002c0       0x2d CMakeFiles/RTOS_V1.elf.dir/Drivers/STM32F1xx_HAL_Driver/Src/stm32f1xx_hal_rcc.c.obj
 .ARM.attributes
                0x000002ed       0x2d CMakeFiles/RTOS_V1.elf.dir/Drivers/STM32F1xx_HAL_Driver/Src/stm32f1xx_hal_uart.c.obj
 .ARM.attributes
                0x0000031a       0x2d CMakeFiles/RTOS_V1.elf.dir/Middlewares/Third_Party/FreeRTOS/Source/CMSIS_RTOS/cmsis_os.c.obj
 .ARM.attributes
                0x00000347       0x2d CMakeFiles/RTOS_V1.elf.dir/Middlewares/Third_Party/FreeRTOS/Source/list.c.obj
 .ARM.attributes
                0x00000374       0x2d CMakeFiles/RTOS_V1.elf.dir/Middlewares/Third_Party/FreeRTOS/Source/portable/GCC/ARM_CM3/port.c.obj
 .ARM.attributes
                0x000003a1       0x2d CMakeFiles/RTOS_V1.elf.dir/Middlewares/Third_Party/FreeRTOS/Source/portable/MemMang/heap_3.c.obj
 .ARM.attributes
                0x000003ce       0x2d CMakeFiles/RTOS_V1.elf.dir/Middlewares/Third_Party/FreeRTOS/Source/tasks.c.obj
 .ARM.attributes
                0x000003fb       0x21 CMakeFiles/RTOS_V1.elf.dir/startup/startup_stm32f103xb.s.obj
 .ARM.attributes
                0x0000041c       0x2d c:/progra~2/gnuarm~1/102021~1.10/bin/../lib/gcc/arm-none-eabi/10.3.1/../../../../arm-none-eabi/lib/thumb/v7-m/nofp\libg.a(lib_a-errno.o)
 .ARM.attributes
                0x00000449       0x2d c:/progra~2/gnuarm~1/102021~1.10/bin/../lib/gcc/arm-none-eabi/10.3.1/../../../../arm-none-eabi/lib/thumb/v7-m/nofp\libg.a(lib_a-impure.o)
 .ARM.attributes
                0x00000476       0x2d c:/progra~2/gnuarm~1/102021~1.10/bin/../lib/gcc/arm-none-eabi/10.3.1/../../../../arm-none-eabi/lib/thumb/v7-m/nofp\libg.a(lib_a-init.o)
 .ARM.attributes
                0x000004a3       0x2d c:/progra~2/gnuarm~1/102021~1.10/bin/../lib/gcc/arm-none-eabi/10.3.1/../../../../arm-none-eabi/lib/thumb/v7-m/nofp\libg.a(lib_a-malloc.o)
 .ARM.attributes
                0x000004d0       0x2d c:/progra~2/gnuarm~1/102021~1.10/bin/../lib/gcc/arm-none-eabi/10.3.1/../../../../arm-none-eabi/lib/thumb/v7-m/nofp\libg.a(lib_a-mallocr.o)
 .ARM.attributes
                0x000004fd       0x1b c:/progra~2/gnuarm~1/102021~1.10/bin/../lib/gcc/arm-none-eabi/10.3.1/../../../../arm-none-eabi/lib/thumb/v7-m/nofp\libg.a(lib_a-memcpy.o)
 .ARM.attributes
                0x00000518       0x2d c:/progra~2/gnuarm~1/102021~1.10/bin/../lib/gcc/arm-none-eabi/10.3.1/../../../../arm-none-eabi/lib/thumb/v7-m/nofp\libg.a(lib_a-memset.o)
 .ARM.attributes
                0x00000545       0x2d c:/progra~2/gnuarm~1/102021~1.10/bin/../lib/gcc/arm-none-eabi/10.3.1/../../../../arm-none-eabi/lib/thumb/v7-m/nofp\libg.a(lib_a-mlock.o)
 .ARM.attributes
                0x00000572       0x2d c:/progra~2/gnuarm~1/102021~1.10/bin/../lib/gcc/arm-none-eabi/10.3.1/../../../../arm-none-eabi/lib/thumb/v7-m/nofp\libg.a(lib_a-puts.o)
 .ARM.attributes
                0x0000059f       0x2d c:/progra~2/gnuarm~1/102021~1.10/bin/../lib/gcc/arm-none-eabi/10.3.1/../../../../arm-none-eabi/lib/thumb/v7-m/nofp\libg.a(lib_a-sbrkr.o)
 .ARM.attributes
                0x000005cc       0x2d c:/progra~2/gnuarm~1/102021~1.10/bin/../lib/gcc/arm-none-eabi/10.3.1/../../../../arm-none-eabi/lib/thumb/v7-m/nofp\libg.a(lib_a-setvbuf.o)
 .ARM.attributes
                0x000005f9       0x2d c:/progra~2/gnuarm~1/102021~1.10/bin/../lib/gcc/arm-none-eabi/10.3.1/../../../../arm-none-eabi/lib/thumb/v7-m/nofp\libg.a(lib_a-strlen-stub.o)
 .ARM.attributes
                0x00000626       0x2d c:/progra~2/gnuarm~1/102021~1.10/bin/../lib/gcc/arm-none-eabi/10.3.1/../../../../arm-none-eabi/lib/thumb/v7-m/nofp\libg.a(lib_a-__call_atexit.o)
 .ARM.attributes
                0x00000653       0x2d c:/progra~2/gnuarm~1/102021~1.10/bin/../lib/gcc/arm-none-eabi/10.3.1/../../../../arm-none-eabi/lib/thumb/v7-m/nofp\libg.a(lib_a-atexit.o)
 .ARM.attributes
                0x00000680       0x2d c:/progra~2/gnuarm~1/102021~1.10/bin/../lib/gcc/arm-none-eabi/10.3.1/../../../../arm-none-eabi/lib/thumb/v7-m/nofp\libg.a(lib_a-fflush.o)
 .ARM.attributes
                0x000006ad       0x2d c:/progra~2/gnuarm~1/102021~1.10/bin/../lib/gcc/arm-none-eabi/10.3.1/../../../../arm-none-eabi/lib/thumb/v7-m/nofp\libg.a(lib_a-findfp.o)
 .ARM.attributes
                0x000006da       0x2d c:/progra~2/gnuarm~1/102021~1.10/bin/../lib/gcc/arm-none-eabi/10.3.1/../../../../arm-none-eabi/lib/thumb/v7-m/nofp\libg.a(lib_a-fini.o)
 .ARM.attributes
                0x00000707       0x2d c:/progra~2/gnuarm~1/102021~1.10/bin/../lib/gcc/arm-none-eabi/10.3.1/../../../../arm-none-eabi/lib/thumb/v7-m/nofp\libg.a(lib_a-freer.o)
 .ARM.attributes
                0x00000734       0x2d c:/progra~2/gnuarm~1/102021~1.10/bin/../lib/gcc/arm-none-eabi/10.3.1/../../../../arm-none-eabi/lib/thumb/v7-m/nofp\libg.a(lib_a-fvwrite.o)
 .ARM.attributes
                0x00000761       0x2d c:/progra~2/gnuarm~1/102021~1.10/bin/../lib/gcc/arm-none-eabi/10.3.1/../../../../arm-none-eabi/lib/thumb/v7-m/nofp\libg.a(lib_a-fwalk.o)
 .ARM.attributes
                0x0000078e       0x2d c:/progra~2/gnuarm~1/102021~1.10/bin/../lib/gcc/arm-none-eabi/10.3.1/../../../../arm-none-eabi/lib/thumb/v7-m/nofp\libg.a(lib_a-lock.o)
 .ARM.attributes
                0x000007bb       0x2d c:/progra~2/gnuarm~1/102021~1.10/bin/../lib/gcc/arm-none-eabi/10.3.1/../../../../arm-none-eabi/lib/thumb/v7-m/nofp\libg.a(lib_a-makebuf.o)
 .ARM.attributes
                0x000007e8       0x2d c:/progra~2/gnuarm~1/102021~1.10/bin/../lib/gcc/arm-none-eabi/10.3.1/../../../../arm-none-eabi/lib/thumb/v7-m/nofp\libg.a(lib_a-memchr-stub.o)
 .ARM.attributes
                0x00000815       0x2d c:/progra~2/gnuarm~1/102021~1.10/bin/../lib/gcc/arm-none-eabi/10.3.1/../../../../arm-none-eabi/lib/thumb/v7-m/nofp\libg.a(lib_a-memmove.o)
 .ARM.attributes
                0x00000842       0x2d c:/progra~2/gnuarm~1/102021~1.10/bin/../lib/gcc/arm-none-eabi/10.3.1/../../../../arm-none-eabi/lib/thumb/v7-m/nofp\libg.a(lib_a-reallocr.o)
 .ARM.attributes
                0x0000086f       0x2d c:/progra~2/gnuarm~1/102021~1.10/bin/../lib/gcc/arm-none-eabi/10.3.1/../../../../arm-none-eabi/lib/thumb/v7-m/nofp\libg.a(lib_a-reent.o)
 .ARM.attributes
                0x0000089c       0x2d c:/progra~2/gnuarm~1/102021~1.10/bin/../lib/gcc/arm-none-eabi/10.3.1/../../../../arm-none-eabi/lib/thumb/v7-m/nofp\libg.a(lib_a-stdio.o)
 .ARM.attributes
                0x000008c9       0x2d c:/progra~2/gnuarm~1/102021~1.10/bin/../lib/gcc/arm-none-eabi/10.3.1/../../../../arm-none-eabi/lib/thumb/v7-m/nofp\libg.a(lib_a-writer.o)
 .ARM.attributes
                0x000008f6       0x2d c:/progra~2/gnuarm~1/102021~1.10/bin/../lib/gcc/arm-none-eabi/10.3.1/../../../../arm-none-eabi/lib/thumb/v7-m/nofp\libg.a(lib_a-wsetup.o)
 .ARM.attributes
                0x00000923       0x2d c:/progra~2/gnuarm~1/102021~1.10/bin/../lib/gcc/arm-none-eabi/10.3.1/../../../../arm-none-eabi/lib/thumb/v7-m/nofp\libg.a(lib_a-__atexit.o)
 .ARM.attributes
                0x00000950       0x2d c:/progra~2/gnuarm~1/102021~1.10/bin/../lib/gcc/arm-none-eabi/10.3.1/../../../../arm-none-eabi/lib/thumb/v7-m/nofp\libg.a(lib_a-closer.o)
 .ARM.attributes
                0x0000097d       0x2d c:/progra~2/gnuarm~1/102021~1.10/bin/../lib/gcc/arm-none-eabi/10.3.1/../../../../arm-none-eabi/lib/thumb/v7-m/nofp\libg.a(lib_a-fclose.o)
 .ARM.attributes
                0x000009aa       0x2d c:/progra~2/gnuarm~1/102021~1.10/bin/../lib/gcc/arm-none-eabi/10.3.1/../../../../arm-none-eabi/lib/thumb/v7-m/nofp\libg.a(lib_a-fstatr.o)
 .ARM.attributes
                0x000009d7       0x2d c:/progra~2/gnuarm~1/102021~1.10/bin/../lib/gcc/arm-none-eabi/10.3.1/../../../../arm-none-eabi/lib/thumb/v7-m/nofp\libg.a(lib_a-isattyr.o)
 .ARM.attributes
                0x00000a04       0x2d c:/progra~2/gnuarm~1/102021~1.10/bin/../lib/gcc/arm-none-eabi/10.3.1/../../../../arm-none-eabi/lib/thumb/v7-m/nofp\libg.a(lib_a-lseekr.o)
 .ARM.attributes
                0x00000a31       0x2d c:/progra~2/gnuarm~1/102021~1.10/bin/../lib/gcc/arm-none-eabi/10.3.1/../../../../arm-none-eabi/lib/thumb/v7-m/nofp\libg.a(lib_a-readr.o)
 .ARM.attributes
                0x00000a5e       0x1d c:/progra~2/gnuarm~1/102021~1.10/bin/../lib/gcc/arm-none-eabi/10.3.1/thumb/v7-m/nofp/crtn.o
OUTPUT(RTOS_V1.elf elf32-littlearm)
LOAD linker stubs
LOAD c:/progra~2/gnuarm~1/102021~1.10/bin/../lib/gcc/arm-none-eabi/10.3.1/../../../../arm-none-eabi/lib/thumb/v7-m/nofp\libc.a
LOAD c:/progra~2/gnuarm~1/102021~1.10/bin/../lib/gcc/arm-none-eabi/10.3.1/../../../../arm-none-eabi/lib/thumb/v7-m/nofp\libm.a
LOAD c:/progra~2/gnuarm~1/102021~1.10/bin/../lib/gcc/arm-none-eabi/10.3.1/thumb/v7-m/nofp\libgcc.a

.debug_info     0x00000000     0xceb4
 .debug_info    0x00000000      0x222 CMakeFiles/RTOS_V1.elf.dir/Core/RTOS/Task/Task1.c.obj
 .debug_info    0x00000222      0x1af CMakeFiles/RTOS_V1.elf.dir/Core/RTOS/Task/Task2.c.obj
 .debug_info    0x000003d1      0x968 CMakeFiles/RTOS_V1.elf.dir/Core/RTOS/Task/init_Task.c.obj
 .debug_info    0x00000d39      0xefe CMakeFiles/RTOS_V1.elf.dir/Core/Retartget/retarget.c.obj
 .debug_info    0x00001c37      0x199 CMakeFiles/RTOS_V1.elf.dir/Core/Src/gpio.c.obj
 .debug_info    0x00001dd0      0x34b CMakeFiles/RTOS_V1.elf.dir/Core/Src/main.c.obj
 .debug_info    0x0000211b      0x387 CMakeFiles/RTOS_V1.elf.dir/Core/Src/stm32f1xx_hal_msp.c.obj
 .debug_info    0x000024a2      0x14a CMakeFiles/RTOS_V1.elf.dir/Core/Src/stm32f1xx_it.c.obj
 .debug_info    0x000025ec      0x835 CMakeFiles/RTOS_V1.elf.dir/Core/Src/syscalls.c.obj
 .debug_info    0x00002e21      0x248 CMakeFiles/RTOS_V1.elf.dir/Core/Src/system_stm32f1xx.c.obj
 .debug_info    0x00003069      0x827 CMakeFiles/RTOS_V1.elf.dir/Core/Src/usart.c.obj
 .debug_info    0x00003890      0x7a8 CMakeFiles/RTOS_V1.elf.dir/Drivers/STM32F1xx_HAL_Driver/Src/stm32f1xx_hal.c.obj
 .debug_info    0x00004038      0xd8a CMakeFiles/RTOS_V1.elf.dir/Drivers/STM32F1xx_HAL_Driver/Src/stm32f1xx_hal_cortex.c.obj
 .debug_info    0x00004dc2      0x66f CMakeFiles/RTOS_V1.elf.dir/Drivers/STM32F1xx_HAL_Driver/Src/stm32f1xx_hal_gpio.c.obj
 .debug_info    0x00005431      0xa36 CMakeFiles/RTOS_V1.elf.dir/Drivers/STM32F1xx_HAL_Driver/Src/stm32f1xx_hal_rcc.c.obj
 .debug_info    0x00005e67     0x1c8b CMakeFiles/RTOS_V1.elf.dir/Drivers/STM32F1xx_HAL_Driver/Src/stm32f1xx_hal_uart.c.obj
 .debug_info    0x00007af2     0x220a CMakeFiles/RTOS_V1.elf.dir/Middlewares/Third_Party/FreeRTOS/Source/CMSIS_RTOS/cmsis_os.c.obj
 .debug_info    0x00009cfc      0x2da CMakeFiles/RTOS_V1.elf.dir/Middlewares/Third_Party/FreeRTOS/Source/list.c.obj
 .debug_info    0x00009fd6      0x52b CMakeFiles/RTOS_V1.elf.dir/Middlewares/Third_Party/FreeRTOS/Source/portable/GCC/ARM_CM3/port.c.obj
 .debug_info    0x0000a501      0x173 CMakeFiles/RTOS_V1.elf.dir/Middlewares/Third_Party/FreeRTOS/Source/portable/MemMang/heap_3.c.obj
 .debug_info    0x0000a674     0x281e CMakeFiles/RTOS_V1.elf.dir/Middlewares/Third_Party/FreeRTOS/Source/tasks.c.obj
 .debug_info    0x0000ce92       0x22 CMakeFiles/RTOS_V1.elf.dir/startup/startup_stm32f103xb.s.obj

.debug_abbrev   0x00000000     0x26e7
 .debug_abbrev  0x00000000      0x16f CMakeFiles/RTOS_V1.elf.dir/Core/RTOS/Task/Task1.c.obj
 .debug_abbrev  0x0000016f      0x12d CMakeFiles/RTOS_V1.elf.dir/Core/RTOS/Task/Task2.c.obj
 .debug_abbrev  0x0000029c      0x1ec CMakeFiles/RTOS_V1.elf.dir/Core/RTOS/Task/init_Task.c.obj
 .debug_abbrev  0x00000488      0x2b4 CMakeFiles/RTOS_V1.elf.dir/Core/Retartget/retarget.c.obj
 .debug_abbrev  0x0000073c       0xbf CMakeFiles/RTOS_V1.elf.dir/Core/Src/gpio.c.obj
 .debug_abbrev  0x000007fb      0x162 CMakeFiles/RTOS_V1.elf.dir/Core/Src/main.c.obj
 .debug_abbrev  0x0000095d      0x12d CMakeFiles/RTOS_V1.elf.dir/Core/Src/stm32f1xx_hal_msp.c.obj
 .debug_abbrev  0x00000a8a       0xa0 CMakeFiles/RTOS_V1.elf.dir/Core/Src/stm32f1xx_it.c.obj
 .debug_abbrev  0x00000b2a      0x1da CMakeFiles/RTOS_V1.elf.dir/Core/Src/syscalls.c.obj
 .debug_abbrev  0x00000d04      0x13e CMakeFiles/RTOS_V1.elf.dir/Core/Src/system_stm32f1xx.c.obj
 .debug_abbrev  0x00000e42      0x1c1 CMakeFiles/RTOS_V1.elf.dir/Core/Src/usart.c.obj
 .debug_abbrev  0x00001003      0x1f4 CMakeFiles/RTOS_V1.elf.dir/Drivers/STM32F1xx_HAL_Driver/Src/stm32f1xx_hal.c.obj
 .debug_abbrev  0x000011f7      0x341 CMakeFiles/RTOS_V1.elf.dir/Drivers/STM32F1xx_HAL_Driver/Src/stm32f1xx_hal_cortex.c.obj
 .debug_abbrev  0x00001538      0x1e6 CMakeFiles/RTOS_V1.elf.dir/Drivers/STM32F1xx_HAL_Driver/Src/stm32f1xx_hal_gpio.c.obj
 .debug_abbrev  0x0000171e      0x27a CMakeFiles/RTOS_V1.elf.dir/Drivers/STM32F1xx_HAL_Driver/Src/stm32f1xx_hal_rcc.c.obj
 .debug_abbrev  0x00001998      0x254 CMakeFiles/RTOS_V1.elf.dir/Drivers/STM32F1xx_HAL_Driver/Src/stm32f1xx_hal_uart.c.obj
 .debug_abbrev  0x00001bec      0x352 CMakeFiles/RTOS_V1.elf.dir/Middlewares/Third_Party/FreeRTOS/Source/CMSIS_RTOS/cmsis_os.c.obj
 .debug_abbrev  0x00001f3e      0x106 CMakeFiles/RTOS_V1.elf.dir/Middlewares/Third_Party/FreeRTOS/Source/list.c.obj
 .debug_abbrev  0x00002044      0x27e CMakeFiles/RTOS_V1.elf.dir/Middlewares/Third_Party/FreeRTOS/Source/portable/GCC/ARM_CM3/port.c.obj
 .debug_abbrev  0x000022c2      0x100 CMakeFiles/RTOS_V1.elf.dir/Middlewares/Third_Party/FreeRTOS/Source/portable/MemMang/heap_3.c.obj
 .debug_abbrev  0x000023c2      0x313 CMakeFiles/RTOS_V1.elf.dir/Middlewares/Third_Party/FreeRTOS/Source/tasks.c.obj
 .debug_abbrev  0x000026d5       0x12 CMakeFiles/RTOS_V1.elf.dir/startup/startup_stm32f103xb.s.obj

.debug_loc      0x00000000     0x6de0
 .debug_loc     0x00000000       0x5d CMakeFiles/RTOS_V1.elf.dir/Core/RTOS/Task/Task1.c.obj
 .debug_loc     0x0000005d       0x48 CMakeFiles/RTOS_V1.elf.dir/Core/RTOS/Task/Task2.c.obj
 .debug_loc     0x000000a5       0x25 CMakeFiles/RTOS_V1.elf.dir/Core/RTOS/Task/init_Task.c.obj
 .debug_loc     0x000000ca      0x12a CMakeFiles/RTOS_V1.elf.dir/Core/Retartget/retarget.c.obj
 .debug_loc     0x000001f4       0x15 CMakeFiles/RTOS_V1.elf.dir/Core/Src/stm32f1xx_hal_msp.c.obj
 .debug_loc     0x00000209      0x436 CMakeFiles/RTOS_V1.elf.dir/Core/Src/syscalls.c.obj
 .debug_loc     0x0000063f       0xff CMakeFiles/RTOS_V1.elf.dir/Core/Src/system_stm32f1xx.c.obj
 .debug_loc     0x0000073e       0x84 CMakeFiles/RTOS_V1.elf.dir/Core/Src/usart.c.obj
 .debug_loc     0x000007c2      0x141 CMakeFiles/RTOS_V1.elf.dir/Drivers/STM32F1xx_HAL_Driver/Src/stm32f1xx_hal.c.obj
 .debug_loc     0x00000903      0x71f CMakeFiles/RTOS_V1.elf.dir/Drivers/STM32F1xx_HAL_Driver/Src/stm32f1xx_hal_cortex.c.obj
 .debug_loc     0x00001022      0x47d CMakeFiles/RTOS_V1.elf.dir/Drivers/STM32F1xx_HAL_Driver/Src/stm32f1xx_hal_gpio.c.obj
 .debug_loc     0x0000149f      0x63e CMakeFiles/RTOS_V1.elf.dir/Drivers/STM32F1xx_HAL_Driver/Src/stm32f1xx_hal_rcc.c.obj
 .debug_loc     0x00001add     0x2037 CMakeFiles/RTOS_V1.elf.dir/Drivers/STM32F1xx_HAL_Driver/Src/stm32f1xx_hal_uart.c.obj
 .debug_loc     0x00003b14     0x12e6 CMakeFiles/RTOS_V1.elf.dir/Middlewares/Third_Party/FreeRTOS/Source/CMSIS_RTOS/cmsis_os.c.obj
 .debug_loc     0x00004dfa       0xad CMakeFiles/RTOS_V1.elf.dir/Middlewares/Third_Party/FreeRTOS/Source/list.c.obj
 .debug_loc     0x00004ea7       0xe8 CMakeFiles/RTOS_V1.elf.dir/Middlewares/Third_Party/FreeRTOS/Source/portable/GCC/ARM_CM3/port.c.obj
 .debug_loc     0x00004f8f       0x83 CMakeFiles/RTOS_V1.elf.dir/Middlewares/Third_Party/FreeRTOS/Source/portable/MemMang/heap_3.c.obj
 .debug_loc     0x00005012     0x1dce CMakeFiles/RTOS_V1.elf.dir/Middlewares/Third_Party/FreeRTOS/Source/tasks.c.obj

.debug_aranges  0x00000000      0xb40
 .debug_aranges
                0x00000000       0x20 CMakeFiles/RTOS_V1.elf.dir/Core/RTOS/Task/Task1.c.obj
 .debug_aranges
                0x00000020       0x20 CMakeFiles/RTOS_V1.elf.dir/Core/RTOS/Task/Task2.c.obj
 .debug_aranges
                0x00000040       0x30 CMakeFiles/RTOS_V1.elf.dir/Core/RTOS/Task/init_Task.c.obj
 .debug_aranges
                0x00000070       0x28 CMakeFiles/RTOS_V1.elf.dir/Core/Retartget/retarget.c.obj
 .debug_aranges
                0x00000098       0x20 CMakeFiles/RTOS_V1.elf.dir/Core/Src/gpio.c.obj
 .debug_aranges
                0x000000b8       0x30 CMakeFiles/RTOS_V1.elf.dir/Core/Src/main.c.obj
 .debug_aranges
                0x000000e8       0x20 CMakeFiles/RTOS_V1.elf.dir/Core/Src/stm32f1xx_hal_msp.c.obj
 .debug_aranges
                0x00000108       0x50 CMakeFiles/RTOS_V1.elf.dir/Core/Src/stm32f1xx_it.c.obj
 .debug_aranges
                0x00000158       0xb0 CMakeFiles/RTOS_V1.elf.dir/Core/Src/syscalls.c.obj
 .debug_aranges
                0x00000208       0x28 CMakeFiles/RTOS_V1.elf.dir/Core/Src/system_stm32f1xx.c.obj
 .debug_aranges
                0x00000230       0x30 CMakeFiles/RTOS_V1.elf.dir/Core/Src/usart.c.obj
 .debug_aranges
                0x00000260       0xe0 CMakeFiles/RTOS_V1.elf.dir/Drivers/STM32F1xx_HAL_Driver/Src/stm32f1xx_hal.c.obj
 .debug_aranges
                0x00000340       0x90 CMakeFiles/RTOS_V1.elf.dir/Drivers/STM32F1xx_HAL_Driver/Src/stm32f1xx_hal_cortex.c.obj
 .debug_aranges
                0x000003d0       0x58 CMakeFiles/RTOS_V1.elf.dir/Drivers/STM32F1xx_HAL_Driver/Src/stm32f1xx_hal_gpio.c.obj
 .debug_aranges
                0x00000428       0x90 CMakeFiles/RTOS_V1.elf.dir/Drivers/STM32F1xx_HAL_Driver/Src/stm32f1xx_hal_rcc.c.obj
 .debug_aranges
                0x000004b8      0x200 CMakeFiles/RTOS_V1.elf.dir/Drivers/STM32F1xx_HAL_Driver/Src/stm32f1xx_hal_uart.c.obj
 .debug_aranges
                0x000006b8      0x1d8 CMakeFiles/RTOS_V1.elf.dir/Middlewares/Third_Party/FreeRTOS/Source/CMSIS_RTOS/cmsis_os.c.obj
 .debug_aranges
                0x00000890       0x40 CMakeFiles/RTOS_V1.elf.dir/Middlewares/Third_Party/FreeRTOS/Source/list.c.obj
 .debug_aranges
                0x000008d0       0x78 CMakeFiles/RTOS_V1.elf.dir/Middlewares/Third_Party/FreeRTOS/Source/portable/GCC/ARM_CM3/port.c.obj
 .debug_aranges
                0x00000948       0x28 CMakeFiles/RTOS_V1.elf.dir/Middlewares/Third_Party/FreeRTOS/Source/portable/MemMang/heap_3.c.obj
 .debug_aranges
                0x00000970      0x1a8 CMakeFiles/RTOS_V1.elf.dir/Middlewares/Third_Party/FreeRTOS/Source/tasks.c.obj
 .debug_aranges
                0x00000b18       0x28 CMakeFiles/RTOS_V1.elf.dir/startup/startup_stm32f103xb.s.obj

.debug_ranges   0x00000000      0xb68
 .debug_ranges  0x00000000       0x28 CMakeFiles/RTOS_V1.elf.dir/Core/RTOS/Task/Task1.c.obj
 .debug_ranges  0x00000028       0x28 CMakeFiles/RTOS_V1.elf.dir/Core/RTOS/Task/Task2.c.obj
 .debug_ranges  0x00000050       0x20 CMakeFiles/RTOS_V1.elf.dir/Core/RTOS/Task/init_Task.c.obj
 .debug_ranges  0x00000070       0x18 CMakeFiles/RTOS_V1.elf.dir/Core/Retartget/retarget.c.obj
 .debug_ranges  0x00000088       0x10 CMakeFiles/RTOS_V1.elf.dir/Core/Src/gpio.c.obj
 .debug_ranges  0x00000098       0x20 CMakeFiles/RTOS_V1.elf.dir/Core/Src/main.c.obj
 .debug_ranges  0x000000b8       0x10 CMakeFiles/RTOS_V1.elf.dir/Core/Src/stm32f1xx_hal_msp.c.obj
 .debug_ranges  0x000000c8       0x40 CMakeFiles/RTOS_V1.elf.dir/Core/Src/stm32f1xx_it.c.obj
 .debug_ranges  0x00000108       0xa0 CMakeFiles/RTOS_V1.elf.dir/Core/Src/syscalls.c.obj
 .debug_ranges  0x000001a8       0x18 CMakeFiles/RTOS_V1.elf.dir/Core/Src/system_stm32f1xx.c.obj
 .debug_ranges  0x000001c0       0x20 CMakeFiles/RTOS_V1.elf.dir/Core/Src/usart.c.obj
 .debug_ranges  0x000001e0       0xd0 CMakeFiles/RTOS_V1.elf.dir/Drivers/STM32F1xx_HAL_Driver/Src/stm32f1xx_hal.c.obj
 .debug_ranges  0x000002b0       0xe0 CMakeFiles/RTOS_V1.elf.dir/Drivers/STM32F1xx_HAL_Driver/Src/stm32f1xx_hal_cortex.c.obj
 .debug_ranges  0x00000390       0x48 CMakeFiles/RTOS_V1.elf.dir/Drivers/STM32F1xx_HAL_Driver/Src/stm32f1xx_hal_gpio.c.obj
 .debug_ranges  0x000003d8       0xa0 CMakeFiles/RTOS_V1.elf.dir/Drivers/STM32F1xx_HAL_Driver/Src/stm32f1xx_hal_rcc.c.obj
 .debug_ranges  0x00000478      0x1f0 CMakeFiles/RTOS_V1.elf.dir/Drivers/STM32F1xx_HAL_Driver/Src/stm32f1xx_hal_uart.c.obj
 .debug_ranges  0x00000668      0x1c8 CMakeFiles/RTOS_V1.elf.dir/Middlewares/Third_Party/FreeRTOS/Source/CMSIS_RTOS/cmsis_os.c.obj
 .debug_ranges  0x00000830       0x30 CMakeFiles/RTOS_V1.elf.dir/Middlewares/Third_Party/FreeRTOS/Source/list.c.obj
 .debug_ranges  0x00000860       0x68 CMakeFiles/RTOS_V1.elf.dir/Middlewares/Third_Party/FreeRTOS/Source/portable/GCC/ARM_CM3/port.c.obj
 .debug_ranges  0x000008c8       0x18 CMakeFiles/RTOS_V1.elf.dir/Middlewares/Third_Party/FreeRTOS/Source/portable/MemMang/heap_3.c.obj
 .debug_ranges  0x000008e0      0x268 CMakeFiles/RTOS_V1.elf.dir/Middlewares/Third_Party/FreeRTOS/Source/tasks.c.obj
 .debug_ranges  0x00000b48       0x20 CMakeFiles/RTOS_V1.elf.dir/startup/startup_stm32f103xb.s.obj

.debug_line     0x00000000     0xa226
 .debug_line    0x00000000      0x27b CMakeFiles/RTOS_V1.elf.dir/Core/RTOS/Task/Task1.c.obj
 .debug_line    0x0000027b      0x273 CMakeFiles/RTOS_V1.elf.dir/Core/RTOS/Task/Task2.c.obj
 .debug_line    0x000004ee      0x497 CMakeFiles/RTOS_V1.elf.dir/Core/RTOS/Task/init_Task.c.obj
 .debug_line    0x00000985      0x326 CMakeFiles/RTOS_V1.elf.dir/Core/Retartget/retarget.c.obj
 .debug_line    0x00000cab      0x181 CMakeFiles/RTOS_V1.elf.dir/Core/Src/gpio.c.obj
 .debug_line    0x00000e2c      0x389 CMakeFiles/RTOS_V1.elf.dir/Core/Src/main.c.obj
 .debug_line    0x000011b5      0x1f4 CMakeFiles/RTOS_V1.elf.dir/Core/Src/stm32f1xx_hal_msp.c.obj
 .debug_line    0x000013a9      0x2d9 CMakeFiles/RTOS_V1.elf.dir/Core/Src/stm32f1xx_it.c.obj
 .debug_line    0x00001682      0x455 CMakeFiles/RTOS_V1.elf.dir/Core/Src/syscalls.c.obj
 .debug_line    0x00001ad7      0x258 CMakeFiles/RTOS_V1.elf.dir/Core/Src/system_stm32f1xx.c.obj
 .debug_line    0x00001d2f      0x357 CMakeFiles/RTOS_V1.elf.dir/Core/Src/usart.c.obj
 .debug_line    0x00002086      0x592 CMakeFiles/RTOS_V1.elf.dir/Drivers/STM32F1xx_HAL_Driver/Src/stm32f1xx_hal.c.obj
 .debug_line    0x00002618      0x674 CMakeFiles/RTOS_V1.elf.dir/Drivers/STM32F1xx_HAL_Driver/Src/stm32f1xx_hal_cortex.c.obj
 .debug_line    0x00002c8c      0x61e CMakeFiles/RTOS_V1.elf.dir/Drivers/STM32F1xx_HAL_Driver/Src/stm32f1xx_hal_gpio.c.obj
 .debug_line    0x000032aa      0xc67 CMakeFiles/RTOS_V1.elf.dir/Drivers/STM32F1xx_HAL_Driver/Src/stm32f1xx_hal_rcc.c.obj
 .debug_line    0x00003f11     0x20f6 CMakeFiles/RTOS_V1.elf.dir/Drivers/STM32F1xx_HAL_Driver/Src/stm32f1xx_hal_uart.c.obj
 .debug_line    0x00006007     0x1209 CMakeFiles/RTOS_V1.elf.dir/Middlewares/Third_Party/FreeRTOS/Source/CMSIS_RTOS/cmsis_os.c.obj
 .debug_line    0x00007210      0x3af CMakeFiles/RTOS_V1.elf.dir/Middlewares/Third_Party/FreeRTOS/Source/list.c.obj
 .debug_line    0x000075bf      0x665 CMakeFiles/RTOS_V1.elf.dir/Middlewares/Third_Party/FreeRTOS/Source/portable/GCC/ARM_CM3/port.c.obj
 .debug_line    0x00007c24      0x1e7 CMakeFiles/RTOS_V1.elf.dir/Middlewares/Third_Party/FreeRTOS/Source/portable/MemMang/heap_3.c.obj
 .debug_line    0x00007e0b     0x2375 CMakeFiles/RTOS_V1.elf.dir/Middlewares/Third_Party/FreeRTOS/Source/tasks.c.obj
 .debug_line    0x0000a180       0xa6 CMakeFiles/RTOS_V1.elf.dir/startup/startup_stm32f103xb.s.obj

.debug_str      0x00000000     0x4174
 .debug_str     0x00000000      0x2c5 CMakeFiles/RTOS_V1.elf.dir/Core/RTOS/Task/Task1.c.obj
                                0x317 (size before relaxing)
 .debug_str     0x000002c5       0x4c CMakeFiles/RTOS_V1.elf.dir/Core/RTOS/Task/Task2.c.obj
                                0x279 (size before relaxing)
 .debug_str     0x00000311      0x615 CMakeFiles/RTOS_V1.elf.dir/Core/RTOS/Task/init_Task.c.obj
                                0x8f6 (size before relaxing)
 .debug_str     0x00000926      0x44c CMakeFiles/RTOS_V1.elf.dir/Core/Retartget/retarget.c.obj
                                0xa02 (size before relaxing)
 .debug_str     0x00000d72       0x8c CMakeFiles/RTOS_V1.elf.dir/Core/Src/gpio.c.obj
                                0x22f (size before relaxing)
 .debug_str     0x00000dfe      0x1df CMakeFiles/RTOS_V1.elf.dir/Core/Src/main.c.obj
                                0x3d2 (size before relaxing)
 .debug_str     0x00000fdd      0x36a CMakeFiles/RTOS_V1.elf.dir/Core/Src/stm32f1xx_hal_msp.c.obj
                                0x553 (size before relaxing)
 .debug_str     0x00001347       0xed CMakeFiles/RTOS_V1.elf.dir/Core/Src/stm32f1xx_it.c.obj
                                0x28c (size before relaxing)
 .debug_str     0x00001434      0x243 CMakeFiles/RTOS_V1.elf.dir/Core/Src/syscalls.c.obj
                                0x46a (size before relaxing)
 .debug_str     0x00001677       0xa4 CMakeFiles/RTOS_V1.elf.dir/Core/Src/system_stm32f1xx.c.obj
                                0x29e (size before relaxing)
 .debug_str     0x0000171b       0xd8 CMakeFiles/RTOS_V1.elf.dir/Core/Src/usart.c.obj
                                0x6e2 (size before relaxing)
 .debug_str     0x000017f3      0x31d CMakeFiles/RTOS_V1.elf.dir/Drivers/STM32F1xx_HAL_Driver/Src/stm32f1xx_hal.c.obj
                                0x86e (size before relaxing)
 .debug_str     0x00001b10      0x3e2 CMakeFiles/RTOS_V1.elf.dir/Drivers/STM32F1xx_HAL_Driver/Src/stm32f1xx_hal_cortex.c.obj
                                0x91d (size before relaxing)
 .debug_str     0x00001ef2      0x16e CMakeFiles/RTOS_V1.elf.dir/Drivers/STM32F1xx_HAL_Driver/Src/stm32f1xx_hal_gpio.c.obj
                                0x44a (size before relaxing)
 .debug_str     0x00002060      0x21a CMakeFiles/RTOS_V1.elf.dir/Drivers/STM32F1xx_HAL_Driver/Src/stm32f1xx_hal_rcc.c.obj
                                0x675 (size before relaxing)
 .debug_str     0x0000227a      0x645 CMakeFiles/RTOS_V1.elf.dir/Drivers/STM32F1xx_HAL_Driver/Src/stm32f1xx_hal_uart.c.obj
                                0xcd8 (size before relaxing)
 .debug_str     0x000028bf      0xb43 CMakeFiles/RTOS_V1.elf.dir/Middlewares/Third_Party/FreeRTOS/Source/CMSIS_RTOS/cmsis_os.c.obj
                               0x1044 (size before relaxing)
 .debug_str     0x00003402      0x15f CMakeFiles/RTOS_V1.elf.dir/Middlewares/Third_Party/FreeRTOS/Source/list.c.obj
                                0x33f (size before relaxing)
 .debug_str     0x00003561      0x243 CMakeFiles/RTOS_V1.elf.dir/Middlewares/Third_Party/FreeRTOS/Source/portable/GCC/ARM_CM3/port.c.obj
                                0x4af (size before relaxing)
 .debug_str     0x000037a4       0x85 CMakeFiles/RTOS_V1.elf.dir/Middlewares/Third_Party/FreeRTOS/Source/portable/MemMang/heap_3.c.obj
                                0x25d (size before relaxing)
 .debug_str     0x00003829      0x8f6 CMakeFiles/RTOS_V1.elf.dir/Middlewares/Third_Party/FreeRTOS/Source/tasks.c.obj
                               0x1013 (size before relaxing)
 .debug_str     0x0000411f       0x55 CMakeFiles/RTOS_V1.elf.dir/startup/startup_stm32f103xb.s.obj
                                 0x90 (size before relaxing)

.comment        0x00000000       0x49
 .comment       0x00000000       0x49 CMakeFiles/RTOS_V1.elf.dir/Core/RTOS/Task/Task1.c.obj
                                 0x4a (size before relaxing)
 .comment       0x00000049       0x4a CMakeFiles/RTOS_V1.elf.dir/Core/RTOS/Task/Task2.c.obj
 .comment       0x00000049       0x4a CMakeFiles/RTOS_V1.elf.dir/Core/RTOS/Task/init_Task.c.obj
 .comment       0x00000049       0x4a CMakeFiles/RTOS_V1.elf.dir/Core/Retartget/retarget.c.obj
 .comment       0x00000049       0x4a CMakeFiles/RTOS_V1.elf.dir/Core/Src/gpio.c.obj
 .comment       0x00000049       0x4a CMakeFiles/RTOS_V1.elf.dir/Core/Src/main.c.obj
 .comment       0x00000049       0x4a CMakeFiles/RTOS_V1.elf.dir/Core/Src/stm32f1xx_hal_msp.c.obj
 .comment       0x00000049       0x4a CMakeFiles/RTOS_V1.elf.dir/Core/Src/stm32f1xx_it.c.obj
 .comment       0x00000049       0x4a CMakeFiles/RTOS_V1.elf.dir/Core/Src/syscalls.c.obj
 .comment       0x00000049       0x4a CMakeFiles/RTOS_V1.elf.dir/Core/Src/system_stm32f1xx.c.obj
 .comment       0x00000049       0x4a CMakeFiles/RTOS_V1.elf.dir/Core/Src/usart.c.obj
 .comment       0x00000049       0x4a CMakeFiles/RTOS_V1.elf.dir/Drivers/STM32F1xx_HAL_Driver/Src/stm32f1xx_hal.c.obj
 .comment       0x00000049       0x4a CMakeFiles/RTOS_V1.elf.dir/Drivers/STM32F1xx_HAL_Driver/Src/stm32f1xx_hal_cortex.c.obj
 .comment       0x00000049       0x4a CMakeFiles/RTOS_V1.elf.dir/Drivers/STM32F1xx_HAL_Driver/Src/stm32f1xx_hal_gpio.c.obj
 .comment       0x00000049       0x4a CMakeFiles/RTOS_V1.elf.dir/Drivers/STM32F1xx_HAL_Driver/Src/stm32f1xx_hal_rcc.c.obj
 .comment       0x00000049       0x4a CMakeFiles/RTOS_V1.elf.dir/Drivers/STM32F1xx_HAL_Driver/Src/stm32f1xx_hal_uart.c.obj
 .comment       0x00000049       0x4a CMakeFiles/RTOS_V1.elf.dir/Middlewares/Third_Party/FreeRTOS/Source/CMSIS_RTOS/cmsis_os.c.obj
 .comment       0x00000049       0x4a CMakeFiles/RTOS_V1.elf.dir/Middlewares/Third_Party/FreeRTOS/Source/list.c.obj
 .comment       0x00000049       0x4a CMakeFiles/RTOS_V1.elf.dir/Middlewares/Third_Party/FreeRTOS/Source/portable/GCC/ARM_CM3/port.c.obj
 .comment       0x00000049       0x4a CMakeFiles/RTOS_V1.elf.dir/Middlewares/Third_Party/FreeRTOS/Source/portable/MemMang/heap_3.c.obj
 .comment       0x00000049       0x4a CMakeFiles/RTOS_V1.elf.dir/Middlewares/Third_Party/FreeRTOS/Source/tasks.c.obj

.debug_frame    0x00000000     0x2624
 .debug_frame   0x00000000       0x28 CMakeFiles/RTOS_V1.elf.dir/Core/RTOS/Task/Task1.c.obj
 .debug_frame   0x00000028       0x28 CMakeFiles/RTOS_V1.elf.dir/Core/RTOS/Task/Task2.c.obj
 .debug_frame   0x00000050       0x58 CMakeFiles/RTOS_V1.elf.dir/Core/RTOS/Task/init_Task.c.obj
 .debug_frame   0x000000a8       0x40 CMakeFiles/RTOS_V1.elf.dir/Core/Retartget/retarget.c.obj
 .debug_frame   0x000000e8       0x28 CMakeFiles/RTOS_V1.elf.dir/Core/Src/gpio.c.obj
 .debug_frame   0x00000110       0x58 CMakeFiles/RTOS_V1.elf.dir/Core/Src/main.c.obj
 .debug_frame   0x00000168       0x2c CMakeFiles/RTOS_V1.elf.dir/Core/Src/stm32f1xx_hal_msp.c.obj
 .debug_frame   0x00000194       0x88 CMakeFiles/RTOS_V1.elf.dir/Core/Src/stm32f1xx_it.c.obj
 .debug_frame   0x0000021c      0x1a8 CMakeFiles/RTOS_V1.elf.dir/Core/Src/syscalls.c.obj
 .debug_frame   0x000003c4       0x30 CMakeFiles/RTOS_V1.elf.dir/Core/Src/system_stm32f1xx.c.obj
 .debug_frame   0x000003f4       0x60 CMakeFiles/RTOS_V1.elf.dir/Core/Src/usart.c.obj
 .debug_frame   0x00000454      0x1cc CMakeFiles/RTOS_V1.elf.dir/Drivers/STM32F1xx_HAL_Driver/Src/stm32f1xx_hal.c.obj
 .debug_frame   0x00000620      0x118 CMakeFiles/RTOS_V1.elf.dir/Drivers/STM32F1xx_HAL_Driver/Src/stm32f1xx_hal_cortex.c.obj
 .debug_frame   0x00000738       0xe4 CMakeFiles/RTOS_V1.elf.dir/Drivers/STM32F1xx_HAL_Driver/Src/stm32f1xx_hal_gpio.c.obj
 .debug_frame   0x0000081c      0x190 CMakeFiles/RTOS_V1.elf.dir/Drivers/STM32F1xx_HAL_Driver/Src/stm32f1xx_hal_rcc.c.obj
 .debug_frame   0x000009ac      0x5c4 CMakeFiles/RTOS_V1.elf.dir/Drivers/STM32F1xx_HAL_Driver/Src/stm32f1xx_hal_uart.c.obj
 .debug_frame   0x00000f70      0x58c CMakeFiles/RTOS_V1.elf.dir/Middlewares/Third_Party/FreeRTOS/Source/CMSIS_RTOS/cmsis_os.c.obj
 .debug_frame   0x000014fc       0x70 CMakeFiles/RTOS_V1.elf.dir/Middlewares/Third_Party/FreeRTOS/Source/list.c.obj
 .debug_frame   0x0000156c       0xf0 CMakeFiles/RTOS_V1.elf.dir/Middlewares/Third_Party/FreeRTOS/Source/portable/GCC/ARM_CM3/port.c.obj
 .debug_frame   0x0000165c       0x44 CMakeFiles/RTOS_V1.elf.dir/Middlewares/Third_Party/FreeRTOS/Source/portable/MemMang/heap_3.c.obj
 .debug_frame   0x000016a0      0x568 CMakeFiles/RTOS_V1.elf.dir/Middlewares/Third_Party/FreeRTOS/Source/tasks.c.obj
 .debug_frame   0x00001c08       0x20 c:/progra~2/gnuarm~1/102021~1.10/bin/../lib/gcc/arm-none-eabi/10.3.1/../../../../arm-none-eabi/lib/thumb/v7-m/nofp\libg.a(lib_a-errno.o)
 .debug_frame   0x00001c28       0x2c c:/progra~2/gnuarm~1/102021~1.10/bin/../lib/gcc/arm-none-eabi/10.3.1/../../../../arm-none-eabi/lib/thumb/v7-m/nofp\libg.a(lib_a-init.o)
 .debug_frame   0x00001c54       0x30 c:/progra~2/gnuarm~1/102021~1.10/bin/../lib/gcc/arm-none-eabi/10.3.1/../../../../arm-none-eabi/lib/thumb/v7-m/nofp\libg.a(lib_a-malloc.o)
 .debug_frame   0x00001c84       0x4c c:/progra~2/gnuarm~1/102021~1.10/bin/../lib/gcc/arm-none-eabi/10.3.1/../../../../arm-none-eabi/lib/thumb/v7-m/nofp\libg.a(lib_a-mallocr.o)
 .debug_frame   0x00001cd0       0x2c c:/progra~2/gnuarm~1/102021~1.10/bin/../lib/gcc/arm-none-eabi/10.3.1/../../../../arm-none-eabi/lib/thumb/v7-m/nofp\libg.a(lib_a-memset.o)
 .debug_frame   0x00001cfc       0x30 c:/progra~2/gnuarm~1/102021~1.10/bin/../lib/gcc/arm-none-eabi/10.3.1/../../../../arm-none-eabi/lib/thumb/v7-m/nofp\libg.a(lib_a-mlock.o)
 .debug_frame   0x00001d2c       0x48 c:/progra~2/gnuarm~1/102021~1.10/bin/../lib/gcc/arm-none-eabi/10.3.1/../../../../arm-none-eabi/lib/thumb/v7-m/nofp\libg.a(lib_a-puts.o)
 .debug_frame   0x00001d74       0x2c c:/progra~2/gnuarm~1/102021~1.10/bin/../lib/gcc/arm-none-eabi/10.3.1/../../../../arm-none-eabi/lib/thumb/v7-m/nofp\libg.a(lib_a-sbrkr.o)
 .debug_frame   0x00001da0       0x48 c:/progra~2/gnuarm~1/102021~1.10/bin/../lib/gcc/arm-none-eabi/10.3.1/../../../../arm-none-eabi/lib/thumb/v7-m/nofp\libg.a(lib_a-setvbuf.o)
 .debug_frame   0x00001de8       0x20 c:/progra~2/gnuarm~1/102021~1.10/bin/../lib/gcc/arm-none-eabi/10.3.1/../../../../arm-none-eabi/lib/thumb/v7-m/nofp\libg.a(lib_a-strlen-stub.o)
 .debug_frame   0x00001e08       0x5c c:/progra~2/gnuarm~1/102021~1.10/bin/../lib/gcc/arm-none-eabi/10.3.1/../../../../arm-none-eabi/lib/thumb/v7-m/nofp\libg.a(lib_a-__call_atexit.o)
 .debug_frame   0x00001e64       0x20 c:/progra~2/gnuarm~1/102021~1.10/bin/../lib/gcc/arm-none-eabi/10.3.1/../../../../arm-none-eabi/lib/thumb/v7-m/nofp\libg.a(lib_a-atexit.o)
 .debug_frame   0x00001e84       0x70 c:/progra~2/gnuarm~1/102021~1.10/bin/../lib/gcc/arm-none-eabi/10.3.1/../../../../arm-none-eabi/lib/thumb/v7-m/nofp\libg.a(lib_a-fflush.o)
 .debug_frame   0x00001ef4      0x154 c:/progra~2/gnuarm~1/102021~1.10/bin/../lib/gcc/arm-none-eabi/10.3.1/../../../../arm-none-eabi/lib/thumb/v7-m/nofp\libg.a(lib_a-findfp.o)
 .debug_frame   0x00002048       0x34 c:/progra~2/gnuarm~1/102021~1.10/bin/../lib/gcc/arm-none-eabi/10.3.1/../../../../arm-none-eabi/lib/thumb/v7-m/nofp\libg.a(lib_a-fini.o)
 .debug_frame   0x0000207c       0x8c c:/progra~2/gnuarm~1/102021~1.10/bin/../lib/gcc/arm-none-eabi/10.3.1/../../../../arm-none-eabi/lib/thumb/v7-m/nofp\libg.a(lib_a-freer.o)
 .debug_frame   0x00002108       0x64 c:/progra~2/gnuarm~1/102021~1.10/bin/../lib/gcc/arm-none-eabi/10.3.1/../../../../arm-none-eabi/lib/thumb/v7-m/nofp\libg.a(lib_a-fvwrite.o)
 .debug_frame   0x0000216c       0x54 c:/progra~2/gnuarm~1/102021~1.10/bin/../lib/gcc/arm-none-eabi/10.3.1/../../../../arm-none-eabi/lib/thumb/v7-m/nofp\libg.a(lib_a-fwalk.o)
 .debug_frame   0x000021c0       0xb0 c:/progra~2/gnuarm~1/102021~1.10/bin/../lib/gcc/arm-none-eabi/10.3.1/../../../../arm-none-eabi/lib/thumb/v7-m/nofp\libg.a(lib_a-lock.o)
 .debug_frame   0x00002270       0x70 c:/progra~2/gnuarm~1/102021~1.10/bin/../lib/gcc/arm-none-eabi/10.3.1/../../../../arm-none-eabi/lib/thumb/v7-m/nofp\libg.a(lib_a-makebuf.o)
 .debug_frame   0x000022e0       0x28 c:/progra~2/gnuarm~1/102021~1.10/bin/../lib/gcc/arm-none-eabi/10.3.1/../../../../arm-none-eabi/lib/thumb/v7-m/nofp\libg.a(lib_a-memchr-stub.o)
 .debug_frame   0x00002308       0x40 c:/progra~2/gnuarm~1/102021~1.10/bin/../lib/gcc/arm-none-eabi/10.3.1/../../../../arm-none-eabi/lib/thumb/v7-m/nofp\libg.a(lib_a-memmove.o)
 .debug_frame   0x00002348       0x48 c:/progra~2/gnuarm~1/102021~1.10/bin/../lib/gcc/arm-none-eabi/10.3.1/../../../../arm-none-eabi/lib/thumb/v7-m/nofp\libg.a(lib_a-reallocr.o)
 .debug_frame   0x00002390       0x64 c:/progra~2/gnuarm~1/102021~1.10/bin/../lib/gcc/arm-none-eabi/10.3.1/../../../../arm-none-eabi/lib/thumb/v7-m/nofp\libg.a(lib_a-reent.o)
 .debug_frame   0x000023f4       0x8c c:/progra~2/gnuarm~1/102021~1.10/bin/../lib/gcc/arm-none-eabi/10.3.1/../../../../arm-none-eabi/lib/thumb/v7-m/nofp\libg.a(lib_a-stdio.o)
 .debug_frame   0x00002480       0x2c c:/progra~2/gnuarm~1/102021~1.10/bin/../lib/gcc/arm-none-eabi/10.3.1/../../../../arm-none-eabi/lib/thumb/v7-m/nofp\libg.a(lib_a-writer.o)
 .debug_frame   0x000024ac       0x2c c:/progra~2/gnuarm~1/102021~1.10/bin/../lib/gcc/arm-none-eabi/10.3.1/../../../../arm-none-eabi/lib/thumb/v7-m/nofp\libg.a(lib_a-wsetup.o)
 .debug_frame   0x000024d8       0x34 c:/progra~2/gnuarm~1/102021~1.10/bin/../lib/gcc/arm-none-eabi/10.3.1/../../../../arm-none-eabi/lib/thumb/v7-m/nofp\libg.a(lib_a-__atexit.o)
 .debug_frame   0x0000250c       0x2c c:/progra~2/gnuarm~1/102021~1.10/bin/../lib/gcc/arm-none-eabi/10.3.1/../../../../arm-none-eabi/lib/thumb/v7-m/nofp\libg.a(lib_a-closer.o)
 .debug_frame   0x00002538       0x3c c:/progra~2/gnuarm~1/102021~1.10/bin/../lib/gcc/arm-none-eabi/10.3.1/../../../../arm-none-eabi/lib/thumb/v7-m/nofp\libg.a(lib_a-fclose.o)
 .debug_frame   0x00002574       0x2c c:/progra~2/gnuarm~1/102021~1.10/bin/../lib/gcc/arm-none-eabi/10.3.1/../../../../arm-none-eabi/lib/thumb/v7-m/nofp\libg.a(lib_a-fstatr.o)
 .debug_frame   0x000025a0       0x2c c:/progra~2/gnuarm~1/102021~1.10/bin/../lib/gcc/arm-none-eabi/10.3.1/../../../../arm-none-eabi/lib/thumb/v7-m/nofp\libg.a(lib_a-isattyr.o)
 .debug_frame   0x000025cc       0x2c c:/progra~2/gnuarm~1/102021~1.10/bin/../lib/gcc/arm-none-eabi/10.3.1/../../../../arm-none-eabi/lib/thumb/v7-m/nofp\libg.a(lib_a-lseekr.o)
 .debug_frame   0x000025f8       0x2c c:/progra~2/gnuarm~1/102021~1.10/bin/../lib/gcc/arm-none-eabi/10.3.1/../../../../arm-none-eabi/lib/thumb/v7-m/nofp\libg.a(lib_a-readr.o)