Archive member included to satisfy reference by file (symbol)

c:/progra~2/gnuarm~1/102021~1.10/bin/../lib/gcc/arm-none-eabi/10.3.1/../../../../arm-none-eabi/lib/thumb/v7-m/nofp\libg.a(lib_a-errno.o)
                              CMakeFiles/RTOS_V1.elf.dir/Core/Retartget/retarget.c.obj (__errno)
c:/progra~2/gnuarm~1/102021~1.10/bin/../lib/gcc/arm-none-eabi/10.3.1/../../../../arm-none-eabi/lib/thumb/v7-m/nofp\libg.a(lib_a-exit.o)
                              c:/progra~2/gnuarm~1/102021~1.10/bin/../lib/gcc/arm-none-eabi/10.3.1/../../../../arm-none-eabi/lib/thumb/v7-m/nofp/crt0.o (exit)
c:/progra~2/gnuarm~1/102021~1.10/bin/../lib/gcc/arm-none-eabi/10.3.1/../../../../arm-none-eabi/lib/thumb/v7-m/nofp\libg.a(lib_a-impure.o)
                              c:/progra~2/gnuarm~1/102021~1.10/bin/../lib/gcc/arm-none-eabi/10.3.1/../../../../arm-none-eabi/lib/thumb/v7-m/nofp\libg.a(lib_a-exit.o) (_global_impure_ptr)
c:/progra~2/gnuarm~1/102021~1.10/bin/../lib/gcc/arm-none-eabi/10.3.1/../../../../arm-none-eabi/lib/thumb/v7-m/nofp\libg.a(lib_a-init.o)
                              c:/progra~2/gnuarm~1/102021~1.10/bin/../lib/gcc/arm-none-eabi/10.3.1/../../../../arm-none-eabi/lib/thumb/v7-m/nofp/crt0.o (__libc_init_array)
c:/progra~2/gnuarm~1/102021~1.10/bin/../lib/gcc/arm-none-eabi/10.3.1/../../../../arm-none-eabi/lib/thumb/v7-m/nofp\libg.a(lib_a-malloc.o)
                              CMakeFiles/RTOS_V1.elf.dir/Middlewares/Third_Party/FreeRTOS/Source/portable/MemMang/heap_3.c.obj (malloc)
c:/progra~2/gnuarm~1/102021~1.10/bin/../lib/gcc/arm-none-eabi/10.3.1/../../../../arm-none-eabi/lib/thumb/v7-m/nofp\libg.a(lib_a-mallocr.o)
                              c:/progra~2/gnuarm~1/102021~1.10/bin/../lib/gcc/arm-none-eabi/10.3.1/../../../../arm-none-eabi/lib/thumb/v7-m/nofp\libg.a(lib_a-malloc.o) (_malloc_r)
c:/progra~2/gnuarm~1/102021~1.10/bin/../lib/gcc/arm-none-eabi/10.3.1/../../../../arm-none-eabi/lib/thumb/v7-m/nofp\libg.a(lib_a-memcpy.o)
                              CMakeFiles/RTOS_V1.elf.dir/Middlewares/Third_Party/FreeRTOS/Source/queue.c.obj (memcpy)
c:/progra~2/gnuarm~1/102021~1.10/bin/../lib/gcc/arm-none-eabi/10.3.1/../../../../arm-none-eabi/lib/thumb/v7-m/nofp\libg.a(lib_a-memset.o)
                              c:/progra~2/gnuarm~1/102021~1.10/bin/../lib/gcc/arm-none-eabi/10.3.1/../../../../arm-none-eabi/lib/thumb/v7-m/nofp/crt0.o (memset)
c:/progra~2/gnuarm~1/102021~1.10/bin/../lib/gcc/arm-none-eabi/10.3.1/../../../../arm-none-eabi/lib/thumb/v7-m/nofp\libg.a(lib_a-mlock.o)
                              c:/progra~2/gnuarm~1/102021~1.10/bin/../lib/gcc/arm-none-eabi/10.3.1/../../../../arm-none-eabi/lib/thumb/v7-m/nofp\libg.a(lib_a-mallocr.o) (__malloc_lock)
c:/progra~2/gnuarm~1/102021~1.10/bin/../lib/gcc/arm-none-eabi/10.3.1/../../../../arm-none-eabi/lib/thumb/v7-m/nofp\libg.a(lib_a-printf.o)
                              CMakeFiles/RTOS_V1.elf.dir/Core/RTOS/Task/mailbox.c.obj (printf)
c:/progra~2/gnuarm~1/102021~1.10/bin/../lib/gcc/arm-none-eabi/10.3.1/../../../../arm-none-eabi/lib/thumb/v7-m/nofp\libg.a(lib_a-puts.o)
                              CMakeFiles/RTOS_V1.elf.dir/Core/RTOS/Task/Task1.c.obj (puts)
c:/progra~2/gnuarm~1/102021~1.10/bin/../lib/gcc/arm-none-eabi/10.3.1/../../../../arm-none-eabi/lib/thumb/v7-m/nofp\libg.a(lib_a-sbrkr.o)
                              c:/progra~2/gnuarm~1/102021~1.10/bin/../lib/gcc/arm-none-eabi/10.3.1/../../../../arm-none-eabi/lib/thumb/v7-m/nofp\libg.a(lib_a-mallocr.o) (_sbrk_r)
c:/progra~2/gnuarm~1/102021~1.10/bin/../lib/gcc/arm-none-eabi/10.3.1/../../../../arm-none-eabi/lib/thumb/v7-m/nofp\libg.a(lib_a-setvbuf.o)
                              CMakeFiles/RTOS_V1.elf.dir/Core/Retartget/retarget.c.obj (setvbuf)
c:/progra~2/gnuarm~1/102021~1.10/bin/../lib/gcc/arm-none-eabi/10.3.1/../../../../arm-none-eabi/lib/thumb/v7-m/nofp\libg.a(lib_a-strlen-stub.o)
                              c:/progra~2/gnuarm~1/102021~1.10/bin/../lib/gcc/arm-none-eabi/10.3.1/../../../../arm-none-eabi/lib/thumb/v7-m/nofp\libg.a(lib_a-puts.o) (strlen)
c:/progra~2/gnuarm~1/102021~1.10/bin/../lib/gcc/arm-none-eabi/10.3.1/../../../../arm-none-eabi/lib/thumb/v7-m/nofp\libg.a(lib_a-vfprintf.o)
                              c:/progra~2/gnuarm~1/102021~1.10/bin/../lib/gcc/arm-none-eabi/10.3.1/../../../../arm-none-eabi/lib/thumb/v7-m/nofp\libg.a(lib_a-printf.o) (_vfprintf_r)
c:/progra~2/gnuarm~1/102021~1.10/bin/../lib/gcc/arm-none-eabi/10.3.1/../../../../arm-none-eabi/lib/thumb/v7-m/nofp\libg.a(lib_a-wsetup.o)
                              c:/progra~2/gnuarm~1/102021~1.10/bin/../lib/gcc/arm-none-eabi/10.3.1/../../../../arm-none-eabi/lib/thumb/v7-m/nofp\libg.a(lib_a-vfprintf.o) (__swsetup_r)
c:/progra~2/gnuarm~1/102021~1.10/bin/../lib/gcc/arm-none-eabi/10.3.1/../../../../arm-none-eabi/lib/thumb/v7-m/nofp\libg.a(lib_a-__call_atexit.o)
                              c:/progra~2/gnuarm~1/102021~1.10/bin/../lib/gcc/arm-none-eabi/10.3.1/../../../../arm-none-eabi/lib/thumb/v7-m/nofp\libg.a(lib_a-exit.o) (__call_exitprocs)
[...]
Memory Configuration

Name             Origin             Length             Attributes
RAM              0x20000000         0x00005000         xrw
FLASH            0x08000000         0x00010000         xr
*default*        0x00000000         0xffffffff

Linker script and memory map

LOAD c:/progra~2/gnuarm~1/102021~1.10/bin/../lib/gcc/arm-none-eabi/10.3.1/thumb/v7-m/nofp/crti.o
LOAD c:/progra~2/gnuarm~1/102021~1.10/bin/../lib/gcc/arm-none-eabi/10.3.1/thumb/v7-m/nofp/crtbegin.o
LOAD c:/progra~2/gnuarm~1/102021~1.10/bin/../lib/gcc/arm-none-eabi/10.3.1/../../../../arm-none-eabi/lib/thumb/v7-m/nofp/crt0.o
LOAD CMakeFiles/RTOS_V1.elf.dir/Core/RTOS/Task/Task1.c.obj
LOAD CMakeFiles/RTOS_V1.elf.dir/Core/RTOS/Task/Task2.c.obj
LOAD CMakeFiles/RTOS_V1.elf.dir/Core/RTOS/Task/init_Task.c.obj
LOAD CMakeFiles/RTOS_V1.elf.dir/Core/RTOS/Task/mailbox.c.obj
LOAD CMakeFiles/RTOS_V1.elf.dir/Core/RTOS/Task/vReceiverTask.c.obj
LOAD CMakeFiles/RTOS_V1.elf.dir/Core/RTOS/Task/vSenderTask.c.obj
LOAD CMakeFiles/RTOS_V1.elf.dir/Core/Retartget/retarget.c.obj
LOAD CMakeFiles/RTOS_V1.elf.dir/Core/Src/gpio.c.obj
LOAD CMakeFiles/RTOS_V1.elf.dir/Core/Src/main.c.obj
LOAD CMakeFiles/RTOS_V1.elf.dir/Core/Src/stm32f1xx_hal_msp.c.obj
LOAD CMakeFiles/RTOS_V1.elf.dir/Core/Src/stm32f1xx_it.c.obj
LOAD CMakeFiles/RTOS_V1.elf.dir/Core/Src/syscalls.c.obj
LOAD CMakeFiles/RTOS_V1.elf.dir/Core/Src/system_stm32f1xx.c.obj
LOAD CMakeFiles/RTOS_V1.elf.dir/Core/Src/usart.c.obj
LOAD CMakeFiles/RTOS_V1.elf.dir/Drivers/STM32F1xx_HAL_Driver/Src/stm32f1xx_hal.c.obj
LOAD CMakeFiles/RTOS_V1.elf.dir/Drivers/STM32F1xx_HAL_Driver/Src/stm32f1xx_hal_cortex.c.obj
LOAD CMakeFiles/RTOS_V1.elf.dir/Drivers/STM32F1xx_HAL_Driver/Src/stm32f1xx_hal_dma.c.obj
LOAD CMakeFiles/RTOS_V1.elf.dir/Drivers/STM32F1xx_HAL_Driver/Src/stm32f1xx_hal_exti.c.obj
LOAD CMakeFiles/RTOS_V1.elf.dir/Drivers/STM32F1xx_HAL_Driver/Src/stm32f1xx_hal_flash.c.obj
LOAD CMakeFiles/RTOS_V1.elf.dir/Drivers/STM32F1xx_HAL_Driver/Src/stm32f1xx_hal_flash_ex.c.obj
LOAD CMakeFiles/RTOS_V1.elf.dir/Drivers/STM32F1xx_HAL_Driver/Src/stm32f1xx_hal_gpio.c.obj
LOAD CMakeFiles/RTOS_V1.elf.dir/Drivers/STM32F1xx_HAL_Driver/Src/stm32f1xx_hal_gpio_ex.c.obj
LOAD CMakeFiles/RTOS_V1.elf.dir/Drivers/STM32F1xx_HAL_Driver/Src/stm32f1xx_hal_pwr.c.obj
LOAD CMakeFiles/RTOS_V1.elf.dir/Drivers/STM32F1xx_HAL_Driver/Src/stm32f1xx_hal_rcc.c.obj
LOAD CMakeFiles/RTOS_V1.elf.dir/Drivers/STM32F1xx_HAL_Driver/Src/stm32f1xx_hal_rcc_ex.c.obj
LOAD CMakeFiles/RTOS_V1.elf.dir/Drivers/STM32F1xx_HAL_Driver/Src/stm32f1xx_hal_tim.c.obj
LOAD CMakeFiles/RTOS_V1.elf.dir/Drivers/STM32F1xx_HAL_Driver/Src/stm32f1xx_hal_tim_ex.c.obj
LOAD CMakeFiles/RTOS_V1.elf.dir/Drivers/STM32F1xx_HAL_Driver/Src/stm32f1xx_hal_uart.c.obj
LOAD CMakeFiles/RTOS_V1.elf.dir/Middlewares/Third_Party/FreeRTOS/Source/CMSIS_RTOS/cmsis_os.c.obj
LOAD CMakeFiles/RTOS_V1.elf.dir/Middlewares/Third_Party/FreeRTOS/Source/croutine.c.obj
LOAD CMakeFiles/RTOS_V1.elf.dir/Middlewares/Third_Party/FreeRTOS/Source/event_groups.c.obj
LOAD CMakeFiles/RTOS_V1.elf.dir/Middlewares/Third_Party/FreeRTOS/Source/list.c.obj
LOAD CMakeFiles/RTOS_V1.elf.dir/Middlewares/Third_Party/FreeRTOS/Source/portable/GCC/ARM_CM3/port.c.obj
LOAD CMakeFiles/RTOS_V1.elf.dir/Middlewares/Third_Party/FreeRTOS/Source/portable/MemMang/heap_3.c.obj
LOAD CMakeFiles/RTOS_V1.elf.dir/Middlewares/Third_Party/FreeRTOS/Source/queue.c.obj
LOAD CMakeFiles/RTOS_V1.elf.dir/Middlewares/Third_Party/FreeRTOS/Source/stream_buffer.c.obj
LOAD CMakeFiles/RTOS_V1.elf.dir/Middlewares/Third_Party/FreeRTOS/Source/tasks.c.obj
LOAD CMakeFiles/RTOS_V1.elf.dir/Middlewares/Third_Party/FreeRTOS/Source/timers.c.obj
LOAD CMakeFiles/RTOS_V1.elf.dir/startup/startup_stm32f103xb.s.obj
START GROUP
LOAD c:/progra~2/gnuarm~1/102021~1.10/bin/../lib/gcc/arm-none-eabi/10.3.1/thumb/v7-m/nofp\libgcc.a
LOAD c:/progra~2/gnuarm~1/102021~1.10/bin/../lib/gcc/arm-none-eabi/10.3.1/../../../../arm-none-eabi/lib/thumb/v7-m/nofp\libg.a
LOAD c:/progra~2/gnuarm~1/102021~1.10/bin/../lib/gcc/arm-none-eabi/10.3.1/../../../../arm-none-eabi/lib/thumb/v7-m/nofp\libc.a
END GROUP
LOAD c:/progra~2/gnuarm~1/102021~1.10/bin/../lib/gcc/arm-none-eabi/10.3.1/thumb/v7-m/nofp/crtend.o
LOAD c:/progra~2/gnuarm~1/102021~1.10/bin/../lib/gcc/arm-none-eabi/10.3.1/thumb/v7-m/nofp/crtn.o
                0x20005000                _estack = 0x20005000
                0x00000200                _Min_Heap_Size = 0x200
                0x00000400                _Min_Stack_Size = 0x400

.isr_vector     0x08000000      0x10c
                0x08000000                . = ALIGN (0x4)
 *(.isr_vector)
 .isr_vector    0x08000000      0x10c CMakeFiles/RTOS_V1.elf.dir/startup/startup_stm32f103xb.s.obj
                0x08000000                g_pfnVectors
                0x0800010c                . = ALIGN (0x4)

.text           0x08000110     0x99cc
                0x08000110                . = ALIGN (0x4)
 *(.text)
 .text          0x08000110       0x40 c:/progra~2/gnuarm~1/102021~1.10/bin/../lib/gcc/arm-none-eabi/10.3.1/thumb/v7-m/nofp/crtbegin.o
 .text          0x08000150       0xec c:/progra~2/gnuarm~1/102021~1.10/bin/../lib/gcc/arm-none-eabi/10.3.1/../../../../arm-none-eabi/lib/thumb/v7-m/nofp\libg.a(lib_a-memcpy.o)
                0x08000150                memcpy
 .text          0x0800023c      0x378 c:/progra~2/gnuarm~1/102021~1.10/bin/../lib/gcc/arm-none-eabi/10.3.1/thumb/v7-m/nofp\libgcc.a(_arm_addsubdf3.o)
                0x0800023c                __aeabi_drsub
                0x08000244                __aeabi_dsub
                0x08000244                __subdf3
                0x08000248                __aeabi_dadd
                0x08000248                __adddf3
                0x080004c0                __floatunsidf
                0x080004c0                __aeabi_ui2d
                0x080004e0                __floatsidf
                0x080004e0                __aeabi_i2d
                0x08000504                __aeabi_f2d
                0x08000504                __extendsfdf2
                0x08000548                __floatundidf
                0x08000548                __aeabi_ul2d
                0x08000558                __floatdidf
                0x08000558                __aeabi_l2d
 .text          0x080005b4      0x424 c:/progra~2/gnuarm~1/102021~1.10/bin/../lib/gcc/arm-none-eabi/10.3.1/thumb/v7-m/nofp\libgcc.a(_arm_muldivdf3.o)
                0x080005b4                __aeabi_dmul
                0x080005b4                __muldf3
                0x08000808                __divdf3
                0x08000808                __aeabi_ddiv
 .text          0x080009d8      0x110 c:/progra~2/gnuarm~1/102021~1.10/bin/../lib/gcc/arm-none-eabi/10.3.1/thumb/v7-m/nofp\libgcc.a(_arm_cmpdf2.o)
                0x080009d8                __gtdf2
                0x080009d8                __gedf2
                0x080009e0                __ltdf2
                0x080009e0                __ledf2
                0x080009e8                __nedf2
                0x080009e8                __eqdf2
                0x080009e8                __cmpdf2
                0x08000a64                __aeabi_cdrcmple
                0x08000a74                __aeabi_cdcmpeq
                0x08000a74                __aeabi_cdcmple
                0x08000a84                __aeabi_dcmpeq
                0x08000a98                __aeabi_dcmplt
                0x08000aac                __aeabi_dcmple
                0x08000ac0                __aeabi_dcmpge
                0x08000ad4                __aeabi_dcmpgt
 .text          0x08000ae8       0x2c c:/progra~2/gnuarm~1/102021~1.10/bin/../lib/gcc/arm-none-eabi/10.3.1/thumb/v7-m/nofp\libgcc.a(_arm_unorddf2.o)
                0x08000ae8                __unorddf2
                0x08000ae8                __aeabi_dcmpun
 .text          0x08000b14       0x50 c:/progra~2/gnuarm~1/102021~1.10/bin/../lib/gcc/arm-none-eabi/10.3.1/thumb/v7-m/nofp\libgcc.a(_arm_fixdfsi.o)
                0x08000b14                __aeabi_d2iz
                0x08000b14                __fixdfsi
 .text          0x08000b64       0x30 c:/progra~2/gnuarm~1/102021~1.10/bin/../lib/gcc/arm-none-eabi/10.3.1/thumb/v7-m/nofp\libgcc.a(_aeabi_uldivmod.o)
                0x08000b64                __aeabi_uldivmod
 .text          0x08000b94      0x2d4 c:/progra~2/gnuarm~1/102021~1.10/bin/../lib/gcc/arm-none-eabi/10.3.1/thumb/v7-m/nofp\libgcc.a(_udivmoddi4.o)
                0x08000b94                __udivmoddi4
 .text          0x08000e68        0x4 c:/progra~2/gnuarm~1/102021~1.10/bin/../lib/gcc/arm-none-eabi/10.3.1/thumb/v7-m/nofp\libgcc.a(_dvmd_tls.o)
                0x08000e68                __aeabi_idiv0
                0x08000e68                __aeabi_ldiv0
 *(.text*)
 .text.vApplicationGetIdleTaskMemory
                0x08000e6c       0x18 CMakeFiles/RTOS_V1.elf.dir/Core/RTOS/Task/init_Task.c.obj
                0x08000e6c                vApplicationGetIdleTaskMemory
 .text.MX_FREERTOS_Init
                0x08000e84       0xc8 CMakeFiles/RTOS_V1.elf.dir/Core/RTOS/Task/init_Task.c.obj
                0x08000e84                MX_FREERTOS_Init
 .text.vReceiverTask_mail
                0x08000f4c       0x80 CMakeFiles/RTOS_V1.elf.dir/Core/RTOS/Task/mailbox.c.obj
                0x08000f4c                vReceiverTask_mail
 .text.KEY_Scan
                0x08000fcc       0x64 CMakeFiles/RTOS_V1.elf.dir/Core/RTOS/Task/mailbox.c.obj
                0x08000fcc                KEY_Scan
 .text.vSenderTask_mail
                0x08001030       0x64 CMakeFiles/RTOS_V1.elf.dir/Core/RTOS/Task/mailbox.c.obj
                0x08001030                vSenderTask_mail
 .text.gpio_init_led
                0x08001094       0x84 CMakeFiles/RTOS_V1.elf.dir/Core/RTOS/Task/mailbox.c.obj
                0x08001094                gpio_init_led
 .text.RetargetInit
                0x08001118       0x20 CMakeFiles/RTOS_V1.elf.dir/Core/Retartget/retarget.c.obj
                0x08001118                RetargetInit
 .text._write   0x08001138       0x34 CMakeFiles/RTOS_V1.elf.dir/Core/Retartget/retarget.c.obj
                0x08001138                _write
 .text.MX_GPIO_Init
                0x0800116c       0x44 CMakeFiles/RTOS_V1.elf.dir/Core/Src/gpio.c.obj
                0x0800116c                MX_GPIO_Init
 .text.Error_Handler
                0x080011b0        0x4 CMakeFiles/RTOS_V1.elf.dir/Core/Src/main.c.obj
                0x080011b0                Error_Handler
 .text.SystemClock_Config
                0x080011b4       0x52 CMakeFiles/RTOS_V1.elf.dir/Core/Src/main.c.obj
                0x080011b4                SystemClock_Config
 .text.main     0x08001206       0x1c CMakeFiles/RTOS_V1.elf.dir/Core/Src/main.c.obj
                0x08001206                main
 *fill*         0x08001222        0x2 
 .text.HAL_MspInit
                0x08001224       0x54 CMakeFiles/RTOS_V1.elf.dir/Core/Src/stm32f1xx_hal_msp.c.obj
                0x08001224                HAL_MspInit
 .text.NMI_Handler
                0x08001278        0x2 CMakeFiles/RTOS_V1.elf.dir/Core/Src/stm32f1xx_it.c.obj
                0x08001278                NMI_Handler
 .text.HardFault_Handler
                0x0800127a        0x2 CMakeFiles/RTOS_V1.elf.dir/Core/Src/stm32f1xx_it.c.obj
                0x0800127a                HardFault_Handler
 .text.MemManage_Handler
                0x0800127c        0x2 CMakeFiles/RTOS_V1.elf.dir/Core/Src/stm32f1xx_it.c.obj
                0x0800127c                MemManage_Handler
 .text.BusFault_Handler
                0x0800127e        0x2 CMakeFiles/RTOS_V1.elf.dir/Core/Src/stm32f1xx_it.c.obj
                0x0800127e                BusFault_Handler
 .text.UsageFault_Handler
                0x08001280        0x2 CMakeFiles/RTOS_V1.elf.dir/Core/Src/stm32f1xx_it.c.obj
                0x08001280                UsageFault_Handler
 .text.DebugMon_Handler
                0x08001282        0x2 CMakeFiles/RTOS_V1.elf.dir/Core/Src/stm32f1xx_it.c.obj
                0x08001282                DebugMon_Handler
 .text.SysTick_Handler
                0x08001284       0x16 CMakeFiles/RTOS_V1.elf.dir/Core/Src/stm32f1xx_it.c.obj
                0x08001284                SysTick_Handler
 .text._getpid  0x0800129a        0x4 CMakeFiles/RTOS_V1.elf.dir/Core/Src/syscalls.c.obj
                0x0800129a                _getpid
 .text._kill    0x0800129e       0x10 CMakeFiles/RTOS_V1.elf.dir/Core/Src/syscalls.c.obj
                0x0800129e                _kill
 .text._exit    0x080012ae        0xc CMakeFiles/RTOS_V1.elf.dir/Core/Src/syscalls.c.obj
                0x080012ae                _exit
 .text._read    0x080012ba       0x20 CMakeFiles/RTOS_V1.elf.dir/Core/Src/syscalls.c.obj
                0x080012ba                _read
 *fill*         0x080012da        0x2 
 .text._sbrk    0x080012dc       0x3c CMakeFiles/RTOS_V1.elf.dir/Core/Src/syscalls.c.obj
                0x080012dc                _sbrk
 .text._close   0x08001318        0x6 CMakeFiles/RTOS_V1.elf.dir/Core/Src/syscalls.c.obj
                0x08001318                _close
 .text._fstat   0x0800131e        0xa CMakeFiles/RTOS_V1.elf.dir/Core/Src/syscalls.c.obj
                0x0800131e                _fstat
 .text._isatty  0x08001328        0x4 CMakeFiles/RTOS_V1.elf.dir/Core/Src/syscalls.c.obj
                0x08001328                _isatty
 .text._lseek   0x0800132c        0x4 CMakeFiles/RTOS_V1.elf.dir/Core/Src/syscalls.c.obj
                0x0800132c                _lseek
 .text.SystemInit
                0x08001330        0x2 CMakeFiles/RTOS_V1.elf.dir/Core/Src/system_stm32f1xx.c.obj
                0x08001330                SystemInit
 *fill*         0x08001332        0x2 
 .text.MX_USART1_UART_Init
                0x08001334       0x34 CMakeFiles/RTOS_V1.elf.dir/Core/Src/usart.c.obj
                0x08001334                MX_USART1_UART_Init
 .text.HAL_UART_MspInit
                0x08001368       0x78 CMakeFiles/RTOS_V1.elf.dir/Core/Src/usart.c.obj
                0x08001368                HAL_UART_MspInit
 .text.HAL_InitTick
                0x080013e0       0x4c CMakeFiles/RTOS_V1.elf.dir/Drivers/STM32F1xx_HAL_Driver/Src/stm32f1xx_hal.c.obj
                0x080013e0                HAL_InitTick
 .text.HAL_Init
                0x0800142c       0x24 CMakeFiles/RTOS_V1.elf.dir/Drivers/STM32F1xx_HAL_Driver/Src/stm32f1xx_hal.c.obj
                0x0800142c                HAL_Init
 .text.HAL_IncTick
                0x08001450       0x18 CMakeFiles/RTOS_V1.elf.dir/Drivers/STM32F1xx_HAL_Driver/Src/stm32f1xx_hal.c.obj
                0x08001450                HAL_IncTick
 .text.HAL_GetTick
                0x08001468        0xc CMakeFiles/RTOS_V1.elf.dir/Drivers/STM32F1xx_HAL_Driver/Src/stm32f1xx_hal.c.obj
                0x08001468                HAL_GetTick
 .text.HAL_NVIC_SetPriorityGrouping
                0x08001474       0x24 CMakeFiles/RTOS_V1.elf.dir/Drivers/STM32F1xx_HAL_Driver/Src/stm32f1xx_hal_cortex.c.obj
                0x08001474                HAL_NVIC_SetPriorityGrouping
 .text.HAL_NVIC_SetPriority
                0x08001498       0x70 CMakeFiles/RTOS_V1.elf.dir/Drivers/STM32F1xx_HAL_Driver/Src/stm32f1xx_hal_cortex.c.obj
                0x08001498                HAL_NVIC_SetPriority
 .text.HAL_SYSTICK_Config
                0x08001508       0x28 CMakeFiles/RTOS_V1.elf.dir/Drivers/STM32F1xx_HAL_Driver/Src/stm32f1xx_hal_cortex.c.obj
                0x08001508                HAL_SYSTICK_Config
 .text.HAL_GPIO_Init
                0x08001530      0x224 CMakeFiles/RTOS_V1.elf.dir/Drivers/STM32F1xx_HAL_Driver/Src/stm32f1xx_hal_gpio.c.obj
                0x08001530                HAL_GPIO_Init
 .text.HAL_GPIO_ReadPin
                0x08001754        0xe CMakeFiles/RTOS_V1.elf.dir/Drivers/STM32F1xx_HAL_Driver/Src/stm32f1xx_hal_gpio.c.obj
                0x08001754                HAL_GPIO_ReadPin
 .text.HAL_GPIO_WritePin
                0x08001762        0xc CMakeFiles/RTOS_V1.elf.dir/Drivers/STM32F1xx_HAL_Driver/Src/stm32f1xx_hal_gpio.c.obj
                0x08001762                HAL_GPIO_WritePin
 *fill*         0x0800176e        0x2 
 .text.RCC_Delay
                0x08001770       0x2c CMakeFiles/RTOS_V1.elf.dir/Drivers/STM32F1xx_HAL_Driver/Src/stm32f1xx_hal_rcc.c.obj
 .text.HAL_RCC_OscConfig
                0x0800179c      0x410 CMakeFiles/RTOS_V1.elf.dir/Drivers/STM32F1xx_HAL_Driver/Src/stm32f1xx_hal_rcc.c.obj
                0x0800179c                HAL_RCC_OscConfig
 .text.HAL_RCC_GetSysClockFreq
                0x08001bac       0x70 CMakeFiles/RTOS_V1.elf.dir/Drivers/STM32F1xx_HAL_Driver/Src/stm32f1xx_hal_rcc.c.obj
                0x08001bac                HAL_RCC_GetSysClockFreq
 .text.HAL_RCC_ClockConfig
                0x08001c1c      0x16c CMakeFiles/RTOS_V1.elf.dir/Drivers/STM32F1xx_HAL_Driver/Src/stm32f1xx_hal_rcc.c.obj
                0x08001c1c                HAL_RCC_ClockConfig
 .text.HAL_RCC_GetHCLKFreq
                0x08001d88        0xc CMakeFiles/RTOS_V1.elf.dir/Drivers/STM32F1xx_HAL_Driver/Src/stm32f1xx_hal_rcc.c.obj
                0x08001d88                HAL_RCC_GetHCLKFreq
 .text.HAL_RCC_GetPCLK1Freq
                0x08001d94       0x20 CMakeFiles/RTOS_V1.elf.dir/Drivers/STM32F1xx_HAL_Driver/Src/stm32f1xx_hal_rcc.c.obj
                0x08001d94                HAL_RCC_GetPCLK1Freq
 .text.HAL_RCC_GetPCLK2Freq
                0x08001db4       0x20 CMakeFiles/RTOS_V1.elf.dir/Drivers/STM32F1xx_HAL_Driver/Src/stm32f1xx_hal_rcc.c.obj
                0x08001db4                HAL_RCC_GetPCLK2Freq
 .text.UART_SetConfig
                0x08001dd4       0x94 CMakeFiles/RTOS_V1.elf.dir/Drivers/STM32F1xx_HAL_Driver/Src/stm32f1xx_hal_uart.c.obj
 .text.UART_WaitOnFlagUntilTimeout
                0x08001e68       0x6c CMakeFiles/RTOS_V1.elf.dir/Drivers/STM32F1xx_HAL_Driver/Src/stm32f1xx_hal_uart.c.obj
 .text.HAL_UART_Init
                0x08001ed4       0x5e CMakeFiles/RTOS_V1.elf.dir/Drivers/STM32F1xx_HAL_Driver/Src/stm32f1xx_hal_uart.c.obj
                0x08001ed4                HAL_UART_Init
 .text.HAL_UART_Transmit
                0x08001f32       0xd8 CMakeFiles/RTOS_V1.elf.dir/Drivers/STM32F1xx_HAL_Driver/Src/stm32f1xx_hal_uart.c.obj
                0x08001f32                HAL_UART_Transmit
 .text.makeFreeRtosPriority
                0x0800200a        0xc CMakeFiles/RTOS_V1.elf.dir/Middlewares/Third_Party/FreeRTOS/Source/CMSIS_RTOS/cmsis_os.c.obj
 .text.inHandlerMode
                0x08002016        0xc CMakeFiles/RTOS_V1.elf.dir/Middlewares/Third_Party/FreeRTOS/Source/CMSIS_RTOS/cmsis_os.c.obj
 .text.osKernelStart
                0x08002022        0xa CMakeFiles/RTOS_V1.elf.dir/Middlewares/Third_Party/FreeRTOS/Source/CMSIS_RTOS/cmsis_os.c.obj
                0x08002022                osKernelStart
 .text.osThreadCreate
                0x0800202c       0x6a CMakeFiles/RTOS_V1.elf.dir/Middlewares/Third_Party/FreeRTOS/Source/CMSIS_RTOS/cmsis_os.c.obj
                0x0800202c                osThreadCreate
 .text.osDelay  0x08002096        0xe CMakeFiles/RTOS_V1.elf.dir/Middlewares/Third_Party/FreeRTOS/Source/CMSIS_RTOS/cmsis_os.c.obj
                0x08002096                osDelay
 .text.osPoolCreate
                0x080020a4       0x6c CMakeFiles/RTOS_V1.elf.dir/Middlewares/Third_Party/FreeRTOS/Source/CMSIS_RTOS/cmsis_os.c.obj
                0x080020a4                osPoolCreate
 .text.osPoolAlloc
                0x08002110       0x6e CMakeFiles/RTOS_V1.elf.dir/Middlewares/Third_Party/FreeRTOS/Source/CMSIS_RTOS/cmsis_os.c.obj
                0x08002110                osPoolAlloc
 .text.osMessageCreate
                0x0800217e       0x2a CMakeFiles/RTOS_V1.elf.dir/Middlewares/Third_Party/FreeRTOS/Source/CMSIS_RTOS/cmsis_os.c.obj
                0x0800217e                osMessageCreate
 .text.osMailCreate
                0x080021a8       0x64 CMakeFiles/RTOS_V1.elf.dir/Middlewares/Third_Party/FreeRTOS/Source/CMSIS_RTOS/cmsis_os.c.obj
                0x080021a8                osMailCreate
 .text.osMailAlloc
                0x0800220c        0xc CMakeFiles/RTOS_V1.elf.dir/Middlewares/Third_Party/FreeRTOS/Source/CMSIS_RTOS/cmsis_os.c.obj
                0x0800220c                osMailAlloc
 .text.osMailPut
                0x08002218       0x66 CMakeFiles/RTOS_V1.elf.dir/Middlewares/Third_Party/FreeRTOS/Source/CMSIS_RTOS/cmsis_os.c.obj
                0x08002218                osMailPut
 .text.osMailGet
                0x0800227e       0x84 CMakeFiles/RTOS_V1.elf.dir/Middlewares/Third_Party/FreeRTOS/Source/CMSIS_RTOS/cmsis_os.c.obj
                0x0800227e                osMailGet
 .text.vListInitialise
                0x08002302       0x16 CMakeFiles/RTOS_V1.elf.dir/Middlewares/Third_Party/FreeRTOS/Source/list.c.obj
                0x08002302                vListInitialise
 .text.vListInitialiseItem
                0x08002318        0x6 CMakeFiles/RTOS_V1.elf.dir/Middlewares/Third_Party/FreeRTOS/Source/list.c.obj
                0x08002318                vListInitialiseItem
 .text.vListInsertEnd
                0x0800231e       0x16 CMakeFiles/RTOS_V1.elf.dir/Middlewares/Third_Party/FreeRTOS/Source/list.c.obj
                0x0800231e                vListInsertEnd
 .text.vListInsert
                0x08002334       0x32 CMakeFiles/RTOS_V1.elf.dir/Middlewares/Third_Party/FreeRTOS/Source/list.c.obj
                0x08002334                vListInsert
 .text.uxListRemove
                0x08002366       0x26 CMakeFiles/RTOS_V1.elf.dir/Middlewares/Third_Party/FreeRTOS/Source/list.c.obj
                0x08002366                uxListRemove
 .text.prvTaskExitError
                0x0800238c       0x40 CMakeFiles/RTOS_V1.elf.dir/Middlewares/Third_Party/FreeRTOS/Source/portable/GCC/ARM_CM3/port.c.obj
 .text.prvPortStartFirstTask
                0x080023cc       0x20 CMakeFiles/RTOS_V1.elf.dir/Middlewares/Third_Party/FreeRTOS/Source/portable/GCC/ARM_CM3/port.c.obj
 .text.pxPortInitialiseStack
                0x080023ec       0x24 CMakeFiles/RTOS_V1.elf.dir/Middlewares/Third_Party/FreeRTOS/Source/portable/GCC/ARM_CM3/port.c.obj
                0x080023ec                pxPortInitialiseStack
 .text.SVC_Handler
                0x08002410       0x24 CMakeFiles/RTOS_V1.elf.dir/Middlewares/Third_Party/FreeRTOS/Source/portable/GCC/ARM_CM3/port.c.obj
                0x08002410                SVC_Handler
 .text.vPortEnterCritical
                0x08002434       0x44 CMakeFiles/RTOS_V1.elf.dir/Middlewares/Third_Party/FreeRTOS/Source/portable/GCC/ARM_CM3/port.c.obj
                0x08002434                vPortEnterCritical
 .text.vPortExitCritical
                0x08002478       0x2c CMakeFiles/RTOS_V1.elf.dir/Middlewares/Third_Party/FreeRTOS/Source/portable/GCC/ARM_CM3/port.c.obj
                0x08002478                vPortExitCritical
 *fill*         0x080024a4        0xc 
 .text.PendSV_Handler
                0x080024b0       0x44 CMakeFiles/RTOS_V1.elf.dir/Middlewares/Third_Party/FreeRTOS/Source/portable/GCC/ARM_CM3/port.c.obj
                0x080024b0                PendSV_Handler
 .text.xPortSysTickHandler
                0x080024f4       0x2c CMakeFiles/RTOS_V1.elf.dir/Middlewares/Third_Party/FreeRTOS/Source/portable/GCC/ARM_CM3/port.c.obj
                0x080024f4                xPortSysTickHandler
 .text.vPortSetupTimerInterrupt
                0x08002520       0x28 CMakeFiles/RTOS_V1.elf.dir/Middlewares/Third_Party/FreeRTOS/Source/portable/GCC/ARM_CM3/port.c.obj
                0x08002520                vPortSetupTimerInterrupt
 .text.xPortStartScheduler
                0x08002548       0xc0 CMakeFiles/RTOS_V1.elf.dir/Middlewares/Third_Party/FreeRTOS/Source/portable/GCC/ARM_CM3/port.c.obj
                0x08002548                xPortStartScheduler
 .text.vPortValidateInterruptPriority
                0x08002608       0x5c CMakeFiles/RTOS_V1.elf.dir/Middlewares/Third_Party/FreeRTOS/Source/portable/GCC/ARM_CM3/port.c.obj
                0x08002608                vPortValidateInterruptPriority
 .text.pvPortMalloc
                0x08002664       0x18 CMakeFiles/RTOS_V1.elf.dir/Middlewares/Third_Party/FreeRTOS/Source/portable/MemMang/heap_3.c.obj
                0x08002664                pvPortMalloc
 .text.vPortFree
                0x0800267c       0x18 CMakeFiles/RTOS_V1.elf.dir/Middlewares/Third_Party/FreeRTOS/Source/portable/MemMang/heap_3.c.obj
                0x0800267c                vPortFree
 .text.prvIsQueueFull
                0x08002694       0x1e CMakeFiles/RTOS_V1.elf.dir/Middlewares/Third_Party/FreeRTOS/Source/queue.c.obj
 .text.prvIsQueueEmpty
                0x080026b2       0x1a CMakeFiles/RTOS_V1.elf.dir/Middlewares/Third_Party/FreeRTOS/Source/queue.c.obj
 .text.prvCopyDataToQueue
                0x080026cc       0x76 CMakeFiles/RTOS_V1.elf.dir/Middlewares/Third_Party/FreeRTOS/Source/queue.c.obj
 .text.prvCopyDataFromQueue
                0x08002742       0x24 CMakeFiles/RTOS_V1.elf.dir/Middlewares/Third_Party/FreeRTOS/Source/queue.c.obj
 .text.prvUnlockQueue
                0x08002766       0x6e CMakeFiles/RTOS_V1.elf.dir/Middlewares/Third_Party/FreeRTOS/Source/queue.c.obj
 .text.xQueueGenericReset
                0x080027d4       0x84 CMakeFiles/RTOS_V1.elf.dir/Middlewares/Third_Party/FreeRTOS/Source/queue.c.obj
                0x080027d4                xQueueGenericReset
 .text.prvInitialiseNewQueue
                0x08002858       0x1c CMakeFiles/RTOS_V1.elf.dir/Middlewares/Third_Party/FreeRTOS/Source/queue.c.obj
 .text.xQueueGenericCreateStatic
                0x08002874       0x92 CMakeFiles/RTOS_V1.elf.dir/Middlewares/Third_Party/FreeRTOS/Source/queue.c.obj
                0x08002874                xQueueGenericCreateStatic
 .text.xQueueGenericCreate
                0x08002906       0x4e CMakeFiles/RTOS_V1.elf.dir/Middlewares/Third_Party/FreeRTOS/Source/queue.c.obj
                0x08002906                xQueueGenericCreate
 .text.xQueueGenericSend
                0x08002954      0x188 CMakeFiles/RTOS_V1.elf.dir/Middlewares/Third_Party/FreeRTOS/Source/queue.c.obj
                0x08002954                xQueueGenericSend
 .text.xQueueGenericSendFromISR
                0x08002adc       0xcc CMakeFiles/RTOS_V1.elf.dir/Middlewares/Third_Party/FreeRTOS/Source/queue.c.obj
                0x08002adc                xQueueGenericSendFromISR
 .text.xQueueReceive
                0x08002ba8      0x15e CMakeFiles/RTOS_V1.elf.dir/Middlewares/Third_Party/FreeRTOS/Source/queue.c.obj
                0x08002ba8                xQueueReceive
 .text.xQueueReceiveFromISR
                0x08002d06       0xa8 CMakeFiles/RTOS_V1.elf.dir/Middlewares/Third_Party/FreeRTOS/Source/queue.c.obj
                0x08002d06                xQueueReceiveFromISR
 *fill*         0x08002dae        0x2 
 .text.prvResetNextTaskUnblockTime
                0x08002db0       0x2c CMakeFiles/RTOS_V1.elf.dir/Middlewares/Third_Party/FreeRTOS/Source/tasks.c.obj
 .text.prvInitialiseNewTask
                0x08002ddc       0x94 CMakeFiles/RTOS_V1.elf.dir/Middlewares/Third_Party/FreeRTOS/Source/tasks.c.obj
 .text.prvInitialiseTaskLists
                0x08002e70       0x68 CMakeFiles/RTOS_V1.elf.dir/Middlewares/Third_Party/FreeRTOS/Source/tasks.c.obj
 .text.prvAddNewTaskToReadyList
                0x08002ed8       0xa8 CMakeFiles/RTOS_V1.elf.dir/Middlewares/Third_Party/FreeRTOS/Source/tasks.c.obj
 .text.prvDeleteTCB
                0x08002f80       0x38 CMakeFiles/RTOS_V1.elf.dir/Middlewares/Third_Party/FreeRTOS/Source/tasks.c.obj
 .text.prvCheckTasksWaitingTermination
                0x08002fb8       0x4c CMakeFiles/RTOS_V1.elf.dir/Middlewares/Third_Party/FreeRTOS/Source/tasks.c.obj
 .text.prvIdleTask
                0x08003004       0x28 CMakeFiles/RTOS_V1.elf.dir/Middlewares/Third_Party/FreeRTOS/Source/tasks.c.obj
 .text.prvAddCurrentTaskToDelayedList
                0x0800302c       0x98 CMakeFiles/RTOS_V1.elf.dir/Middlewares/Third_Party/FreeRTOS/Source/tasks.c.obj
 .text.xTaskCreateStatic
                0x080030c4       0x74 CMakeFiles/RTOS_V1.elf.dir/Middlewares/Third_Party/FreeRTOS/Source/tasks.c.obj
                0x080030c4                xTaskCreateStatic
 .text.xTaskCreate
                0x08003138       0x68 CMakeFiles/RTOS_V1.elf.dir/Middlewares/Third_Party/FreeRTOS/Source/tasks.c.obj
                0x08003138                xTaskCreate
 .text.vTaskStartScheduler
                0x080031a0       0x74 CMakeFiles/RTOS_V1.elf.dir/Middlewares/Third_Party/FreeRTOS/Source/tasks.c.obj
                0x080031a0                vTaskStartScheduler
 .text.vTaskSuspendAll
                0x08003214       0x10 CMakeFiles/RTOS_V1.elf.dir/Middlewares/Third_Party/FreeRTOS/Source/tasks.c.obj
                0x08003214                vTaskSuspendAll
 .text.xTaskIncrementTick
                0x08003224      0x118 CMakeFiles/RTOS_V1.elf.dir/Middlewares/Third_Party/FreeRTOS/Source/tasks.c.obj
                0x08003224                xTaskIncrementTick
 .text.xTaskResumeAll
                0x0800333c       0xf8 CMakeFiles/RTOS_V1.elf.dir/Middlewares/Third_Party/FreeRTOS/Source/tasks.c.obj
                0x0800333c                xTaskResumeAll
 .text.vTaskDelay
                0x08003434       0x4c CMakeFiles/RTOS_V1.elf.dir/Middlewares/Third_Party/FreeRTOS/Source/tasks.c.obj
                0x08003434                vTaskDelay
 .text.vTaskSwitchContext
                0x08003480       0x98 CMakeFiles/RTOS_V1.elf.dir/Middlewares/Third_Party/FreeRTOS/Source/tasks.c.obj
                0x08003480                vTaskSwitchContext
 .text.vTaskPlaceOnEventList
                0x08003518       0x30 CMakeFiles/RTOS_V1.elf.dir/Middlewares/Third_Party/FreeRTOS/Source/tasks.c.obj
                0x08003518                vTaskPlaceOnEventList
 .text.xTaskRemoveFromEventList
                0x08003548       0x8c CMakeFiles/RTOS_V1.elf.dir/Middlewares/Third_Party/FreeRTOS/Source/tasks.c.obj
                0x08003548                xTaskRemoveFromEventList
 .text.vTaskInternalSetTimeOutState
                0x080035d4       0x18 CMakeFiles/RTOS_V1.elf.dir/Middlewares/Third_Party/FreeRTOS/Source/tasks.c.obj
                0x080035d4                vTaskInternalSetTimeOutState
 .text.xTaskCheckForTimeOut
                0x080035ec       0x84 CMakeFiles/RTOS_V1.elf.dir/Middlewares/Third_Party/FreeRTOS/Source/tasks.c.obj
                0x080035ec                xTaskCheckForTimeOut
 .text.vTaskMissedYield
                0x08003670        0xc CMakeFiles/RTOS_V1.elf.dir/Middlewares/Third_Party/FreeRTOS/Source/tasks.c.obj
                0x08003670                vTaskMissedYield
 .text.xTaskGetSchedulerState
                0x0800367c       0x20 CMakeFiles/RTOS_V1.elf.dir/Middlewares/Third_Party/FreeRTOS/Source/tasks.c.obj
                0x0800367c                xTaskGetSchedulerState
 .text.xTaskPriorityDisinherit
                0x0800369c       0xb4 CMakeFiles/RTOS_V1.elf.dir/Middlewares/Third_Party/FreeRTOS/Source/tasks.c.obj
                0x0800369c                xTaskPriorityDisinherit
 .text.Reset_Handler
                0x08003750       0x48 CMakeFiles/RTOS_V1.elf.dir/startup/startup_stm32f103xb.s.obj
                0x08003750                Reset_Handler
 .text.Default_Handler
                0x08003798        0x2 CMakeFiles/RTOS_V1.elf.dir/startup/startup_stm32f103xb.s.obj
                0x08003798                RTC_Alarm_IRQHandler
                0x08003798                EXTI2_IRQHandler
                0x08003798                TIM1_CC_IRQHandler
                0x08003798                PVD_IRQHandler
                0x08003798                EXTI3_IRQHandler
                0x08003798                EXTI0_IRQHandler
                0x08003798                I2C2_EV_IRQHandler
                0x08003798                ADC1_2_IRQHandler
                0x08003798                SPI1_IRQHandler
                0x08003798                TAMPER_IRQHandler
                0x08003798                DMA1_Channel4_IRQHandler
                0x08003798                USART3_IRQHandler
                0x08003798                RTC_IRQHandler
                0x08003798                DMA1_Channel7_IRQHandler
                0x08003798                CAN1_RX1_IRQHandler
                0x08003798                TIM4_IRQHandler
                0x08003798                I2C1_EV_IRQHandler
                0x08003798                DMA1_Channel6_IRQHandler
                0x08003798                TIM3_IRQHandler
                0x08003798                RCC_IRQHandler
                0x08003798                TIM1_TRG_COM_IRQHandler
                0x08003798                DMA1_Channel1_IRQHandler
                0x08003798                Default_Handler
                0x08003798                EXTI15_10_IRQHandler
                0x08003798                EXTI9_5_IRQHandler
                0x08003798                SPI2_IRQHandler
                0x08003798                DMA1_Channel5_IRQHandler
                0x08003798                EXTI4_IRQHandler
                0x08003798                USB_LP_CAN1_RX0_IRQHandler
                0x08003798                USB_HP_CAN1_TX_IRQHandler
                0x08003798                DMA1_Channel3_IRQHandler
                0x08003798                TIM1_UP_IRQHandler
                0x08003798                WWDG_IRQHandler
                0x08003798                TIM2_IRQHandler
                0x08003798                TIM1_BRK_IRQHandler
                0x08003798                EXTI1_IRQHandler
                0x08003798                USART2_IRQHandler
                0x08003798                I2C2_ER_IRQHandler
                0x08003798                DMA1_Channel2_IRQHandler
                0x08003798                CAN1_SCE_IRQHandler
                0x08003798                FLASH_IRQHandler
                0x08003798                USART1_IRQHandler
                0x08003798                I2C1_ER_IRQHandler
                0x08003798                USBWakeUp_IRQHandler
 *fill*         0x0800379a        0x2 
 .text.__errno  0x0800379c        0xc c:/progra~2/gnuarm~1/102021~1.10/bin/../lib/gcc/arm-none-eabi/10.3.1/../../../../arm-none-eabi/lib/thumb/v7-m/nofp\libg.a(lib_a-errno.o)
                0x0800379c                __errno
 .text.__libc_init_array
                0x080037a8       0x48 c:/progra~2/gnuarm~1/102021~1.10/bin/../lib/gcc/arm-none-eabi/10.3.1/../../../../arm-none-eabi/lib/thumb/v7-m/nofp\libg.a(lib_a-init.o)
                0x080037a8                __libc_init_array
 .text.malloc   0x080037f0       0x10 c:/progra~2/gnuarm~1/102021~1.10/bin/../lib/gcc/arm-none-eabi/10.3.1/../../../../arm-none-eabi/lib/thumb/v7-m/nofp\libg.a(lib_a-malloc.o)
                0x080037f0                malloc
 .text.free     0x08003800       0x10 c:/progra~2/gnuarm~1/102021~1.10/bin/../lib/gcc/arm-none-eabi/10.3.1/../../../../arm-none-eabi/lib/thumb/v7-m/nofp\libg.a(lib_a-malloc.o)
                0x08003800                free
 .text._malloc_r
                0x08003810      0x558 c:/progra~2/gnuarm~1/102021~1.10/bin/../lib/gcc/arm-none-eabi/10.3.1/../../../../arm-none-eabi/lib/thumb/v7-m/nofp\libg.a(lib_a-mallocr.o)
                0x08003810                _malloc_r
 .text.memset   0x08003d68       0xa4 c:/progra~2/gnuarm~1/102021~1.10/bin/../lib/gcc/arm-none-eabi/10.3.1/../../../../arm-none-eabi/lib/thumb/v7-m/nofp\libg.a(lib_a-memset.o)
                0x08003d68                memset
 .text.__malloc_lock
                0x08003e0c        0xc c:/progra~2/gnuarm~1/102021~1.10/bin/../lib/gcc/arm-none-eabi/10.3.1/../../../../arm-none-eabi/lib/thumb/v7-m/nofp\libg.a(lib_a-mlock.o)
                0x08003e0c                __malloc_lock
 .text.__malloc_unlock
                0x08003e18        0xc c:/progra~2/gnuarm~1/102021~1.10/bin/../lib/gcc/arm-none-eabi/10.3.1/../../../../arm-none-eabi/lib/thumb/v7-m/nofp\libg.a(lib_a-mlock.o)
                0x08003e18                __malloc_unlock
 .text.printf   0x08003e24       0x28 c:/progra~2/gnuarm~1/102021~1.10/bin/../lib/gcc/arm-none-eabi/10.3.1/../../../../arm-none-eabi/lib/thumb/v7-m/nofp\libg.a(lib_a-printf.o)
                0x08003e24                printf
 .text._puts_r  0x08003e4c       0x9c c:/progra~2/gnuarm~1/102021~1.10/bin/../lib/gcc/arm-none-eabi/10.3.1/../../../../arm-none-eabi/lib/thumb/v7-m/nofp\libg.a(lib_a-puts.o)
                0x08003e4c                _puts_r
 .text.puts     0x08003ee8       0x10 c:/progra~2/gnuarm~1/102021~1.10/bin/../lib/gcc/arm-none-eabi/10.3.1/../../../../arm-none-eabi/lib/thumb/v7-m/nofp\libg.a(lib_a-puts.o)
                0x08003ee8                puts
 .text._sbrk_r  0x08003ef8       0x24 c:/progra~2/gnuarm~1/102021~1.10/bin/../lib/gcc/arm-none-eabi/10.3.1/../../../../arm-none-eabi/lib/thumb/v7-m/nofp\libg.a(lib_a-sbrkr.o)
                0x08003ef8                _sbrk_r
 .text.setvbuf  0x08003f1c      0x1b0 c:/progra~2/gnuarm~1/102021~1.10/bin/../lib/gcc/arm-none-eabi/10.3.1/../../../../arm-none-eabi/lib/thumb/v7-m/nofp\libg.a(lib_a-setvbuf.o)
                0x08003f1c                setvbuf
 .text.strlen   0x080040cc       0x5c c:/progra~2/gnuarm~1/102021~1.10/bin/../lib/gcc/arm-none-eabi/10.3.1/../../../../arm-none-eabi/lib/thumb/v7-m/nofp\libg.a(lib_a-strlen-stub.o)
                0x080040cc                strlen
 .text._vfprintf_r
                0x08004128     0x1b58 c:/progra~2/gnuarm~1/102021~1.10/bin/../lib/gcc/arm-none-eabi/10.3.1/../../../../arm-none-eabi/lib/thumb/v7-m/nofp\libg.a(lib_a-vfprintf.o)
                0x08004128                _vfprintf_r
 .text.__sbprintf
                0x08005c80       0x84 c:/progra~2/gnuarm~1/102021~1.10/bin/../lib/gcc/arm-none-eabi/10.3.1/../../../../arm-none-eabi/lib/thumb/v7-m/nofp\libg.a(lib_a-vfprintf.o)
 .text.__swsetup_r
                0x08005d04       0xd4 c:/progra~2/gnuarm~1/102021~1.10/bin/../lib/gcc/arm-none-eabi/10.3.1/../../../../arm-none-eabi/lib/thumb/v7-m/nofp\libg.a(lib_a-wsetup.o)
                0x08005d04                __swsetup_r
 .text.startup.register_fini
                0x08005dd8       0x14 c:/progra~2/gnuarm~1/102021~1.10/bin/../lib/gcc/arm-none-eabi/10.3.1/../../../../arm-none-eabi/lib/thumb/v7-m/nofp\libg.a(lib_a-__call_atexit.o)
 .text.atexit   0x08005dec        0xc c:/progra~2/gnuarm~1/102021~1.10/bin/../lib/gcc/arm-none-eabi/10.3.1/../../../../arm-none-eabi/lib/thumb/v7-m/nofp\libg.a(lib_a-atexit.o)
                0x08005dec                atexit
 .text.quorem   0x08005df8      0x12c c:/progra~2/gnuarm~1/102021~1.10/bin/../lib/gcc/arm-none-eabi/10.3.1/../../../../arm-none-eabi/lib/thumb/v7-m/nofp\libg.a(lib_a-dtoa.o)
 *fill*         0x08005f24        0x4 
 .text._dtoa_r  0x08005f28      0xecc c:/progra~2/gnuarm~1/102021~1.10/bin/../lib/gcc/arm-none-eabi/10.3.1/../../../../arm-none-eabi/lib/thumb/v7-m/nofp\libg.a(lib_a-dtoa.o)
                0x08005f28                _dtoa_r
 .text.__sflush_r
                0x08006df4      0x124 c:/progra~2/gnuarm~1/102021~1.10/bin/../lib/gcc/arm-none-eabi/10.3.1/../../../../arm-none-eabi/lib/thumb/v7-m/nofp\libg.a(lib_a-fflush.o)
                0x08006df4                __sflush_r
 .text._fflush_r
                0x08006f18       0x5c c:/progra~2/gnuarm~1/102021~1.10/bin/../lib/gcc/arm-none-eabi/10.3.1/../../../../arm-none-eabi/lib/thumb/v7-m/nofp\libg.a(lib_a-fflush.o)
                0x08006f18                _fflush_r
 .text._cleanup_r
                0x08006f74        0xc c:/progra~2/gnuarm~1/102021~1.10/bin/../lib/gcc/arm-none-eabi/10.3.1/../../../../arm-none-eabi/lib/thumb/v7-m/nofp\libg.a(lib_a-findfp.o)
                0x08006f74                _cleanup_r
 .text.__sinit  0x08006f80      0x10c c:/progra~2/gnuarm~1/102021~1.10/bin/../lib/gcc/arm-none-eabi/10.3.1/../../../../arm-none-eabi/lib/thumb/v7-m/nofp\libg.a(lib_a-findfp.o)
                0x08006f80                __sinit
 .text.__sfp_lock_acquire
                0x0800708c        0xc c:/progra~2/gnuarm~1/102021~1.10/bin/../lib/gcc/arm-none-eabi/10.3.1/../../../../arm-none-eabi/lib/thumb/v7-m/nofp\libg.a(lib_a-findfp.o)
                0x0800708c                __sfp_lock_acquire
 .text.__sfp_lock_release
                0x08007098        0xc c:/progra~2/gnuarm~1/102021~1.10/bin/../lib/gcc/arm-none-eabi/10.3.1/../../../../arm-none-eabi/lib/thumb/v7-m/nofp\libg.a(lib_a-findfp.o)
                0x08007098                __sfp_lock_release
 .text.__libc_fini_array
                0x080070a4       0x2c c:/progra~2/gnuarm~1/102021~1.10/bin/../lib/gcc/arm-none-eabi/10.3.1/../../../../arm-none-eabi/lib/thumb/v7-m/nofp\libg.a(lib_a-fini.o)
                0x080070a4                __libc_fini_array
 .text._malloc_trim_r
                0x080070d0       0xa0 c:/progra~2/gnuarm~1/102021~1.10/bin/../lib/gcc/arm-none-eabi/10.3.1/../../../../arm-none-eabi/lib/thumb/v7-m/nofp\libg.a(lib_a-freer.o)
                0x080070d0                _malloc_trim_r
 .text._free_r  0x08007170      0x200 c:/progra~2/gnuarm~1/102021~1.10/bin/../lib/gcc/arm-none-eabi/10.3.1/../../../../arm-none-eabi/lib/thumb/v7-m/nofp\libg.a(lib_a-freer.o)
                0x08007170                _free_r
 .text.__sfvwrite_r
                0x08007370      0x2f0 c:/progra~2/gnuarm~1/102021~1.10/bin/../lib/gcc/arm-none-eabi/10.3.1/../../../../arm-none-eabi/lib/thumb/v7-m/nofp\libg.a(lib_a-fvwrite.o)
                0x08007370                __sfvwrite_r
 .text._fwalk_reent
                0x08007660       0x48 c:/progra~2/gnuarm~1/102021~1.10/bin/../lib/gcc/arm-none-eabi/10.3.1/../../../../arm-none-eabi/lib/thumb/v7-m/nofp\libg.a(lib_a-fwalk.o)
                0x08007660                _fwalk_reent
 .text._localeconv_r
                0x080076a8        0x8 c:/progra~2/gnuarm~1/102021~1.10/bin/../lib/gcc/arm-none-eabi/10.3.1/../../../../arm-none-eabi/lib/thumb/v7-m/nofp\libg.a(lib_a-localeconv.o)
                0x080076a8                _localeconv_r
 .text.__retarget_lock_init_recursive
                0x080076b0        0x4 c:/progra~2/gnuarm~1/102021~1.10/bin/../lib/gcc/arm-none-eabi/10.3.1/../../../../arm-none-eabi/lib/thumb/v7-m/nofp\libg.a(lib_a-lock.o)
                0x080076b0                __retarget_lock_init_recursive
 .text.__retarget_lock_close_recursive
                0x080076b4        0x4 c:/progra~2/gnuarm~1/102021~1.10/bin/../lib/gcc/arm-none-eabi/10.3.1/../../../../arm-none-eabi/lib/thumb/v7-m/nofp\libg.a(lib_a-lock.o)
                0x080076b4                __retarget_lock_close_recursive
 .text.__retarget_lock_acquire_recursive
                0x080076b8        0x4 c:/progra~2/gnuarm~1/102021~1.10/bin/../lib/gcc/arm-none-eabi/10.3.1/../../../../arm-none-eabi/lib/thumb/v7-m/nofp\libg.a(lib_a-lock.o)
                0x080076b8                __retarget_lock_acquire_recursive
 .text.__retarget_lock_release_recursive
                0x080076bc        0x4 c:/progra~2/gnuarm~1/102021~1.10/bin/../lib/gcc/arm-none-eabi/10.3.1/../../../../arm-none-eabi/lib/thumb/v7-m/nofp\libg.a(lib_a-lock.o)
                0x080076bc                __retarget_lock_release_recursive
 .text.__smakebuf_r
                0x080076c0       0xe0 c:/progra~2/gnuarm~1/102021~1.10/bin/../lib/gcc/arm-none-eabi/10.3.1/../../../../arm-none-eabi/lib/thumb/v7-m/nofp\libg.a(lib_a-makebuf.o)
                0x080076c0                __smakebuf_r
 .text.__swhatbuf_r
                0x080077a0       0x60 c:/progra~2/gnuarm~1/102021~1.10/bin/../lib/gcc/arm-none-eabi/10.3.1/../../../../arm-none-eabi/lib/thumb/v7-m/nofp\libg.a(lib_a-makebuf.o)
                0x080077a0                __swhatbuf_r
 .text.memchr   0x08007800       0x90 c:/progra~2/gnuarm~1/102021~1.10/bin/../lib/gcc/arm-none-eabi/10.3.1/../../../../arm-none-eabi/lib/thumb/v7-m/nofp\libg.a(lib_a-memchr-stub.o)
                0x08007800                memchr
 .text.memmove  0x08007890       0xf8 c:/progra~2/gnuarm~1/102021~1.10/bin/../lib/gcc/arm-none-eabi/10.3.1/../../../../arm-none-eabi/lib/thumb/v7-m/nofp\libg.a(lib_a-memmove.o)
                0x08007890                memmove
 .text._Balloc  0x08007988       0x4c c:/progra~2/gnuarm~1/102021~1.10/bin/../lib/gcc/arm-none-eabi/10.3.1/../../../../arm-none-eabi/lib/thumb/v7-m/nofp\libg.a(lib_a-mprec.o)
                0x08007988                _Balloc
 .text._Bfree   0x080079d4       0x14 c:/progra~2/gnuarm~1/102021~1.10/bin/../lib/gcc/arm-none-eabi/10.3.1/../../../../arm-none-eabi/lib/thumb/v7-m/nofp\libg.a(lib_a-mprec.o)
                0x080079d4                _Bfree
 .text.__multadd
                0x080079e8       0xa4 c:/progra~2/gnuarm~1/102021~1.10/bin/../lib/gcc/arm-none-eabi/10.3.1/../../../../arm-none-eabi/lib/thumb/v7-m/nofp\libg.a(lib_a-mprec.o)
                0x080079e8                __multadd
 .text.__hi0bits
                0x08007a8c       0x40 c:/progra~2/gnuarm~1/102021~1.10/bin/../lib/gcc/arm-none-eabi/10.3.1/../../../../arm-none-eabi/lib/thumb/v7-m/nofp\libg.a(lib_a-mprec.o)
                0x08007a8c                __hi0bits
 .text.__lo0bits
                0x08007acc       0x58 c:/progra~2/gnuarm~1/102021~1.10/bin/../lib/gcc/arm-none-eabi/10.3.1/../../../../arm-none-eabi/lib/thumb/v7-m/nofp\libg.a(lib_a-mprec.o)
                0x08007acc                __lo0bits
 .text.__i2b    0x08007b24       0x5c c:/progra~2/gnuarm~1/102021~1.10/bin/../lib/gcc/arm-none-eabi/10.3.1/../../../../arm-none-eabi/lib/thumb/v7-m/nofp\libg.a(lib_a-mprec.o)
                0x08007b24                __i2b
 .text.__multiply
                0x08007b80      0x15c c:/progra~2/gnuarm~1/102021~1.10/bin/../lib/gcc/arm-none-eabi/10.3.1/../../../../arm-none-eabi/lib/thumb/v7-m/nofp\libg.a(lib_a-mprec.o)
                0x08007b80                __multiply
 .text.__pow5mult
                0x08007cdc       0xb8 c:/progra~2/gnuarm~1/102021~1.10/bin/../lib/gcc/arm-none-eabi/10.3.1/../../../../arm-none-eabi/lib/thumb/v7-m/nofp\libg.a(lib_a-mprec.o)
                0x08007cdc                __pow5mult
 .text.__lshift
                0x08007d94       0xec c:/progra~2/gnuarm~1/102021~1.10/bin/../lib/gcc/arm-none-eabi/10.3.1/../../../../arm-none-eabi/lib/thumb/v7-m/nofp\libg.a(lib_a-mprec.o)
                0x08007d94                __lshift
 .text.__mcmp   0x08007e80       0x40 c:/progra~2/gnuarm~1/102021~1.10/bin/../lib/gcc/arm-none-eabi/10.3.1/../../../../arm-none-eabi/lib/thumb/v7-m/nofp\libg.a(lib_a-mprec.o)
                0x08007e80                __mcmp
 .text.__mdiff  0x08007ec0      0x14c c:/progra~2/gnuarm~1/102021~1.10/bin/../lib/gcc/arm-none-eabi/10.3.1/../../../../arm-none-eabi/lib/thumb/v7-m/nofp\libg.a(lib_a-mprec.o)
                0x08007ec0                __mdiff
 .text.__d2b    0x0800800c       0xc4 c:/progra~2/gnuarm~1/102021~1.10/bin/../lib/gcc/arm-none-eabi/10.3.1/../../../../arm-none-eabi/lib/thumb/v7-m/nofp\libg.a(lib_a-mprec.o)
                0x0800800c                __d2b
 .text._realloc_r
                0x080080d0      0x3dc c:/progra~2/gnuarm~1/102021~1.10/bin/../lib/gcc/arm-none-eabi/10.3.1/../../../../arm-none-eabi/lib/thumb/v7-m/nofp\libg.a(lib_a-reallocr.o)
                0x080080d0                _realloc_r
 .text.frexp    0x080084ac       0x70 c:/progra~2/gnuarm~1/102021~1.10/bin/../lib/gcc/arm-none-eabi/10.3.1/../../../../arm-none-eabi/lib/thumb/v7-m/nofp\libg.a(lib_a-s_frexp.o)
                0x080084ac                frexp
 .text.__sread  0x0800851c       0x24 c:/progra~2/gnuarm~1/102021~1.10/bin/../lib/gcc/arm-none-eabi/10.3.1/../../../../arm-none-eabi/lib/thumb/v7-m/nofp\libg.a(lib_a-stdio.o)
                0x0800851c                __sread
 .text.__swrite
                0x08008540       0x40 c:/progra~2/gnuarm~1/102021~1.10/bin/../lib/gcc/arm-none-eabi/10.3.1/../../../../arm-none-eabi/lib/thumb/v7-m/nofp\libg.a(lib_a-stdio.o)
                0x08008540                __swrite
 .text.__sseek  0x08008580       0x20 c:/progra~2/gnuarm~1/102021~1.10/bin/../lib/gcc/arm-none-eabi/10.3.1/../../../../arm-none-eabi/lib/thumb/v7-m/nofp\libg.a(lib_a-stdio.o)
                0x08008580                __sseek
 .text.__sclose
                0x080085a0        0x8 c:/progra~2/gnuarm~1/102021~1.10/bin/../lib/gcc/arm-none-eabi/10.3.1/../../../../arm-none-eabi/lib/thumb/v7-m/nofp\libg.a(lib_a-stdio.o)
                0x080085a0                __sclose
 .text.strncpy  0x080085a8       0x68 c:/progra~2/gnuarm~1/102021~1.10/bin/../lib/gcc/arm-none-eabi/10.3.1/../../../../arm-none-eabi/lib/thumb/v7-m/nofp\libg.a(lib_a-strncpy.o)
                0x080085a8                strncpy
 .text.__sprint_r.part.0
                0x08008610       0x78 c:/progra~2/gnuarm~1/102021~1.10/bin/../lib/gcc/arm-none-eabi/10.3.1/../../../../arm-none-eabi/lib/thumb/v7-m/nofp\libg.a(lib_a-vfiprintf.o)
 .text.__sprint_r
                0x08008688       0x14 c:/progra~2/gnuarm~1/102021~1.10/bin/../lib/gcc/arm-none-eabi/10.3.1/../../../../arm-none-eabi/lib/thumb/v7-m/nofp\libg.a(lib_a-vfiprintf.o)
                0x08008688                __sprint_r
 .text._vfiprintf_r
                0x0800869c      0xd98 c:/progra~2/gnuarm~1/102021~1.10/bin/../lib/gcc/arm-none-eabi/10.3.1/../../../../arm-none-eabi/lib/thumb/v7-m/nofp\libg.a(lib_a-vfiprintf.o)
                0x0800869c                _vfiprintf_r
 .text.__sbprintf
                0x08009434       0x84 c:/progra~2/gnuarm~1/102021~1.10/bin/../lib/gcc/arm-none-eabi/10.3.1/../../../../arm-none-eabi/lib/thumb/v7-m/nofp\libg.a(lib_a-vfiprintf.o)
 .text._write_r
                0x080094b8       0x2c c:/progra~2/gnuarm~1/102021~1.10/bin/../lib/gcc/arm-none-eabi/10.3.1/../../../../arm-none-eabi/lib/thumb/v7-m/nofp\libg.a(lib_a-writer.o)
                0x080094b8                _write_r
 .text.__register_exitproc
                0x080094e4       0x8c c:/progra~2/gnuarm~1/102021~1.10/bin/../lib/gcc/arm-none-eabi/10.3.1/../../../../arm-none-eabi/lib/thumb/v7-m/nofp\libg.a(lib_a-__atexit.o)
                0x080094e4                __register_exitproc
 .text.__assert_func
                0x08009570       0x40 c:/progra~2/gnuarm~1/102021~1.10/bin/../lib/gcc/arm-none-eabi/10.3.1/../../../../arm-none-eabi/lib/thumb/v7-m/nofp\libg.a(lib_a-assert.o)
                0x08009570                __assert_func
 .text._calloc_r
                0x080095b0       0x78 c:/progra~2/gnuarm~1/102021~1.10/bin/../lib/gcc/arm-none-eabi/10.3.1/../../../../arm-none-eabi/lib/thumb/v7-m/nofp\libg.a(lib_a-callocr.o)
                0x080095b0                _calloc_r
 .text._close_r
                0x08009628       0x24 c:/progra~2/gnuarm~1/102021~1.10/bin/../lib/gcc/arm-none-eabi/10.3.1/../../../../arm-none-eabi/lib/thumb/v7-m/nofp\libg.a(lib_a-closer.o)
                0x08009628                _close_r
 .text._fclose_r
                0x0800964c       0xcc c:/progra~2/gnuarm~1/102021~1.10/bin/../lib/gcc/arm-none-eabi/10.3.1/../../../../arm-none-eabi/lib/thumb/v7-m/nofp\libg.a(lib_a-fclose.o)
                0x0800964c                _fclose_r
 .text.fiprintf
                0x08009718       0x28 c:/progra~2/gnuarm~1/102021~1.10/bin/../lib/gcc/arm-none-eabi/10.3.1/../../../../arm-none-eabi/lib/thumb/v7-m/nofp\libg.a(lib_a-fiprintf.o)
                0x08009718                fiprintf
 .text.__fputwc
                0x08009740       0xa0 c:/progra~2/gnuarm~1/102021~1.10/bin/../lib/gcc/arm-none-eabi/10.3.1/../../../../arm-none-eabi/lib/thumb/v7-m/nofp\libg.a(lib_a-fputwc.o)
                0x08009740                __fputwc
 .text._fputwc_r
                0x080097e0       0x68 c:/progra~2/gnuarm~1/102021~1.10/bin/../lib/gcc/arm-none-eabi/10.3.1/../../../../arm-none-eabi/lib/thumb/v7-m/nofp\libg.a(lib_a-fputwc.o)
                0x080097e0                _fputwc_r
 .text._fstat_r
                0x08009848       0x28 c:/progra~2/gnuarm~1/102021~1.10/bin/../lib/gcc/arm-none-eabi/10.3.1/../../../../arm-none-eabi/lib/thumb/v7-m/nofp\libg.a(lib_a-fstatr.o)
                0x08009848                _fstat_r
 .text._isatty_r
                0x08009870       0x24 c:/progra~2/gnuarm~1/102021~1.10/bin/../lib/gcc/arm-none-eabi/10.3.1/../../../../arm-none-eabi/lib/thumb/v7-m/nofp\libg.a(lib_a-isattyr.o)
                0x08009870                _isatty_r
 .text.__locale_mb_cur_max
                0x08009894        0xc c:/progra~2/gnuarm~1/102021~1.10/bin/../lib/gcc/arm-none-eabi/10.3.1/../../../../arm-none-eabi/lib/thumb/v7-m/nofp\libg.a(lib_a-locale.o)
                0x08009894                __locale_mb_cur_max
 .text._lseek_r
                0x080098a0       0x2c c:/progra~2/gnuarm~1/102021~1.10/bin/../lib/gcc/arm-none-eabi/10.3.1/../../../../arm-none-eabi/lib/thumb/v7-m/nofp\libg.a(lib_a-lseekr.o)
                0x080098a0                _lseek_r
 .text.__ascii_mbtowc
                0x080098cc       0x2c c:/progra~2/gnuarm~1/102021~1.10/bin/../lib/gcc/arm-none-eabi/10.3.1/../../../../arm-none-eabi/lib/thumb/v7-m/nofp\libg.a(lib_a-mbtowc_r.o)
                0x080098cc                __ascii_mbtowc
 .text._read_r  0x080098f8       0x2c c:/progra~2/gnuarm~1/102021~1.10/bin/../lib/gcc/arm-none-eabi/10.3.1/../../../../arm-none-eabi/lib/thumb/v7-m/nofp\libg.a(lib_a-readr.o)
                0x080098f8                _read_r
 .text.__swbuf_r
                0x08009924       0xb0 c:/progra~2/gnuarm~1/102021~1.10/bin/../lib/gcc/arm-none-eabi/10.3.1/../../../../arm-none-eabi/lib/thumb/v7-m/nofp\libg.a(lib_a-wbuf.o)
                0x08009924                __swbuf_r
 .text._wcrtomb_r
                0x080099d4       0x3c c:/progra~2/gnuarm~1/102021~1.10/bin/../lib/gcc/arm-none-eabi/10.3.1/../../../../arm-none-eabi/lib/thumb/v7-m/nofp\libg.a(lib_a-wcrtomb.o)
                0x080099d4                _wcrtomb_r
 .text.__ascii_wctomb
                0x08009a10       0x1c c:/progra~2/gnuarm~1/102021~1.10/bin/../lib/gcc/arm-none-eabi/10.3.1/../../../../arm-none-eabi/lib/thumb/v7-m/nofp\libg.a(lib_a-wctomb_r.o)
                0x08009a10                __ascii_wctomb
 .text.abort    0x08009a2c       0x10 c:/progra~2/gnuarm~1/102021~1.10/bin/../lib/gcc/arm-none-eabi/10.3.1/../../../../arm-none-eabi/lib/thumb/v7-m/nofp\libg.a(lib_a-abort.o)
                0x08009a2c                abort
 .text.raise    0x08009a3c       0x5c c:/progra~2/gnuarm~1/102021~1.10/bin/../lib/gcc/arm-none-eabi/10.3.1/../../../../arm-none-eabi/lib/thumb/v7-m/nofp\libg.a(lib_a-signal.o)
                0x08009a3c                raise
 .text._kill_r  0x08009a98       0x28 c:/progra~2/gnuarm~1/102021~1.10/bin/../lib/gcc/arm-none-eabi/10.3.1/../../../../arm-none-eabi/lib/thumb/v7-m/nofp\libg.a(lib_a-signalr.o)
                0x08009a98                _kill_r
 .text._getpid_r
                0x08009ac0        0x4 c:/progra~2/gnuarm~1/102021~1.10/bin/../lib/gcc/arm-none-eabi/10.3.1/../../../../arm-none-eabi/lib/thumb/v7-m/nofp\libg.a(lib_a-signalr.o)
                0x08009ac0                _getpid_r
 *(.glue_7)
 .glue_7        0x08009ac4        0x0 linker stubs
 *(.glue_7t)
 .glue_7t       0x08009ac4        0x0 linker stubs
 *(.eh_frame)
 .eh_frame      0x08009ac4        0x0 c:/progra~2/gnuarm~1/102021~1.10/bin/../lib/gcc/arm-none-eabi/10.3.1/thumb/v7-m/nofp/crtbegin.o
 *(.init)
 .init          0x08009ac4        0x4 c:/progra~2/gnuarm~1/102021~1.10/bin/../lib/gcc/arm-none-eabi/10.3.1/thumb/v7-m/nofp/crti.o
                0x08009ac4                _init
 .init          0x08009ac8        0x8 c:/progra~2/gnuarm~1/102021~1.10/bin/../lib/gcc/arm-none-eabi/10.3.1/thumb/v7-m/nofp/crtn.o
 *(.fini)
 .fini          0x08009ad0        0x4 c:/progra~2/gnuarm~1/102021~1.10/bin/../lib/gcc/arm-none-eabi/10.3.1/thumb/v7-m/nofp/crti.o
                0x08009ad0                _fini
 .fini          0x08009ad4        0x8 c:/progra~2/gnuarm~1/102021~1.10/bin/../lib/gcc/arm-none-eabi/10.3.1/thumb/v7-m/nofp/crtn.o
                0x08009adc                . = ALIGN (0x4)
                0x08009adc                _etext = .

.vfp11_veneer   0x08009adc        0x0
 .vfp11_veneer  0x08009adc        0x0 linker stubs

.v4_bx          0x08009adc        0x0
 .v4_bx         0x08009adc        0x0 linker stubs

.iplt           0x08009adc        0x0
 .iplt          0x08009adc        0x0 c:/progra~2/gnuarm~1/102021~1.10/bin/../lib/gcc/arm-none-eabi/10.3.1/thumb/v7-m/nofp/crtbegin.o

.rodata         0x08009ae0      0x510
                0x08009ae0                . = ALIGN (0x4)
 *(.rodata)
 .rodata        0x08009ae0       0x48 CMakeFiles/RTOS_V1.elf.dir/Core/RTOS/Task/init_Task.c.obj
 *(.rodata*)
 .rodata.str1.4
                0x08009b28       0x1a CMakeFiles/RTOS_V1.elf.dir/Core/RTOS/Task/init_Task.c.obj
 *fill*         0x08009b42        0x2 
 .rodata.MX_FREERTOS_Init.str1.4
                0x08009b44       0x33 CMakeFiles/RTOS_V1.elf.dir/Core/RTOS/Task/init_Task.c.obj
 *fill*         0x08009b77        0x1 
 .rodata.vReceiverTask_mail.str1.4
                0x08009b78        0x5 CMakeFiles/RTOS_V1.elf.dir/Core/RTOS/Task/mailbox.c.obj
 *fill*         0x08009b7d        0x3 
 .rodata.vSenderTask_mail.str1.4
                0x08009b80       0x39 CMakeFiles/RTOS_V1.elf.dir/Core/RTOS/Task/mailbox.c.obj
 *fill*         0x08009bb9        0x3 
 .rodata.AHBPrescTable
                0x08009bbc       0x10 CMakeFiles/RTOS_V1.elf.dir/Core/Src/system_stm32f1xx.c.obj
                0x08009bbc                AHBPrescTable
 .rodata.APBPrescTable
                0x08009bcc        0x8 CMakeFiles/RTOS_V1.elf.dir/Core/Src/system_stm32f1xx.c.obj
                0x08009bcc                APBPrescTable
 .rodata.HAL_RCC_GetSysClockFreq.str1.4
                0x08009bd4       0x11 CMakeFiles/RTOS_V1.elf.dir/Drivers/STM32F1xx_HAL_Driver/Src/stm32f1xx_hal_rcc.c.obj
 *fill*         0x08009be5        0x3 
 .rodata.vTaskStartScheduler.str1.4
                0x08009be8        0x5 CMakeFiles/RTOS_V1.elf.dir/Middlewares/Third_Party/FreeRTOS/Source/tasks.c.obj
 *fill*         0x08009bed        0x3 
 .rodata._global_impure_ptr
                0x08009bf0        0x4 c:/progra~2/gnuarm~1/102021~1.10/bin/../lib/gcc/arm-none-eabi/10.3.1/../../../../arm-none-eabi/lib/thumb/v7-m/nofp\libg.a(lib_a-impure.o)
                0x08009bf0                _global_impure_ptr
 .rodata._puts_r.str1.4
                0x08009bf4        0x2 c:/progra~2/gnuarm~1/102021~1.10/bin/../lib/gcc/arm-none-eabi/10.3.1/../../../../arm-none-eabi/lib/thumb/v7-m/nofp\libg.a(lib_a-puts.o)
 *fill*         0x08009bf6        0x2 
 .rodata._vfprintf_r.str1.4
                0x08009bf8       0x42 c:/progra~2/gnuarm~1/102021~1.10/bin/../lib/gcc/arm-none-eabi/10.3.1/../../../../arm-none-eabi/lib/thumb/v7-m/nofp\libg.a(lib_a-vfprintf.o)
 *fill*         0x08009c3a        0x2 
 .rodata.blanks.1
                0x08009c3c       0x10 c:/progra~2/gnuarm~1/102021~1.10/bin/../lib/gcc/arm-none-eabi/10.3.1/../../../../arm-none-eabi/lib/thumb/v7-m/nofp\libg.a(lib_a-vfprintf.o)
 .rodata.zeroes.0
                0x08009c4c       0x10 c:/progra~2/gnuarm~1/102021~1.10/bin/../lib/gcc/arm-none-eabi/10.3.1/../../../../arm-none-eabi/lib/thumb/v7-m/nofp\libg.a(lib_a-vfprintf.o)
 .rodata._dtoa_r.str1.4
                0x08009c5c       0xa2 c:/progra~2/gnuarm~1/102021~1.10/bin/../lib/gcc/arm-none-eabi/10.3.1/../../../../arm-none-eabi/lib/thumb/v7-m/nofp\libg.a(lib_a-dtoa.o)
                                 0xa6 (size before relaxing)
 *fill*         0x08009cfe        0x2 
 .rodata.__multadd.str1.4
                0x08009d00       0x7f c:/progra~2/gnuarm~1/102021~1.10/bin/../lib/gcc/arm-none-eabi/10.3.1/../../../../arm-none-eabi/lib/thumb/v7-m/nofp\libg.a(lib_a-mprec.o)
                                 0x93 (size before relaxing)
 *fill*         0x08009d7f        0x1 
 .rodata.__mprec_bigtens
                0x08009d80       0x28 c:/progra~2/gnuarm~1/102021~1.10/bin/../lib/gcc/arm-none-eabi/10.3.1/../../../../arm-none-eabi/lib/thumb/v7-m/nofp\libg.a(lib_a-mprec.o)
                0x08009d80                __mprec_bigtens
 .rodata.__mprec_tens
                0x08009da8       0xc8 c:/progra~2/gnuarm~1/102021~1.10/bin/../lib/gcc/arm-none-eabi/10.3.1/../../../../arm-none-eabi/lib/thumb/v7-m/nofp\libg.a(lib_a-mprec.o)
                0x08009da8                __mprec_tens
 .rodata.p05.0  0x08009e70        0xc c:/progra~2/gnuarm~1/102021~1.10/bin/../lib/gcc/arm-none-eabi/10.3.1/../../../../arm-none-eabi/lib/thumb/v7-m/nofp\libg.a(lib_a-mprec.o)
 .rodata._vfiprintf_r.str1.4
                0x08009e7c       0x2f c:/progra~2/gnuarm~1/102021~1.10/bin/../lib/gcc/arm-none-eabi/10.3.1/../../../../arm-none-eabi/lib/thumb/v7-m/nofp\libg.a(lib_a-vfiprintf.o)
 .rodata.blanks.1
                0x08009e7c       0x10 c:/progra~2/gnuarm~1/102021~1.10/bin/../lib/gcc/arm-none-eabi/10.3.1/../../../../arm-none-eabi/lib/thumb/v7-m/nofp\libg.a(lib_a-vfiprintf.o)
 .rodata.zeroes.0
                0x08009e8c       0x10 c:/progra~2/gnuarm~1/102021~1.10/bin/../lib/gcc/arm-none-eabi/10.3.1/../../../../arm-none-eabi/lib/thumb/v7-m/nofp\libg.a(lib_a-vfiprintf.o)
 .rodata.__assert_func.str1.4
                0x08009e9c       0x3f c:/progra~2/gnuarm~1/102021~1.10/bin/../lib/gcc/arm-none-eabi/10.3.1/../../../../arm-none-eabi/lib/thumb/v7-m/nofp\libg.a(lib_a-assert.o)
                                 0x43 (size before relaxing)
 *fill*         0x08009edb        0x1 
 .rodata._setlocale_r.str1.4
                0x08009edc        0xa c:/progra~2/gnuarm~1/102021~1.10/bin/../lib/gcc/arm-none-eabi/10.3.1/../../../../arm-none-eabi/lib/thumb/v7-m/nofp\libg.a(lib_a-locale.o)
                                  0xd (size before relaxing)
 *fill*         0x08009ee6        0x2 
 .rodata.str1.4
                0x08009ee8        0x2 c:/progra~2/gnuarm~1/102021~1.10/bin/../lib/gcc/arm-none-eabi/10.3.1/../../../../arm-none-eabi/lib/thumb/v7-m/nofp\libg.a(lib_a-locale.o)
 *fill*         0x08009eea        0x2 
 .rodata._ctype_
                0x08009eec      0x101 c:/progra~2/gnuarm~1/102021~1.10/bin/../lib/gcc/arm-none-eabi/10.3.1/../../../../arm-none-eabi/lib/thumb/v7-m/nofp\libg.a(lib_a-ctype_.o)
                0x08009eec                _ctype_
                0x08009ff0                . = ALIGN (0x4)
 *fill*         0x08009fed        0x3 

.ARM.extab
 *(.ARM.extab* .gnu.linkonce.armextab.*)

.ARM            0x08009ff0        0x8
                0x08009ff0                __exidx_start = .
 *(.ARM.exidx*)
 .ARM.exidx     0x08009ff0        0x8 c:/progra~2/gnuarm~1/102021~1.10/bin/../lib/gcc/arm-none-eabi/10.3.1/thumb/v7-m/nofp\libgcc.a(_udivmoddi4.o)
                0x08009ff8                __exidx_end = .

.rel.dyn        0x08009ff8        0x0
 .rel.iplt      0x08009ff8        0x0 c:/progra~2/gnuarm~1/102021~1.10/bin/../lib/gcc/arm-none-eabi/10.3.1/thumb/v7-m/nofp/crtbegin.o

.preinit_array  0x08009ff8        0x0
                0x08009ff8                PROVIDE (__preinit_array_start = .)
 *(.preinit_array*)
                0x08009ff8                PROVIDE (__preinit_array_end = .)

.init_array     0x08009ff8        0x8
                0x08009ff8                PROVIDE (__init_array_start = .)
 *(SORT_BY_NAME(.init_array.*))
 .init_array.00000
                0x08009ff8        0x4 c:/progra~2/gnuarm~1/102021~1.10/bin/../lib/gcc/arm-none-eabi/10.3.1/../../../../arm-none-eabi/lib/thumb/v7-m/nofp\libg.a(lib_a-__call_atexit.o)
 *(.init_array*)
 .init_array    0x08009ffc        0x4 c:/progra~2/gnuarm~1/102021~1.10/bin/../lib/gcc/arm-none-eabi/10.3.1/thumb/v7-m/nofp/crtbegin.o
                0x0800a000                PROVIDE (__init_array_end = .)

.fini_array     0x0800a000        0x4
                0x0800a000                PROVIDE (__fini_array_start = .)
 *(SORT_BY_NAME(.fini_array.*))
 *(.fini_array*)
 .fini_array    0x0800a000        0x4 c:/progra~2/gnuarm~1/102021~1.10/bin/../lib/gcc/arm-none-eabi/10.3.1/thumb/v7-m/nofp/crtbegin.o
                0x0800a004                PROVIDE (__fini_array_end = .)
                0x0800a004                _sidata = LOADADDR (.data)

.data           0x20000000      0x9c0 load address 0x0800a004
                0x20000000                . = ALIGN (0x4)
                0x20000000                _sdata = .
 *(.data)
 *(.data*)
 .data.SystemCoreClock
                0x20000000        0x4 CMakeFiles/RTOS_V1.elf.dir/Core/Src/system_stm32f1xx.c.obj
                0x20000000                SystemCoreClock
 .data.uwTickFreq
                0x20000004        0x1 CMakeFiles/RTOS_V1.elf.dir/Drivers/STM32F1xx_HAL_Driver/Src/stm32f1xx_hal.c.obj
                0x20000004                uwTickFreq
 *fill*         0x20000005        0x3 
 .data.uwTickPrio
                0x20000008        0x4 CMakeFiles/RTOS_V1.elf.dir/Drivers/STM32F1xx_HAL_Driver/Src/stm32f1xx_hal.c.obj
                0x20000008                uwTickPrio
 .data.uxCriticalNesting
                0x2000000c        0x4 CMakeFiles/RTOS_V1.elf.dir/Middlewares/Third_Party/FreeRTOS/Source/portable/GCC/ARM_CM3/port.c.obj
 .data._impure_ptr
                0x20000010        0x4 c:/progra~2/gnuarm~1/102021~1.10/bin/../lib/gcc/arm-none-eabi/10.3.1/../../../../arm-none-eabi/lib/thumb/v7-m/nofp\libg.a(lib_a-impure.o)
                0x20000010                _impure_ptr
 *fill*         0x20000014        0x4 
 .data.impure_data
                0x20000018      0x428 c:/progra~2/gnuarm~1/102021~1.10/bin/../lib/gcc/arm-none-eabi/10.3.1/../../../../arm-none-eabi/lib/thumb/v7-m/nofp\libg.a(lib_a-impure.o)
 .data.__malloc_av_
                0x20000440      0x408 c:/progra~2/gnuarm~1/102021~1.10/bin/../lib/gcc/arm-none-eabi/10.3.1/../../../../arm-none-eabi/lib/thumb/v7-m/nofp\libg.a(lib_a-mallocr.o)
                0x20000440                __malloc_av_
 .data.__malloc_sbrk_base
                0x20000848        0x4 c:/progra~2/gnuarm~1/102021~1.10/bin/../lib/gcc/arm-none-eabi/10.3.1/../../../../arm-none-eabi/lib/thumb/v7-m/nofp\libg.a(lib_a-mallocr.o)
                0x20000848                __malloc_sbrk_base
 .data.__malloc_trim_threshold
                0x2000084c        0x4 c:/progra~2/gnuarm~1/102021~1.10/bin/../lib/gcc/arm-none-eabi/10.3.1/../../../../arm-none-eabi/lib/thumb/v7-m/nofp\libg.a(lib_a-mallocr.o)
                0x2000084c                __malloc_trim_threshold
 .data.__atexit_recursive_mutex
                0x20000850        0x4 c:/progra~2/gnuarm~1/102021~1.10/bin/../lib/gcc/arm-none-eabi/10.3.1/../../../../arm-none-eabi/lib/thumb/v7-m/nofp\libg.a(lib_a-__call_atexit.o)
                0x20000850                __atexit_recursive_mutex
 .data.__global_locale
                0x20000854      0x16c c:/progra~2/gnuarm~1/102021~1.10/bin/../lib/gcc/arm-none-eabi/10.3.1/../../../../arm-none-eabi/lib/thumb/v7-m/nofp\libg.a(lib_a-locale.o)
                0x20000854                __global_locale
                0x200009c0                . = ALIGN (0x4)
                0x200009c0                _edata = .

.igot.plt       0x200009c0        0x0 load address 0x0800a9c4
 .igot.plt      0x200009c0        0x0 c:/progra~2/gnuarm~1/102021~1.10/bin/../lib/gcc/arm-none-eabi/10.3.1/thumb/v7-m/nofp/crtbegin.o
                0x200009c0                . = ALIGN (0x4)

.bss            0x200009c0      0x450 load address 0x0800a9c4
                0x200009c0                _sbss = .
                0x200009c0                __bss_start__ = _sbss
 *(.bss)
 .bss           0x200009c0       0x1c c:/progra~2/gnuarm~1/102021~1.10/bin/../lib/gcc/arm-none-eabi/10.3.1/thumb/v7-m/nofp/crtbegin.o
 *(.bss*)
 .bss.ID_Mail1  0x200009dc        0x4 CMakeFiles/RTOS_V1.elf.dir/Core/RTOS/Task/init_Task.c.obj
                0x200009dc                ID_Mail1
 .bss.ID_Queue1
                0x200009e0        0x4 CMakeFiles/RTOS_V1.elf.dir/Core/RTOS/Task/init_Task.c.obj
                0x200009e0                ID_Queue1
 .bss.mymailReceive
                0x200009e4        0x4 CMakeFiles/RTOS_V1.elf.dir/Core/RTOS/Task/init_Task.c.obj
                0x200009e4                mymailReceive
 .bss.mymailSend
                0x200009e8        0x4 CMakeFiles/RTOS_V1.elf.dir/Core/RTOS/Task/init_Task.c.obj
                0x200009e8                mymailSend
 .bss.xIdleStack
                0x200009ec      0x200 CMakeFiles/RTOS_V1.elf.dir/Core/RTOS/Task/init_Task.c.obj
 .bss.xIdleTaskTCBBuffer
                0x20000bec       0x54 CMakeFiles/RTOS_V1.elf.dir/Core/RTOS/Task/init_Task.c.obj
 .bss.flag.2    0x20000c40        0x1 CMakeFiles/RTOS_V1.elf.dir/Core/RTOS/Task/mailbox.c.obj
 .bss.key_up.0  0x20000c41        0x1 CMakeFiles/RTOS_V1.elf.dir/Core/RTOS/Task/mailbox.c.obj
 *fill*         0x20000c42        0x2 
 .bss.gHuart    0x20000c44        0x4 CMakeFiles/RTOS_V1.elf.dir/Core/Retartget/retarget.c.obj
                0x20000c44                gHuart
 .bss.heap_end.0
                0x20000c48        0x4 CMakeFiles/RTOS_V1.elf.dir/Core/Src/syscalls.c.obj
 .bss.huart1    0x20000c4c       0x44 CMakeFiles/RTOS_V1.elf.dir/Core/Src/usart.c.obj
                0x20000c4c                huart1
 .bss.uwTick    0x20000c90        0x4 CMakeFiles/RTOS_V1.elf.dir/Drivers/STM32F1xx_HAL_Driver/Src/stm32f1xx_hal.c.obj
                0x20000c90                uwTick
 .bss.ucMaxSysCallPriority
                0x20000c94        0x1 CMakeFiles/RTOS_V1.elf.dir/Middlewares/Third_Party/FreeRTOS/Source/portable/GCC/ARM_CM3/port.c.obj
 *fill*         0x20000c95        0x3 
 .bss.ulMaxPRIGROUPValue
                0x20000c98        0x4 CMakeFiles/RTOS_V1.elf.dir/Middlewares/Third_Party/FreeRTOS/Source/portable/GCC/ARM_CM3/port.c.obj
 .bss.pxCurrentTCB
                0x20000c9c        0x4 CMakeFiles/RTOS_V1.elf.dir/Middlewares/Third_Party/FreeRTOS/Source/tasks.c.obj
                0x20000c9c                pxCurrentTCB
 .bss.pxDelayedTaskList
                0x20000ca0        0x4 CMakeFiles/RTOS_V1.elf.dir/Middlewares/Third_Party/FreeRTOS/Source/tasks.c.obj
 .bss.pxOverflowDelayedTaskList
                0x20000ca4        0x4 CMakeFiles/RTOS_V1.elf.dir/Middlewares/Third_Party/FreeRTOS/Source/tasks.c.obj
 .bss.pxReadyTasksLists
                0x20000ca8       0x8c CMakeFiles/RTOS_V1.elf.dir/Middlewares/Third_Party/FreeRTOS/Source/tasks.c.obj
 .bss.uxCurrentNumberOfTasks
                0x20000d34        0x4 CMakeFiles/RTOS_V1.elf.dir/Middlewares/Third_Party/FreeRTOS/Source/tasks.c.obj
 .bss.uxDeletedTasksWaitingCleanUp
                0x20000d38        0x4 CMakeFiles/RTOS_V1.elf.dir/Middlewares/Third_Party/FreeRTOS/Source/tasks.c.obj
 .bss.uxPendedTicks
                0x20000d3c        0x4 CMakeFiles/RTOS_V1.elf.dir/Middlewares/Third_Party/FreeRTOS/Source/tasks.c.obj
 .bss.uxSchedulerSuspended
                0x20000d40        0x4 CMakeFiles/RTOS_V1.elf.dir/Middlewares/Third_Party/FreeRTOS/Source/tasks.c.obj
 .bss.uxTaskNumber
                0x20000d44        0x4 CMakeFiles/RTOS_V1.elf.dir/Middlewares/Third_Party/FreeRTOS/Source/tasks.c.obj
 .bss.uxTopReadyPriority
                0x20000d48        0x4 CMakeFiles/RTOS_V1.elf.dir/Middlewares/Third_Party/FreeRTOS/Source/tasks.c.obj
 .bss.xDelayedTaskList1
                0x20000d4c       0x14 CMakeFiles/RTOS_V1.elf.dir/Middlewares/Third_Party/FreeRTOS/Source/tasks.c.obj
 .bss.xDelayedTaskList2
                0x20000d60       0x14 CMakeFiles/RTOS_V1.elf.dir/Middlewares/Third_Party/FreeRTOS/Source/tasks.c.obj
 .bss.xIdleTaskHandle
                0x20000d74        0x4 CMakeFiles/RTOS_V1.elf.dir/Middlewares/Third_Party/FreeRTOS/Source/tasks.c.obj
 .bss.xNextTaskUnblockTime
                0x20000d78        0x4 CMakeFiles/RTOS_V1.elf.dir/Middlewares/Third_Party/FreeRTOS/Source/tasks.c.obj
 .bss.xNumOfOverflows
                0x20000d7c        0x4 CMakeFiles/RTOS_V1.elf.dir/Middlewares/Third_Party/FreeRTOS/Source/tasks.c.obj
 .bss.xPendingReadyList
                0x20000d80       0x14 CMakeFiles/RTOS_V1.elf.dir/Middlewares/Third_Party/FreeRTOS/Source/tasks.c.obj
 .bss.xSchedulerRunning
                0x20000d94        0x4 CMakeFiles/RTOS_V1.elf.dir/Middlewares/Third_Party/FreeRTOS/Source/tasks.c.obj
 .bss.xSuspendedTaskList
                0x20000d98       0x14 CMakeFiles/RTOS_V1.elf.dir/Middlewares/Third_Party/FreeRTOS/Source/tasks.c.obj
 .bss.xTasksWaitingTermination
                0x20000dac       0x14 CMakeFiles/RTOS_V1.elf.dir/Middlewares/Third_Party/FreeRTOS/Source/tasks.c.obj
 .bss.xTickCount
                0x20000dc0        0x4 CMakeFiles/RTOS_V1.elf.dir/Middlewares/Third_Party/FreeRTOS/Source/tasks.c.obj
 .bss.xYieldPending
                0x20000dc4        0x4 CMakeFiles/RTOS_V1.elf.dir/Middlewares/Third_Party/FreeRTOS/Source/tasks.c.obj
 .bss.__malloc_current_mallinfo
                0x20000dc8       0x28 c:/progra~2/gnuarm~1/102021~1.10/bin/../lib/gcc/arm-none-eabi/10.3.1/../../../../arm-none-eabi/lib/thumb/v7-m/nofp\libg.a(lib_a-mallocr.o)
                0x20000dc8                __malloc_current_mallinfo
 .bss.__malloc_max_sbrked_mem
                0x20000df0        0x4 c:/progra~2/gnuarm~1/102021~1.10/bin/../lib/gcc/arm-none-eabi/10.3.1/../../../../arm-none-eabi/lib/thumb/v7-m/nofp\libg.a(lib_a-mallocr.o)
                0x20000df0                __malloc_max_sbrked_mem
 .bss.__malloc_max_total_mem
                0x20000df4        0x4 c:/progra~2/gnuarm~1/102021~1.10/bin/../lib/gcc/arm-none-eabi/10.3.1/../../../../arm-none-eabi/lib/thumb/v7-m/nofp\libg.a(lib_a-mallocr.o)
                0x20000df4                __malloc_max_total_mem
 .bss.__malloc_top_pad
                0x20000df8        0x4 c:/progra~2/gnuarm~1/102021~1.10/bin/../lib/gcc/arm-none-eabi/10.3.1/../../../../arm-none-eabi/lib/thumb/v7-m/nofp\libg.a(lib_a-mallocr.o)
                0x20000df8                __malloc_top_pad
 .bss.__lock___atexit_recursive_mutex
                0x20000dfc        0x1 c:/progra~2/gnuarm~1/102021~1.10/bin/../lib/gcc/arm-none-eabi/10.3.1/../../../../arm-none-eabi/lib/thumb/v7-m/nofp\libg.a(lib_a-lock.o)
                0x20000dfc                __lock___atexit_recursive_mutex
 *fill*         0x20000dfd        0x3 
 .bss.__lock___malloc_recursive_mutex
                0x20000e00        0x1 c:/progra~2/gnuarm~1/102021~1.10/bin/../lib/gcc/arm-none-eabi/10.3.1/../../../../arm-none-eabi/lib/thumb/v7-m/nofp\libg.a(lib_a-lock.o)
                0x20000e00                __lock___malloc_recursive_mutex
 *fill*         0x20000e01        0x3 
 .bss.__lock___sfp_recursive_mutex
                0x20000e04        0x1 c:/progra~2/gnuarm~1/102021~1.10/bin/../lib/gcc/arm-none-eabi/10.3.1/../../../../arm-none-eabi/lib/thumb/v7-m/nofp\libg.a(lib_a-lock.o)
                0x20000e04                __lock___sfp_recursive_mutex
 *fill*         0x20000e05        0x3 
 .bss.__lock___sinit_recursive_mutex
                0x20000e08        0x1 c:/progra~2/gnuarm~1/102021~1.10/bin/../lib/gcc/arm-none-eabi/10.3.1/../../../../arm-none-eabi/lib/thumb/v7-m/nofp\libg.a(lib_a-lock.o)
                0x20000e08                __lock___sinit_recursive_mutex
 *fill*         0x20000e09        0x3 
 .bss.errno     0x20000e0c        0x4 c:/progra~2/gnuarm~1/102021~1.10/bin/../lib/gcc/arm-none-eabi/10.3.1/../../../../arm-none-eabi/lib/thumb/v7-m/nofp\libg.a(lib_a-reent.o)
                0x20000e0c                errno
 *(COMMON)
                0x20000e10                . = ALIGN (0x4)
                0x20000e10                _ebss = .
                0x20000e10                __bss_end__ = _ebss

._user_heap_stack
                0x20000e10      0x600 load address 0x0800a9c4
                0x20000e10                . = ALIGN (0x8)
                0x20000e10                PROVIDE (end = .)
                [!provide]                PROVIDE (_end = .)
                0x20001010                . = (. + _Min_Heap_Size)
 *fill*         0x20000e10      0x200 
                0x20001410                . = (. + _Min_Stack_Size)
 *fill*         0x20001010      0x400 
                0x20001410                . = ALIGN (0x8)

/DISCARD/
 libc.a(*)
 libm.a(*)
 libgcc.a(*)

.ARM.attributes
                0x00000000       0x29
 *(.ARM.attributes)
 .ARM.attributes
                0x00000000       0x1d c:/progra~2/gnuarm~1/102021~1.10/bin/../lib/gcc/arm-none-eabi/10.3.1/thumb/v7-m/nofp/crti.o
 .ARM.attributes
                0x0000001d       0x2d c:/progra~2/gnuarm~1/102021~1.10/bin/../lib/gcc/arm-none-eabi/10.3.1/thumb/v7-m/nofp/crtbegin.o
 .ARM.attributes
                0x0000004a       0x2d CMakeFiles/RTOS_V1.elf.dir/Core/RTOS/Task/init_Task.c.obj
 .ARM.attributes
                0x00000077       0x2d CMakeFiles/RTOS_V1.elf.dir/Core/RTOS/Task/mailbox.c.obj
 .ARM.attributes
                0x000000a4       0x2d CMakeFiles/RTOS_V1.elf.dir/Core/Retartget/retarget.c.obj
 .ARM.attributes
                0x000000d1       0x2d CMakeFiles/RTOS_V1.elf.dir/Core/Src/gpio.c.obj
 .ARM.attributes
                0x000000fe       0x2d CMakeFiles/RTOS_V1.elf.dir/Core/Src/main.c.obj
 .ARM.attributes
                0x0000012b       0x2d CMakeFiles/RTOS_V1.elf.dir/Core/Src/stm32f1xx_hal_msp.c.obj
 .ARM.attributes
                0x00000158       0x2d CMakeFiles/RTOS_V1.elf.dir/Core/Src/stm32f1xx_it.c.obj
 .ARM.attributes
                0x00000185       0x2d CMakeFiles/RTOS_V1.elf.dir/Core/Src/syscalls.c.obj
 .ARM.attributes
                0x000001b2       0x2d CMakeFiles/RTOS_V1.elf.dir/Core/Src/system_stm32f1xx.c.obj
 .ARM.attributes
                0x000001df       0x2d CMakeFiles/RTOS_V1.elf.dir/Core/Src/usart.c.obj
 .ARM.attributes
                0x0000020c       0x2d CMakeFiles/RTOS_V1.elf.dir/Drivers/STM32F1xx_HAL_Driver/Src/stm32f1xx_hal.c.obj
 .ARM.attributes
                0x00000239       0x2d CMakeFiles/RTOS_V1.elf.dir/Drivers/STM32F1xx_HAL_Driver/Src/stm32f1xx_hal_cortex.c.obj
 .ARM.attributes
                0x00000266       0x2d CMakeFiles/RTOS_V1.elf.dir/Drivers/STM32F1xx_HAL_Driver/Src/stm32f1xx_hal_gpio.c.obj
 .ARM.attributes
                0x00000293       0x2d CMakeFiles/RTOS_V1.elf.dir/Drivers/STM32F1xx_HAL_Driver/Src/stm32f1xx_hal_rcc.c.obj
 .ARM.attributes
                0x000002c0       0x2d CMakeFiles/RTOS_V1.elf.dir/Drivers/STM32F1xx_HAL_Driver/Src/stm32f1xx_hal_uart.c.obj
 .ARM.attributes
                0x000002ed       0x2d CMakeFiles/RTOS_V1.elf.dir/Middlewares/Third_Party/FreeRTOS/Source/CMSIS_RTOS/cmsis_os.c.obj
 .ARM.attributes
                0x0000031a       0x2d CMakeFiles/RTOS_V1.elf.dir/Middlewares/Third_Party/FreeRTOS/Source/list.c.obj
 .ARM.attributes
                0x00000347       0x2d CMakeFiles/RTOS_V1.elf.dir/Middlewares/Third_Party/FreeRTOS/Source/portable/GCC/ARM_CM3/port.c.obj
 .ARM.attributes
                0x00000374       0x2d CMakeFiles/RTOS_V1.elf.dir/Middlewares/Third_Party/FreeRTOS/Source/portable/MemMang/heap_3.c.obj
 .ARM.attributes
                0x000003a1       0x2d CMakeFiles/RTOS_V1.elf.dir/Middlewares/Third_Party/FreeRTOS/Source/queue.c.obj
 .ARM.attributes
                0x000003ce       0x2d CMakeFiles/RTOS_V1.elf.dir/Middlewares/Third_Party/FreeRTOS/Source/tasks.c.obj
 .ARM.attributes
                0x000003fb       0x21 CMakeFiles/RTOS_V1.elf.dir/startup/startup_stm32f103xb.s.obj
 .ARM.attributes
                0x0000041c       0x2d c:/progra~2/gnuarm~1/102021~1.10/bin/../lib/gcc/arm-none-eabi/10.3.1/../../../../arm-none-eabi/lib/thumb/v7-m/nofp\libg.a(lib_a-errno.o)
 .ARM.attributes
                0x00000449       0x2d c:/progra~2/gnuarm~1/102021~1.10/bin/../lib/gcc/arm-none-eabi/10.3.1/../../../../arm-none-eabi/lib/thumb/v7-m/nofp\libg.a(lib_a-impure.o)
 .ARM.attributes
                0x00000476       0x2d c:/progra~2/gnuarm~1/102021~1.10/bin/../lib/gcc/arm-none-eabi/10.3.1/../../../../arm-none-eabi/lib/thumb/v7-m/nofp\libg.a(lib_a-init.o)
 .ARM.attributes
                0x000004a3       0x2d c:/progra~2/gnuarm~1/102021~1.10/bin/../lib/gcc/arm-none-eabi/10.3.1/../../../../arm-none-eabi/lib/thumb/v7-m/nofp\libg.a(lib_a-malloc.o)
 .ARM.attributes
                0x000004d0       0x2d c:/progra~2/gnuarm~1/102021~1.10/bin/../lib/gcc/arm-none-eabi/10.3.1/../../../../arm-none-eabi/lib/thumb/v7-m/nofp\libg.a(lib_a-mallocr.o)
 .ARM.attributes
                0x000004fd       0x1b c:/progra~2/gnuarm~1/102021~1.10/bin/../lib/gcc/arm-none-eabi/10.3.1/../../../../arm-none-eabi/lib/thumb/v7-m/nofp\libg.a(lib_a-memcpy.o)
 .ARM.attributes
                0x00000518       0x2d c:/progra~2/gnuarm~1/102021~1.10/bin/../lib/gcc/arm-none-eabi/10.3.1/../../../../arm-none-eabi/lib/thumb/v7-m/nofp\libg.a(lib_a-memset.o)
 .ARM.attributes
                0x00000545       0x2d c:/progra~2/gnuarm~1/102021~1.10/bin/../lib/gcc/arm-none-eabi/10.3.1/../../../../arm-none-eabi/lib/thumb/v7-m/nofp\libg.a(lib_a-mlock.o)
 .ARM.attributes
                0x00000572       0x2d c:/progra~2/gnuarm~1/102021~1.10/bin/../lib/gcc/arm-none-eabi/10.3.1/../../../../arm-none-eabi/lib/thumb/v7-m/nofp\libg.a(lib_a-printf.o)
 .ARM.attributes
                0x0000059f       0x2d c:/progra~2/gnuarm~1/102021~1.10/bin/../lib/gcc/arm-none-eabi/10.3.1/../../../../arm-none-eabi/lib/thumb/v7-m/nofp\libg.a(lib_a-puts.o)
 .ARM.attributes
                0x000005cc       0x2d c:/progra~2/gnuarm~1/102021~1.10/bin/../lib/gcc/arm-none-eabi/10.3.1/../../../../arm-none-eabi/lib/thumb/v7-m/nofp\libg.a(lib_a-sbrkr.o)
 .ARM.attributes
                0x000005f9       0x2d c:/progra~2/gnuarm~1/102021~1.10/bin/../lib/gcc/arm-none-eabi/10.3.1/../../../../arm-none-eabi/lib/thumb/v7-m/nofp\libg.a(lib_a-setvbuf.o)
 .ARM.attributes
                0x00000626       0x2d c:/progra~2/gnuarm~1/102021~1.10/bin/../lib/gcc/arm-none-eabi/10.3.1/../../../../arm-none-eabi/lib/thumb/v7-m/nofp\libg.a(lib_a-strlen-stub.o)
 .ARM.attributes
                0x00000653       0x2d c:/progra~2/gnuarm~1/102021~1.10/bin/../lib/gcc/arm-none-eabi/10.3.1/../../../../arm-none-eabi/lib/thumb/v7-m/nofp\libg.a(lib_a-vfprintf.o)
 .ARM.attributes
                0x00000680       0x2d c:/progra~2/gnuarm~1/102021~1.10/bin/../lib/gcc/arm-none-eabi/10.3.1/../../../../arm-none-eabi/lib/thumb/v7-m/nofp\libg.a(lib_a-wsetup.o)
 .ARM.attributes
                0x000006ad       0x2d c:/progra~2/gnuarm~1/102021~1.10/bin/../lib/gcc/arm-none-eabi/10.3.1/../../../../arm-none-eabi/lib/thumb/v7-m/nofp\libg.a(lib_a-__call_atexit.o)
 .ARM.attributes
                0x000006da       0x2d c:/progra~2/gnuarm~1/102021~1.10/bin/../lib/gcc/arm-none-eabi/10.3.1/../../../../arm-none-eabi/lib/thumb/v7-m/nofp\libg.a(lib_a-atexit.o)
 .ARM.attributes
                0x00000707       0x2d c:/progra~2/gnuarm~1/102021~1.10/bin/../lib/gcc/arm-none-eabi/10.3.1/../../../../arm-none-eabi/lib/thumb/v7-m/nofp\libg.a(lib_a-dtoa.o)
 .ARM.attributes
                0x00000734       0x2d c:/progra~2/gnuarm~1/102021~1.10/bin/../lib/gcc/arm-none-eabi/10.3.1/../../../../arm-none-eabi/lib/thumb/v7-m/nofp\libg.a(lib_a-fflush.o)
 .ARM.attributes
                0x00000761       0x2d c:/progra~2/gnuarm~1/102021~1.10/bin/../lib/gcc/arm-none-eabi/10.3.1/../../../../arm-none-eabi/lib/thumb/v7-m/nofp\libg.a(lib_a-findfp.o)
 .ARM.attributes
                0x0000078e       0x2d c:/progra~2/gnuarm~1/102021~1.10/bin/../lib/gcc/arm-none-eabi/10.3.1/../../../../arm-none-eabi/lib/thumb/v7-m/nofp\libg.a(lib_a-fini.o)
 .ARM.attributes
                0x000007bb       0x2d c:/progra~2/gnuarm~1/102021~1.10/bin/../lib/gcc/arm-none-eabi/10.3.1/../../../../arm-none-eabi/lib/thumb/v7-m/nofp\libg.a(lib_a-freer.o)
 .ARM.attributes
                0x000007e8       0x2d c:/progra~2/gnuarm~1/102021~1.10/bin/../lib/gcc/arm-none-eabi/10.3.1/../../../../arm-none-eabi/lib/thumb/v7-m/nofp\libg.a(lib_a-fvwrite.o)
 .ARM.attributes
                0x00000815       0x2d c:/progra~2/gnuarm~1/102021~1.10/bin/../lib/gcc/arm-none-eabi/10.3.1/../../../../arm-none-eabi/lib/thumb/v7-m/nofp\libg.a(lib_a-fwalk.o)
 .ARM.attributes
                0x00000842       0x2d c:/progra~2/gnuarm~1/102021~1.10/bin/../lib/gcc/arm-none-eabi/10.3.1/../../../../arm-none-eabi/lib/thumb/v7-m/nofp\libg.a(lib_a-localeconv.o)
 .ARM.attributes
                0x0000086f       0x2d c:/progra~2/gnuarm~1/102021~1.10/bin/../lib/gcc/arm-none-eabi/10.3.1/../../../../arm-none-eabi/lib/thumb/v7-m/nofp\libg.a(lib_a-lock.o)
 .ARM.attributes
                0x0000089c       0x2d c:/progra~2/gnuarm~1/102021~1.10/bin/../lib/gcc/arm-none-eabi/10.3.1/../../../../arm-none-eabi/lib/thumb/v7-m/nofp\libg.a(lib_a-makebuf.o)
 .ARM.attributes
                0x000008c9       0x2d c:/progra~2/gnuarm~1/102021~1.10/bin/../lib/gcc/arm-none-eabi/10.3.1/../../../../arm-none-eabi/lib/thumb/v7-m/nofp\libg.a(lib_a-memchr-stub.o)
 .ARM.attributes
                0x000008f6       0x2d c:/progra~2/gnuarm~1/102021~1.10/bin/../lib/gcc/arm-none-eabi/10.3.1/../../../../arm-none-eabi/lib/thumb/v7-m/nofp\libg.a(lib_a-memmove.o)
 .ARM.attributes
                0x00000923       0x2d c:/progra~2/gnuarm~1/102021~1.10/bin/../lib/gcc/arm-none-eabi/10.3.1/../../../../arm-none-eabi/lib/thumb/v7-m/nofp\libg.a(lib_a-mprec.o)
 .ARM.attributes
                0x00000950       0x2d c:/progra~2/gnuarm~1/102021~1.10/bin/../lib/gcc/arm-none-eabi/10.3.1/../../../../arm-none-eabi/lib/thumb/v7-m/nofp\libg.a(lib_a-reallocr.o)
 .ARM.attributes
                0x0000097d       0x2d c:/progra~2/gnuarm~1/102021~1.10/bin/../lib/gcc/arm-none-eabi/10.3.1/../../../../arm-none-eabi/lib/thumb/v7-m/nofp\libg.a(lib_a-reent.o)
 .ARM.attributes
                0x000009aa       0x2d c:/progra~2/gnuarm~1/102021~1.10/bin/../lib/gcc/arm-none-eabi/10.3.1/../../../../arm-none-eabi/lib/thumb/v7-m/nofp\libg.a(lib_a-s_frexp.o)
 .ARM.attributes
                0x000009d7       0x2d c:/progra~2/gnuarm~1/102021~1.10/bin/../lib/gcc/arm-none-eabi/10.3.1/../../../../arm-none-eabi/lib/thumb/v7-m/nofp\libg.a(lib_a-stdio.o)
 .ARM.attributes
                0x00000a04       0x2d c:/progra~2/gnuarm~1/102021~1.10/bin/../lib/gcc/arm-none-eabi/10.3.1/../../../../arm-none-eabi/lib/thumb/v7-m/nofp\libg.a(lib_a-strncpy.o)
 .ARM.attributes
                0x00000a31       0x2d c:/progra~2/gnuarm~1/102021~1.10/bin/../lib/gcc/arm-none-eabi/10.3.1/../../../../arm-none-eabi/lib/thumb/v7-m/nofp\libg.a(lib_a-vfiprintf.o)
 .ARM.attributes
                0x00000a5e       0x2d c:/progra~2/gnuarm~1/102021~1.10/bin/../lib/gcc/arm-none-eabi/10.3.1/../../../../arm-none-eabi/lib/thumb/v7-m/nofp\libg.a(lib_a-writer.o)
 .ARM.attributes
                0x00000a8b       0x2d c:/progra~2/gnuarm~1/102021~1.10/bin/../lib/gcc/arm-none-eabi/10.3.1/../../../../arm-none-eabi/lib/thumb/v7-m/nofp\libg.a(lib_a-__atexit.o)
 .ARM.attributes
                0x00000ab8       0x2d c:/progra~2/gnuarm~1/102021~1.10/bin/../lib/gcc/arm-none-eabi/10.3.1/../../../../arm-none-eabi/lib/thumb/v7-m/nofp\libg.a(lib_a-assert.o)
 .ARM.attributes
                0x00000ae5       0x2d c:/progra~2/gnuarm~1/102021~1.10/bin/../lib/gcc/arm-none-eabi/10.3.1/../../../../arm-none-eabi/lib/thumb/v7-m/nofp\libg.a(lib_a-callocr.o)
 .ARM.attributes
                0x00000b12       0x2d c:/progra~2/gnuarm~1/102021~1.10/bin/../lib/gcc/arm-none-eabi/10.3.1/../../../../arm-none-eabi/lib/thumb/v7-m/nofp\libg.a(lib_a-closer.o)
 .ARM.attributes
                0x00000b3f       0x2d c:/progra~2/gnuarm~1/102021~1.10/bin/../lib/gcc/arm-none-eabi/10.3.1/../../../../arm-none-eabi/lib/thumb/v7-m/nofp\libg.a(lib_a-fclose.o)
 .ARM.attributes
                0x00000b6c       0x2d c:/progra~2/gnuarm~1/102021~1.10/bin/../lib/gcc/arm-none-eabi/10.3.1/../../../../arm-none-eabi/lib/thumb/v7-m/nofp\libg.a(lib_a-fiprintf.o)
 .ARM.attributes
                0x00000b99       0x2d c:/progra~2/gnuarm~1/102021~1.10/bin/../lib/gcc/arm-none-eabi/10.3.1/../../../../arm-none-eabi/lib/thumb/v7-m/nofp\libg.a(lib_a-fputwc.o)
 .ARM.attributes
                0x00000bc6       0x2d c:/progra~2/gnuarm~1/102021~1.10/bin/../lib/gcc/arm-none-eabi/10.3.1/../../../../arm-none-eabi/lib/thumb/v7-m/nofp\libg.a(lib_a-fstatr.o)
 .ARM.attributes
                0x00000bf3       0x2d c:/progra~2/gnuarm~1/102021~1.10/bin/../lib/gcc/arm-none-eabi/10.3.1/../../../../arm-none-eabi/lib/thumb/v7-m/nofp\libg.a(lib_a-isattyr.o)
 .ARM.attributes
                0x00000c20       0x2d c:/progra~2/gnuarm~1/102021~1.10/bin/../lib/gcc/arm-none-eabi/10.3.1/../../../../arm-none-eabi/lib/thumb/v7-m/nofp\libg.a(lib_a-locale.o)
 .ARM.attributes
                0x00000c4d       0x2d c:/progra~2/gnuarm~1/102021~1.10/bin/../lib/gcc/arm-none-eabi/10.3.1/../../../../arm-none-eabi/lib/thumb/v7-m/nofp\libg.a(lib_a-lseekr.o)
 .ARM.attributes
                0x00000c7a       0x2d c:/progra~2/gnuarm~1/102021~1.10/bin/../lib/gcc/arm-none-eabi/10.3.1/../../../../arm-none-eabi/lib/thumb/v7-m/nofp\libg.a(lib_a-mbtowc_r.o)
 .ARM.attributes
                0x00000ca7       0x2d c:/progra~2/gnuarm~1/102021~1.10/bin/../lib/gcc/arm-none-eabi/10.3.1/../../../../arm-none-eabi/lib/thumb/v7-m/nofp\libg.a(lib_a-readr.o)
 .ARM.attributes
                0x00000cd4       0x2d c:/progra~2/gnuarm~1/102021~1.10/bin/../lib/gcc/arm-none-eabi/10.3.1/../../../../arm-none-eabi/lib/thumb/v7-m/nofp\libg.a(lib_a-wbuf.o)
 .ARM.attributes
                0x00000d01       0x2d c:/progra~2/gnuarm~1/102021~1.10/bin/../lib/gcc/arm-none-eabi/10.3.1/../../../../arm-none-eabi/lib/thumb/v7-m/nofp\libg.a(lib_a-wcrtomb.o)
 .ARM.attributes
                0x00000d2e       0x2d c:/progra~2/gnuarm~1/102021~1.10/bin/../lib/gcc/arm-none-eabi/10.3.1/../../../../arm-none-eabi/lib/thumb/v7-m/nofp\libg.a(lib_a-wctomb_r.o)
 .ARM.attributes
                0x00000d5b       0x2d c:/progra~2/gnuarm~1/102021~1.10/bin/../lib/gcc/arm-none-eabi/10.3.1/../../../../arm-none-eabi/lib/thumb/v7-m/nofp\libg.a(lib_a-abort.o)
 .ARM.attributes
                0x00000d88       0x2d c:/progra~2/gnuarm~1/102021~1.10/bin/../lib/gcc/arm-none-eabi/10.3.1/../../../../arm-none-eabi/lib/thumb/v7-m/nofp\libg.a(lib_a-ctype_.o)
 .ARM.attributes
                0x00000db5       0x2d c:/progra~2/gnuarm~1/102021~1.10/bin/../lib/gcc/arm-none-eabi/10.3.1/../../../../arm-none-eabi/lib/thumb/v7-m/nofp\libg.a(lib_a-signal.o)
 .ARM.attributes
                0x00000de2       0x2d c:/progra~2/gnuarm~1/102021~1.10/bin/../lib/gcc/arm-none-eabi/10.3.1/../../../../arm-none-eabi/lib/thumb/v7-m/nofp\libg.a(lib_a-signalr.o)
 .ARM.attributes
                0x00000e0f       0x1d c:/progra~2/gnuarm~1/102021~1.10/bin/../lib/gcc/arm-none-eabi/10.3.1/thumb/v7-m/nofp\libgcc.a(_arm_addsubdf3.o)
 .ARM.attributes
                0x00000e2c       0x1d c:/progra~2/gnuarm~1/102021~1.10/bin/../lib/gcc/arm-none-eabi/10.3.1/thumb/v7-m/nofp\libgcc.a(_arm_muldivdf3.o)
 .ARM.attributes
                0x00000e49       0x1d c:/progra~2/gnuarm~1/102021~1.10/bin/../lib/gcc/arm-none-eabi/10.3.1/thumb/v7-m/nofp\libgcc.a(_arm_cmpdf2.o)
 .ARM.attributes
                0x00000e66       0x1d c:/progra~2/gnuarm~1/102021~1.10/bin/../lib/gcc/arm-none-eabi/10.3.1/thumb/v7-m/nofp\libgcc.a(_arm_unorddf2.o)
 .ARM.attributes
                0x00000e83       0x1d c:/progra~2/gnuarm~1/102021~1.10/bin/../lib/gcc/arm-none-eabi/10.3.1/thumb/v7-m/nofp\libgcc.a(_arm_fixdfsi.o)
 .ARM.attributes
                0x00000ea0       0x1d c:/progra~2/gnuarm~1/102021~1.10/bin/../lib/gcc/arm-none-eabi/10.3.1/thumb/v7-m/nofp\libgcc.a(_aeabi_uldivmod.o)
 .ARM.attributes
                0x00000ebd       0x2d c:/progra~2/gnuarm~1/102021~1.10/bin/../lib/gcc/arm-none-eabi/10.3.1/thumb/v7-m/nofp\libgcc.a(_udivmoddi4.o)
 .ARM.attributes
                0x00000eea       0x1d c:/progra~2/gnuarm~1/102021~1.10/bin/../lib/gcc/arm-none-eabi/10.3.1/thumb/v7-m/nofp\libgcc.a(_dvmd_tls.o)
 .ARM.attributes
                0x00000f07       0x1d c:/progra~2/gnuarm~1/102021~1.10/bin/../lib/gcc/arm-none-eabi/10.3.1/thumb/v7-m/nofp/crtn.o
OUTPUT(RTOS_V1.elf elf32-littlearm)
LOAD linker stubs
LOAD c:/progra~2/gnuarm~1/102021~1.10/bin/../lib/gcc/arm-none-eabi/10.3.1/../../../../arm-none-eabi/lib/thumb/v7-m/nofp\libc.a
LOAD c:/progra~2/gnuarm~1/102021~1.10/bin/../lib/gcc/arm-none-eabi/10.3.1/../../../../arm-none-eabi/lib/thumb/v7-m/nofp\libm.a
LOAD c:/progra~2/gnuarm~1/102021~1.10/bin/../lib/gcc/arm-none-eabi/10.3.1/thumb/v7-m/nofp\libgcc.a

.debug_info     0x00000000     0xf96f
 .debug_info    0x00000000      0xd6c CMakeFiles/RTOS_V1.elf.dir/Core/RTOS/Task/init_Task.c.obj
 .debug_info    0x00000d6c      0x867 CMakeFiles/RTOS_V1.elf.dir/Core/RTOS/Task/mailbox.c.obj
 .debug_info    0x000015d3      0xefe CMakeFiles/RTOS_V1.elf.dir/Core/Retartget/retarget.c.obj
 .debug_info    0x000024d1      0x199 CMakeFiles/RTOS_V1.elf.dir/Core/Src/gpio.c.obj
 .debug_info    0x0000266a      0x34b CMakeFiles/RTOS_V1.elf.dir/Core/Src/main.c.obj
 .debug_info    0x000029b5      0x387 CMakeFiles/RTOS_V1.elf.dir/Core/Src/stm32f1xx_hal_msp.c.obj
 .debug_info    0x00002d3c      0x14a CMakeFiles/RTOS_V1.elf.dir/Core/Src/stm32f1xx_it.c.obj
 .debug_info    0x00002e86      0x835 CMakeFiles/RTOS_V1.elf.dir/Core/Src/syscalls.c.obj
 .debug_info    0x000036bb      0x248 CMakeFiles/RTOS_V1.elf.dir/Core/Src/system_stm32f1xx.c.obj
 .debug_info    0x00003903      0x827 CMakeFiles/RTOS_V1.elf.dir/Core/Src/usart.c.obj
 .debug_info    0x0000412a      0x7a8 CMakeFiles/RTOS_V1.elf.dir/Drivers/STM32F1xx_HAL_Driver/Src/stm32f1xx_hal.c.obj
 .debug_info    0x000048d2      0xd8a CMakeFiles/RTOS_V1.elf.dir/Drivers/STM32F1xx_HAL_Driver/Src/stm32f1xx_hal_cortex.c.obj
 .debug_info    0x0000565c      0x66f CMakeFiles/RTOS_V1.elf.dir/Drivers/STM32F1xx_HAL_Driver/Src/stm32f1xx_hal_gpio.c.obj
 .debug_info    0x00005ccb      0xa36 CMakeFiles/RTOS_V1.elf.dir/Drivers/STM32F1xx_HAL_Driver/Src/stm32f1xx_hal_rcc.c.obj
 .debug_info    0x00006701     0x1c8b CMakeFiles/RTOS_V1.elf.dir/Drivers/STM32F1xx_HAL_Driver/Src/stm32f1xx_hal_uart.c.obj
 .debug_info    0x0000838c     0x220a CMakeFiles/RTOS_V1.elf.dir/Middlewares/Third_Party/FreeRTOS/Source/CMSIS_RTOS/cmsis_os.c.obj
 .debug_info    0x0000a596      0x2da CMakeFiles/RTOS_V1.elf.dir/Middlewares/Third_Party/FreeRTOS/Source/list.c.obj
 .debug_info    0x0000a870      0x52b CMakeFiles/RTOS_V1.elf.dir/Middlewares/Third_Party/FreeRTOS/Source/portable/GCC/ARM_CM3/port.c.obj
 .debug_info    0x0000ad9b      0x173 CMakeFiles/RTOS_V1.elf.dir/Middlewares/Third_Party/FreeRTOS/Source/portable/MemMang/heap_3.c.obj
 .debug_info    0x0000af0e     0x2221 CMakeFiles/RTOS_V1.elf.dir/Middlewares/Third_Party/FreeRTOS/Source/queue.c.obj
 .debug_info    0x0000d12f     0x281e CMakeFiles/RTOS_V1.elf.dir/Middlewares/Third_Party/FreeRTOS/Source/tasks.c.obj
 .debug_info    0x0000f94d       0x22 CMakeFiles/RTOS_V1.elf.dir/startup/startup_stm32f103xb.s.obj

.debug_abbrev   0x00000000     0x2ada
 .debug_abbrev  0x00000000      0x264 CMakeFiles/RTOS_V1.elf.dir/Core/RTOS/Task/init_Task.c.obj
 .debug_abbrev  0x00000264      0x28b CMakeFiles/RTOS_V1.elf.dir/Core/RTOS/Task/mailbox.c.obj
 .debug_abbrev  0x000004ef      0x2b4 CMakeFiles/RTOS_V1.elf.dir/Core/Retartget/retarget.c.obj
 .debug_abbrev  0x000007a3       0xbf CMakeFiles/RTOS_V1.elf.dir/Core/Src/gpio.c.obj
 .debug_abbrev  0x00000862      0x162 CMakeFiles/RTOS_V1.elf.dir/Core/Src/main.c.obj
 .debug_abbrev  0x000009c4      0x12d CMakeFiles/RTOS_V1.elf.dir/Core/Src/stm32f1xx_hal_msp.c.obj
 .debug_abbrev  0x00000af1       0xa0 CMakeFiles/RTOS_V1.elf.dir/Core/Src/stm32f1xx_it.c.obj
 .debug_abbrev  0x00000b91      0x1da CMakeFiles/RTOS_V1.elf.dir/Core/Src/syscalls.c.obj
 .debug_abbrev  0x00000d6b      0x13e CMakeFiles/RTOS_V1.elf.dir/Core/Src/system_stm32f1xx.c.obj
 .debug_abbrev  0x00000ea9      0x1c1 CMakeFiles/RTOS_V1.elf.dir/Core/Src/usart.c.obj
 .debug_abbrev  0x0000106a      0x1f4 CMakeFiles/RTOS_V1.elf.dir/Drivers/STM32F1xx_HAL_Driver/Src/stm32f1xx_hal.c.obj