Archive member included to satisfy reference by file (symbol)

c:/progra~2/gnuarm~1/102021~1.10/bin/../lib/gcc/arm-none-eabi/10.3.1/../../../../arm-none-eabi/lib/thumb/v7-m/nofp\libg.a(lib_a-errno.o)
                              CMakeFiles/RTOS_V1.elf.dir/Core/Retartget/retarget.c.obj (__errno)
c:/progra~2/gnuarm~1/102021~1.10/bin/../lib/gcc/arm-none-eabi/10.3.1/../../../../arm-none-eabi/lib/thumb/v7-m/nofp\libg.a(lib_a-exit.o)
                              c:/progra~2/gnuarm~1/102021~1.10/bin/../lib/gcc/arm-none-eabi/10.3.1/../../../../arm-none-eabi/lib/thumb/v7-m/nofp/crt0.o (exit)
c:/progra~2/gnuarm~1/102021~1.10/bin/../lib/gcc/arm-none-eabi/10.3.1/../../../../arm-none-eabi/lib/thumb/v7-m/nofp\libg.a(lib_a-impure.o)
                              c:/progra~2/gnuarm~1/102021~1.10/bin/../lib/gcc/arm-none-eabi/10.3.1/../../../../arm-none-eabi/lib/thumb/v7-m/nofp\libg.a(lib_a-exit.o) (_global_impure_ptr)
c:/progra~2/gnuarm~1/102021~1.10/bin/../lib/gcc/arm-none-eabi/10.3.1/../../../../arm-none-eabi/lib/thumb/v7-m/nofp\libg.a(lib_a-init.o)
                              c:/progra~2/gnuarm~1/102021~1.10/bin/../lib/gcc/arm-none-eabi/10.3.1/../../../../arm-none-eabi/lib/thumb/v7-m/nofp/crt0.o (__libc_init_array)
c:/progra~2/gnuarm~1/102021~1.10/bin/../lib/gcc/arm-none-eabi/10.3.1/../../../../arm-none-eabi/lib/thumb/v7-m/nofp\libg.a(lib_a-malloc.o)
                              CMakeFiles/RTOS_V1.elf.dir/Middlewares/Third_Party/FreeRTOS/Source/portable/MemMang/heap_3.c.obj (malloc)
c:/progra~2/gnuarm~1/102021~1.10/bin/../lib/gcc/arm-none-eabi/10.3.1/../../../../arm-none-eabi/lib/thumb/v7-m/nofp\libg.a(lib_a-mallocr.o)
                              c:/progra~2/gnuarm~1/102021~1.10/bin/../lib/gcc/arm-none-eabi/10.3.1/../../../../arm-none-eabi/lib/thumb/v7-m/nofp\libg.a(lib_a-malloc.o) (_malloc_r)
c:/progra~2/gnuarm~1/102021~1.10/bin/../lib/gcc/arm-none-eabi/10.3.1/../../../../arm-none-eabi/lib/thumb/v7-m/nofp\libg.a(lib_a-memcpy.o)
                              CMakeFiles/RTOS_V1.elf.dir/Middlewares/Third_Party/FreeRTOS/Source/queue.c.obj (memcpy)
c:/progra~2/gnuarm~1/102021~1.10/bin/../lib/gcc/arm-none-eabi/10.3.1/../../../../arm-none-eabi/lib/thumb/v7-m/nofp\libg.a(lib_a-memset.o)
                              c:/progra~2/gnuarm~1/102021~1.10/bin/../lib/gcc/arm-none-eabi/10.3.1/../../../../arm-none-eabi/lib/thumb/v7-m/nofp/crt0.o (memset)
c:/progra~2/gnuarm~1/102021~1.10/bin/../lib/gcc/arm-none-eabi/10.3.1/../../../../arm-none-eabi/lib/thumb/v7-m/nofp\libg.a(lib_a-mlock.o)
                              c:/progra~2/gnuarm~1/102021~1.10/bin/../lib/gcc/arm-none-eabi/10.3.1/../../../../arm-none-eabi/lib/thumb/v7-m/nofp\libg.a(lib_a-mallocr.o) (__malloc_lock)
c:/progra~2/gnuarm~1/102021~1.10/bin/../lib/gcc/arm-none-eabi/10.3.1/../../../../arm-none-eabi/lib/thumb/v7-m/nofp\libg.a(lib_a-printf.o)
                              CMakeFiles/RTOS_V1.elf.dir/Core/RTOS/Task/vReceiverTask.c.obj (printf)
c:/progra~2/gnuarm~1/102021~1.10/bin/../lib/gcc/arm-none-eabi/10.3.1/../../../../arm-none-eabi/lib/thumb/v7-m/nofp\libg.a(lib_a-puts.o)
                              CMakeFiles/RTOS_V1.elf.dir/Core/RTOS/Task/Task1.c.obj (puts)
c:/progra~2/gnuarm~1/102021~1.10/bin/../lib/gcc/arm-none-eabi/10.3.1/../../../../arm-none-eabi/lib/thumb/v7-m/nofp\libg.a(lib_a-sbrkr.o)
                              c:/progra~2/gnuarm~1/102021~1.10/bin/../lib/gcc/arm-none-eabi/10.3.1/../../../../arm-none-eabi/lib/thumb/v7-m/nofp\libg.a(lib_a-mallocr.o) (_sbrk_r)
c:/progra~2/gnuarm~1/102021~1.10/bin/../lib/gcc/arm-none-eabi/10.3.1/../../../../arm-none-eabi/lib/thumb/v7-m/nofp\libg.a(lib_a-setvbuf.o)
                              CMakeFiles/RTOS_V1.elf.dir/Core/Retartget/retarget.c.obj (setvbuf)
c:/progra~2/gnuarm~1/102021~1.10/bin/../lib/gcc/arm-none-eabi/10.3.1/../../../../arm-none-eabi/lib/thumb/v7-m/nofp\libg.a(lib_a-strlen-stub.o)
                              c:/progra~2/gnuarm~1/102021~1.10/bin/../lib/gcc/arm-none-eabi/10.3.1/../../../../arm-none-eabi/lib/thumb/v7-m/nofp\libg.a(lib_a-puts.o) (strlen)
c:/progra~2/gnuarm~1/102021~1.10/bin/../lib/gcc/arm-none-eabi/10.3.1/../../../../arm-none-eabi/lib/thumb/v7-m/nofp\libg.a(lib_a-vfprintf.o)
                              c:/progra~2/gnuarm~1/102021~1.10/bin/../lib/gcc/arm-none-eabi/10.3.1/../../../../arm-none-eabi/lib/thumb/v7-m/nofp\libg.a(lib_a-printf.o) (_vfprintf_r)
c:/progra~2/gnuarm~1/102021~1.10/bin/../lib/gcc/arm-none-eabi/10.3.1/../../../../arm-none-eabi/lib/thumb/v7-m/nofp\libg.a(lib_a-wsetup.o)
                              c:/progra~2/gnuarm~1/102021~1.10/bin/../lib/gcc/arm-none-eabi/10.3.1/../../../../arm-none-eabi/lib/thumb/v7-m/nofp\libg.a(lib_a-vfprintf.o) (__swsetup_r)
c:/progra~2/gnuarm~1/102021~1.10/bin/../lib/gcc/arm-none-eabi/10.3.1/../../../../arm-none-eabi/lib/thumb/v7-m/nofp\libg.a(lib_a-__call_atexit.o)
[...]
Memory Configuration

Name             Origin             Length             Attributes
RAM              0x20000000         0x00005000         xrw
FLASH            0x08000000         0x00010000         xr
*default*        0x00000000         0xffffffff

Linker script and memory map

LOAD c:/progra~2/gnuarm~1/102021~1.10/bin/../lib/gcc/arm-none-eabi/10.3.1/thumb/v7-m/nofp/crti.o
LOAD c:/progra~2/gnuarm~1/102021~1.10/bin/../lib/gcc/arm-none-eabi/10.3.1/thumb/v7-m/nofp/crtbegin.o
LOAD c:/progra~2/gnuarm~1/102021~1.10/bin/../lib/gcc/arm-none-eabi/10.3.1/../../../../arm-none-eabi/lib/thumb/v7-m/nofp/crt0.o
LOAD CMakeFiles/RTOS_V1.elf.dir/Core/RTOS/Task/Task1.c.obj
LOAD CMakeFiles/RTOS_V1.elf.dir/Core/RTOS/Task/Task2.c.obj
LOAD CMakeFiles/RTOS_V1.elf.dir/Core/RTOS/Task/init_Task.c.obj
LOAD CMakeFiles/RTOS_V1.elf.dir/Core/RTOS/Task/vReceiverTask.c.obj
LOAD CMakeFiles/RTOS_V1.elf.dir/Core/RTOS/Task/vSenderTask.c.obj
LOAD CMakeFiles/RTOS_V1.elf.dir/Core/Retartget/retarget.c.obj
LOAD CMakeFiles/RTOS_V1.elf.dir/Core/Src/gpio.c.obj
LOAD CMakeFiles/RTOS_V1.elf.dir/Core/Src/main.c.obj
LOAD CMakeFiles/RTOS_V1.elf.dir/Core/Src/stm32f1xx_hal_msp.c.obj
LOAD CMakeFiles/RTOS_V1.elf.dir/Core/Src/stm32f1xx_it.c.obj
LOAD CMakeFiles/RTOS_V1.elf.dir/Core/Src/syscalls.c.obj
LOAD CMakeFiles/RTOS_V1.elf.dir/Core/Src/system_stm32f1xx.c.obj
LOAD CMakeFiles/RTOS_V1.elf.dir/Core/Src/usart.c.obj
LOAD CMakeFiles/RTOS_V1.elf.dir/Drivers/STM32F1xx_HAL_Driver/Src/stm32f1xx_hal.c.obj
LOAD CMakeFiles/RTOS_V1.elf.dir/Drivers/STM32F1xx_HAL_Driver/Src/stm32f1xx_hal_cortex.c.obj
LOAD CMakeFiles/RTOS_V1.elf.dir/Drivers/STM32F1xx_HAL_Driver/Src/stm32f1xx_hal_dma.c.obj
LOAD CMakeFiles/RTOS_V1.elf.dir/Drivers/STM32F1xx_HAL_Driver/Src/stm32f1xx_hal_exti.c.obj
LOAD CMakeFiles/RTOS_V1.elf.dir/Drivers/STM32F1xx_HAL_Driver/Src/stm32f1xx_hal_flash.c.obj
LOAD CMakeFiles/RTOS_V1.elf.dir/Drivers/STM32F1xx_HAL_Driver/Src/stm32f1xx_hal_flash_ex.c.obj
LOAD CMakeFiles/RTOS_V1.elf.dir/Drivers/STM32F1xx_HAL_Driver/Src/stm32f1xx_hal_gpio.c.obj
LOAD CMakeFiles/RTOS_V1.elf.dir/Drivers/STM32F1xx_HAL_Driver/Src/stm32f1xx_hal_gpio_ex.c.obj
LOAD CMakeFiles/RTOS_V1.elf.dir/Drivers/STM32F1xx_HAL_Driver/Src/stm32f1xx_hal_pwr.c.obj
LOAD CMakeFiles/RTOS_V1.elf.dir/Drivers/STM32F1xx_HAL_Driver/Src/stm32f1xx_hal_rcc.c.obj
LOAD CMakeFiles/RTOS_V1.elf.dir/Drivers/STM32F1xx_HAL_Driver/Src/stm32f1xx_hal_rcc_ex.c.obj
LOAD CMakeFiles/RTOS_V1.elf.dir/Drivers/STM32F1xx_HAL_Driver/Src/stm32f1xx_hal_tim.c.obj
LOAD CMakeFiles/RTOS_V1.elf.dir/Drivers/STM32F1xx_HAL_Driver/Src/stm32f1xx_hal_tim_ex.c.obj
LOAD CMakeFiles/RTOS_V1.elf.dir/Drivers/STM32F1xx_HAL_Driver/Src/stm32f1xx_hal_uart.c.obj
LOAD CMakeFiles/RTOS_V1.elf.dir/Middlewares/Third_Party/FreeRTOS/Source/CMSIS_RTOS/cmsis_os.c.obj
LOAD CMakeFiles/RTOS_V1.elf.dir/Middlewares/Third_Party/FreeRTOS/Source/croutine.c.obj
LOAD CMakeFiles/RTOS_V1.elf.dir/Middlewares/Third_Party/FreeRTOS/Source/event_groups.c.obj
LOAD CMakeFiles/RTOS_V1.elf.dir/Middlewares/Third_Party/FreeRTOS/Source/list.c.obj
LOAD CMakeFiles/RTOS_V1.elf.dir/Middlewares/Third_Party/FreeRTOS/Source/portable/GCC/ARM_CM3/port.c.obj
LOAD CMakeFiles/RTOS_V1.elf.dir/Middlewares/Third_Party/FreeRTOS/Source/portable/MemMang/heap_3.c.obj
LOAD CMakeFiles/RTOS_V1.elf.dir/Middlewares/Third_Party/FreeRTOS/Source/queue.c.obj
LOAD CMakeFiles/RTOS_V1.elf.dir/Middlewares/Third_Party/FreeRTOS/Source/stream_buffer.c.obj
LOAD CMakeFiles/RTOS_V1.elf.dir/Middlewares/Third_Party/FreeRTOS/Source/tasks.c.obj
LOAD CMakeFiles/RTOS_V1.elf.dir/Middlewares/Third_Party/FreeRTOS/Source/timers.c.obj
LOAD CMakeFiles/RTOS_V1.elf.dir/startup/startup_stm32f103xb.s.obj
START GROUP
LOAD c:/progra~2/gnuarm~1/102021~1.10/bin/../lib/gcc/arm-none-eabi/10.3.1/thumb/v7-m/nofp\libgcc.a
LOAD c:/progra~2/gnuarm~1/102021~1.10/bin/../lib/gcc/arm-none-eabi/10.3.1/../../../../arm-none-eabi/lib/thumb/v7-m/nofp\libg.a
LOAD c:/progra~2/gnuarm~1/102021~1.10/bin/../lib/gcc/arm-none-eabi/10.3.1/../../../../arm-none-eabi/lib/thumb/v7-m/nofp\libc.a
END GROUP
LOAD c:/progra~2/gnuarm~1/102021~1.10/bin/../lib/gcc/arm-none-eabi/10.3.1/thumb/v7-m/nofp/crtend.o
LOAD c:/progra~2/gnuarm~1/102021~1.10/bin/../lib/gcc/arm-none-eabi/10.3.1/thumb/v7-m/nofp/crtn.o
                0x20005000                _estack = 0x20005000
                0x00000200                _Min_Heap_Size = 0x200
                0x00000400                _Min_Stack_Size = 0x400

.isr_vector     0x08000000      0x10c
                0x08000000                . = ALIGN (0x4)
 *(.isr_vector)
 .isr_vector    0x08000000      0x10c CMakeFiles/RTOS_V1.elf.dir/startup/startup_stm32f103xb.s.obj
                0x08000000                g_pfnVectors
                0x0800010c                . = ALIGN (0x4)

.text           0x08000110     0x96f4
                0x08000110                . = ALIGN (0x4)
 *(.text)
 .text          0x08000110       0x40 c:/progra~2/gnuarm~1/102021~1.10/bin/../lib/gcc/arm-none-eabi/10.3.1/thumb/v7-m/nofp/crtbegin.o
 .text          0x08000150       0xec c:/progra~2/gnuarm~1/102021~1.10/bin/../lib/gcc/arm-none-eabi/10.3.1/../../../../arm-none-eabi/lib/thumb/v7-m/nofp\libg.a(lib_a-memcpy.o)
                0x08000150                memcpy
 .text          0x0800023c      0x378 c:/progra~2/gnuarm~1/102021~1.10/bin/../lib/gcc/arm-none-eabi/10.3.1/thumb/v7-m/nofp\libgcc.a(_arm_addsubdf3.o)
                0x0800023c                __aeabi_drsub
                0x08000244                __aeabi_dsub
                0x08000244                __subdf3
                0x08000248                __aeabi_dadd
                0x08000248                __adddf3
                0x080004c0                __floatunsidf
                0x080004c0                __aeabi_ui2d
                0x080004e0                __floatsidf
                0x080004e0                __aeabi_i2d
                0x08000504                __aeabi_f2d
                0x08000504                __extendsfdf2
                0x08000548                __floatundidf
                0x08000548                __aeabi_ul2d
                0x08000558                __floatdidf
                0x08000558                __aeabi_l2d
 .text          0x080005b4      0x424 c:/progra~2/gnuarm~1/102021~1.10/bin/../lib/gcc/arm-none-eabi/10.3.1/thumb/v7-m/nofp\libgcc.a(_arm_muldivdf3.o)
                0x080005b4                __aeabi_dmul
                0x080005b4                __muldf3
                0x08000808                __divdf3
                0x08000808                __aeabi_ddiv
 .text          0x080009d8      0x110 c:/progra~2/gnuarm~1/102021~1.10/bin/../lib/gcc/arm-none-eabi/10.3.1/thumb/v7-m/nofp\libgcc.a(_arm_cmpdf2.o)
                0x080009d8                __gtdf2
                0x080009d8                __gedf2
                0x080009e0                __ltdf2
                0x080009e0                __ledf2
                0x080009e8                __nedf2
                0x080009e8                __eqdf2
                0x080009e8                __cmpdf2
                0x08000a64                __aeabi_cdrcmple
                0x08000a74                __aeabi_cdcmpeq
                0x08000a74                __aeabi_cdcmple
                0x08000a84                __aeabi_dcmpeq
                0x08000a98                __aeabi_dcmplt
                0x08000aac                __aeabi_dcmple
                0x08000ac0                __aeabi_dcmpge
                0x08000ad4                __aeabi_dcmpgt
 .text          0x08000ae8       0x2c c:/progra~2/gnuarm~1/102021~1.10/bin/../lib/gcc/arm-none-eabi/10.3.1/thumb/v7-m/nofp\libgcc.a(_arm_unorddf2.o)
                0x08000ae8                __unorddf2
                0x08000ae8                __aeabi_dcmpun
 .text          0x08000b14       0x50 c:/progra~2/gnuarm~1/102021~1.10/bin/../lib/gcc/arm-none-eabi/10.3.1/thumb/v7-m/nofp\libgcc.a(_arm_fixdfsi.o)
                0x08000b14                __aeabi_d2iz
                0x08000b14                __fixdfsi
 .text          0x08000b64       0x30 c:/progra~2/gnuarm~1/102021~1.10/bin/../lib/gcc/arm-none-eabi/10.3.1/thumb/v7-m/nofp\libgcc.a(_aeabi_uldivmod.o)
                0x08000b64                __aeabi_uldivmod
 .text          0x08000b94      0x2d4 c:/progra~2/gnuarm~1/102021~1.10/bin/../lib/gcc/arm-none-eabi/10.3.1/thumb/v7-m/nofp\libgcc.a(_udivmoddi4.o)
                0x08000b94                __udivmoddi4
 .text          0x08000e68        0x4 c:/progra~2/gnuarm~1/102021~1.10/bin/../lib/gcc/arm-none-eabi/10.3.1/thumb/v7-m/nofp\libgcc.a(_dvmd_tls.o)
                0x08000e68                __aeabi_idiv0
                0x08000e68                __aeabi_ldiv0
 *(.text*)
 .text.vApplicationGetIdleTaskMemory
                0x08000e6c       0x18 CMakeFiles/RTOS_V1.elf.dir/Core/RTOS/Task/init_Task.c.obj
                0x08000e6c                vApplicationGetIdleTaskMemory
 .text.MX_FREERTOS_Init
                0x08000e84       0xc4 CMakeFiles/RTOS_V1.elf.dir/Core/RTOS/Task/init_Task.c.obj
                0x08000e84                MX_FREERTOS_Init
 .text.vReceiverTask
                0x08000f48       0x54 CMakeFiles/RTOS_V1.elf.dir/Core/RTOS/Task/vReceiverTask.c.obj
                0x08000f48                vReceiverTask
 .text.vSenderTask
                0x08000f9c       0x2c CMakeFiles/RTOS_V1.elf.dir/Core/RTOS/Task/vSenderTask.c.obj
                0x08000f9c                vSenderTask
 .text.RetargetInit
                0x08000fc8       0x20 CMakeFiles/RTOS_V1.elf.dir/Core/Retartget/retarget.c.obj
                0x08000fc8                RetargetInit
 .text._write   0x08000fe8       0x34 CMakeFiles/RTOS_V1.elf.dir/Core/Retartget/retarget.c.obj
                0x08000fe8                _write
 .text.MX_GPIO_Init
                0x0800101c       0x44 CMakeFiles/RTOS_V1.elf.dir/Core/Src/gpio.c.obj
                0x0800101c                MX_GPIO_Init
 .text.Error_Handler
                0x08001060        0x4 CMakeFiles/RTOS_V1.elf.dir/Core/Src/main.c.obj
                0x08001060                Error_Handler
 .text.SystemClock_Config
                0x08001064       0x52 CMakeFiles/RTOS_V1.elf.dir/Core/Src/main.c.obj
                0x08001064                SystemClock_Config
 .text.main     0x080010b6       0x1c CMakeFiles/RTOS_V1.elf.dir/Core/Src/main.c.obj
                0x080010b6                main
 *fill*         0x080010d2        0x2 
 .text.HAL_MspInit
                0x080010d4       0x54 CMakeFiles/RTOS_V1.elf.dir/Core/Src/stm32f1xx_hal_msp.c.obj
                0x080010d4                HAL_MspInit
 .text.NMI_Handler
                0x08001128        0x2 CMakeFiles/RTOS_V1.elf.dir/Core/Src/stm32f1xx_it.c.obj
                0x08001128                NMI_Handler
 .text.HardFault_Handler
                0x0800112a        0x2 CMakeFiles/RTOS_V1.elf.dir/Core/Src/stm32f1xx_it.c.obj
                0x0800112a                HardFault_Handler
 .text.MemManage_Handler
                0x0800112c        0x2 CMakeFiles/RTOS_V1.elf.dir/Core/Src/stm32f1xx_it.c.obj
                0x0800112c                MemManage_Handler
 .text.BusFault_Handler
                0x0800112e        0x2 CMakeFiles/RTOS_V1.elf.dir/Core/Src/stm32f1xx_it.c.obj
                0x0800112e                BusFault_Handler
 .text.UsageFault_Handler
                0x08001130        0x2 CMakeFiles/RTOS_V1.elf.dir/Core/Src/stm32f1xx_it.c.obj
                0x08001130                UsageFault_Handler
 .text.DebugMon_Handler
                0x08001132        0x2 CMakeFiles/RTOS_V1.elf.dir/Core/Src/stm32f1xx_it.c.obj
                0x08001132                DebugMon_Handler
 .text.SysTick_Handler
                0x08001134       0x16 CMakeFiles/RTOS_V1.elf.dir/Core/Src/stm32f1xx_it.c.obj
                0x08001134                SysTick_Handler
 .text._getpid  0x0800114a        0x4 CMakeFiles/RTOS_V1.elf.dir/Core/Src/syscalls.c.obj
                0x0800114a                _getpid
 .text._kill    0x0800114e       0x10 CMakeFiles/RTOS_V1.elf.dir/Core/Src/syscalls.c.obj
                0x0800114e                _kill
 .text._exit    0x0800115e        0xc CMakeFiles/RTOS_V1.elf.dir/Core/Src/syscalls.c.obj
                0x0800115e                _exit
 .text._read    0x0800116a       0x20 CMakeFiles/RTOS_V1.elf.dir/Core/Src/syscalls.c.obj
                0x0800116a                _read
 *fill*         0x0800118a        0x2 
 .text._sbrk    0x0800118c       0x3c CMakeFiles/RTOS_V1.elf.dir/Core/Src/syscalls.c.obj
                0x0800118c                _sbrk
 .text._close   0x080011c8        0x6 CMakeFiles/RTOS_V1.elf.dir/Core/Src/syscalls.c.obj
                0x080011c8                _close
 .text._fstat   0x080011ce        0xa CMakeFiles/RTOS_V1.elf.dir/Core/Src/syscalls.c.obj
                0x080011ce                _fstat
 .text._isatty  0x080011d8        0x4 CMakeFiles/RTOS_V1.elf.dir/Core/Src/syscalls.c.obj
                0x080011d8                _isatty
 .text._lseek   0x080011dc        0x4 CMakeFiles/RTOS_V1.elf.dir/Core/Src/syscalls.c.obj
                0x080011dc                _lseek
 .text.SystemInit
                0x080011e0        0x2 CMakeFiles/RTOS_V1.elf.dir/Core/Src/system_stm32f1xx.c.obj
                0x080011e0                SystemInit
 *fill*         0x080011e2        0x2 
 .text.MX_USART1_UART_Init
                0x080011e4       0x34 CMakeFiles/RTOS_V1.elf.dir/Core/Src/usart.c.obj
                0x080011e4                MX_USART1_UART_Init
 .text.HAL_UART_MspInit
                0x08001218       0x78 CMakeFiles/RTOS_V1.elf.dir/Core/Src/usart.c.obj
                0x08001218                HAL_UART_MspInit
 .text.HAL_InitTick
                0x08001290       0x4c CMakeFiles/RTOS_V1.elf.dir/Drivers/STM32F1xx_HAL_Driver/Src/stm32f1xx_hal.c.obj
                0x08001290                HAL_InitTick
 .text.HAL_Init
                0x080012dc       0x24 CMakeFiles/RTOS_V1.elf.dir/Drivers/STM32F1xx_HAL_Driver/Src/stm32f1xx_hal.c.obj
                0x080012dc                HAL_Init
 .text.HAL_IncTick
                0x08001300       0x18 CMakeFiles/RTOS_V1.elf.dir/Drivers/STM32F1xx_HAL_Driver/Src/stm32f1xx_hal.c.obj
                0x08001300                HAL_IncTick
 .text.HAL_GetTick
                0x08001318        0xc CMakeFiles/RTOS_V1.elf.dir/Drivers/STM32F1xx_HAL_Driver/Src/stm32f1xx_hal.c.obj
                0x08001318                HAL_GetTick
 .text.HAL_NVIC_SetPriorityGrouping
                0x08001324       0x24 CMakeFiles/RTOS_V1.elf.dir/Drivers/STM32F1xx_HAL_Driver/Src/stm32f1xx_hal_cortex.c.obj
                0x08001324                HAL_NVIC_SetPriorityGrouping
 .text.HAL_NVIC_SetPriority
                0x08001348       0x70 CMakeFiles/RTOS_V1.elf.dir/Drivers/STM32F1xx_HAL_Driver/Src/stm32f1xx_hal_cortex.c.obj
                0x08001348                HAL_NVIC_SetPriority
 .text.HAL_SYSTICK_Config
                0x080013b8       0x28 CMakeFiles/RTOS_V1.elf.dir/Drivers/STM32F1xx_HAL_Driver/Src/stm32f1xx_hal_cortex.c.obj
                0x080013b8                HAL_SYSTICK_Config
 .text.HAL_GPIO_Init
                0x080013e0      0x224 CMakeFiles/RTOS_V1.elf.dir/Drivers/STM32F1xx_HAL_Driver/Src/stm32f1xx_hal_gpio.c.obj
                0x080013e0                HAL_GPIO_Init
 .text.RCC_Delay
                0x08001604       0x2c CMakeFiles/RTOS_V1.elf.dir/Drivers/STM32F1xx_HAL_Driver/Src/stm32f1xx_hal_rcc.c.obj
 .text.HAL_RCC_OscConfig
                0x08001630      0x410 CMakeFiles/RTOS_V1.elf.dir/Drivers/STM32F1xx_HAL_Driver/Src/stm32f1xx_hal_rcc.c.obj
                0x08001630                HAL_RCC_OscConfig
 .text.HAL_RCC_GetSysClockFreq
                0x08001a40       0x70 CMakeFiles/RTOS_V1.elf.dir/Drivers/STM32F1xx_HAL_Driver/Src/stm32f1xx_hal_rcc.c.obj
                0x08001a40                HAL_RCC_GetSysClockFreq
 .text.HAL_RCC_ClockConfig
                0x08001ab0      0x16c CMakeFiles/RTOS_V1.elf.dir/Drivers/STM32F1xx_HAL_Driver/Src/stm32f1xx_hal_rcc.c.obj
                0x08001ab0                HAL_RCC_ClockConfig
 .text.HAL_RCC_GetHCLKFreq
                0x08001c1c        0xc CMakeFiles/RTOS_V1.elf.dir/Drivers/STM32F1xx_HAL_Driver/Src/stm32f1xx_hal_rcc.c.obj
                0x08001c1c                HAL_RCC_GetHCLKFreq
 .text.HAL_RCC_GetPCLK1Freq
                0x08001c28       0x20 CMakeFiles/RTOS_V1.elf.dir/Drivers/STM32F1xx_HAL_Driver/Src/stm32f1xx_hal_rcc.c.obj
                0x08001c28                HAL_RCC_GetPCLK1Freq
 .text.HAL_RCC_GetPCLK2Freq
                0x08001c48       0x20 CMakeFiles/RTOS_V1.elf.dir/Drivers/STM32F1xx_HAL_Driver/Src/stm32f1xx_hal_rcc.c.obj
                0x08001c48                HAL_RCC_GetPCLK2Freq
 .text.UART_SetConfig
                0x08001c68       0x94 CMakeFiles/RTOS_V1.elf.dir/Drivers/STM32F1xx_HAL_Driver/Src/stm32f1xx_hal_uart.c.obj
 .text.UART_WaitOnFlagUntilTimeout
                0x08001cfc       0x6c CMakeFiles/RTOS_V1.elf.dir/Drivers/STM32F1xx_HAL_Driver/Src/stm32f1xx_hal_uart.c.obj
 .text.HAL_UART_Init
                0x08001d68       0x5e CMakeFiles/RTOS_V1.elf.dir/Drivers/STM32F1xx_HAL_Driver/Src/stm32f1xx_hal_uart.c.obj
                0x08001d68                HAL_UART_Init
 .text.HAL_UART_Transmit
                0x08001dc6       0xd8 CMakeFiles/RTOS_V1.elf.dir/Drivers/STM32F1xx_HAL_Driver/Src/stm32f1xx_hal_uart.c.obj
                0x08001dc6                HAL_UART_Transmit
 .text.makeFreeRtosPriority
                0x08001e9e        0xc CMakeFiles/RTOS_V1.elf.dir/Middlewares/Third_Party/FreeRTOS/Source/CMSIS_RTOS/cmsis_os.c.obj
 .text.inHandlerMode
                0x08001eaa        0xc CMakeFiles/RTOS_V1.elf.dir/Middlewares/Third_Party/FreeRTOS/Source/CMSIS_RTOS/cmsis_os.c.obj
 .text.osKernelStart
                0x08001eb6        0xa CMakeFiles/RTOS_V1.elf.dir/Middlewares/Third_Party/FreeRTOS/Source/CMSIS_RTOS/cmsis_os.c.obj
                0x08001eb6                osKernelStart
 .text.osThreadCreate
                0x08001ec0       0x6a CMakeFiles/RTOS_V1.elf.dir/Middlewares/Third_Party/FreeRTOS/Source/CMSIS_RTOS/cmsis_os.c.obj
                0x08001ec0                osThreadCreate
 .text.osMessageCreate
                0x08001f2a       0x2a CMakeFiles/RTOS_V1.elf.dir/Middlewares/Third_Party/FreeRTOS/Source/CMSIS_RTOS/cmsis_os.c.obj
                0x08001f2a                osMessageCreate
 .text.osMessagePut
                0x08001f54       0x66 CMakeFiles/RTOS_V1.elf.dir/Middlewares/Third_Party/FreeRTOS/Source/CMSIS_RTOS/cmsis_os.c.obj
                0x08001f54                osMessagePut
 .text.osMessageGet
                0x08001fba       0x88 CMakeFiles/RTOS_V1.elf.dir/Middlewares/Third_Party/FreeRTOS/Source/CMSIS_RTOS/cmsis_os.c.obj
                0x08001fba                osMessageGet
 .text.osMessageAvailableSpace
                0x08002042        0x8 CMakeFiles/RTOS_V1.elf.dir/Middlewares/Third_Party/FreeRTOS/Source/CMSIS_RTOS/cmsis_os.c.obj
                0x08002042                osMessageAvailableSpace
 .text.vListInitialise
                0x0800204a       0x16 CMakeFiles/RTOS_V1.elf.dir/Middlewares/Third_Party/FreeRTOS/Source/list.c.obj
                0x0800204a                vListInitialise
 .text.vListInitialiseItem
                0x08002060        0x6 CMakeFiles/RTOS_V1.elf.dir/Middlewares/Third_Party/FreeRTOS/Source/list.c.obj
                0x08002060                vListInitialiseItem
 .text.vListInsertEnd
                0x08002066       0x16 CMakeFiles/RTOS_V1.elf.dir/Middlewares/Third_Party/FreeRTOS/Source/list.c.obj
                0x08002066                vListInsertEnd
 .text.vListInsert
                0x0800207c       0x32 CMakeFiles/RTOS_V1.elf.dir/Middlewares/Third_Party/FreeRTOS/Source/list.c.obj
                0x0800207c                vListInsert
 .text.uxListRemove
                0x080020ae       0x26 CMakeFiles/RTOS_V1.elf.dir/Middlewares/Third_Party/FreeRTOS/Source/list.c.obj
                0x080020ae                uxListRemove
 .text.prvTaskExitError
                0x080020d4       0x40 CMakeFiles/RTOS_V1.elf.dir/Middlewares/Third_Party/FreeRTOS/Source/portable/GCC/ARM_CM3/port.c.obj
 .text.prvPortStartFirstTask
                0x08002114       0x20 CMakeFiles/RTOS_V1.elf.dir/Middlewares/Third_Party/FreeRTOS/Source/portable/GCC/ARM_CM3/port.c.obj
 .text.pxPortInitialiseStack
                0x08002134       0x24 CMakeFiles/RTOS_V1.elf.dir/Middlewares/Third_Party/FreeRTOS/Source/portable/GCC/ARM_CM3/port.c.obj
                0x08002134                pxPortInitialiseStack
 *fill*         0x08002158        0x8 
 .text.SVC_Handler
                0x08002160       0x24 CMakeFiles/RTOS_V1.elf.dir/Middlewares/Third_Party/FreeRTOS/Source/portable/GCC/ARM_CM3/port.c.obj
                0x08002160                SVC_Handler
 .text.vPortEnterCritical
                0x08002184       0x44 CMakeFiles/RTOS_V1.elf.dir/Middlewares/Third_Party/FreeRTOS/Source/portable/GCC/ARM_CM3/port.c.obj
                0x08002184                vPortEnterCritical
 .text.vPortExitCritical
                0x080021c8       0x2c CMakeFiles/RTOS_V1.elf.dir/Middlewares/Third_Party/FreeRTOS/Source/portable/GCC/ARM_CM3/port.c.obj
                0x080021c8                vPortExitCritical
 *fill*         0x080021f4        0xc 
 .text.PendSV_Handler
                0x08002200       0x44 CMakeFiles/RTOS_V1.elf.dir/Middlewares/Third_Party/FreeRTOS/Source/portable/GCC/ARM_CM3/port.c.obj
                0x08002200                PendSV_Handler
 .text.xPortSysTickHandler
                0x08002244       0x2c CMakeFiles/RTOS_V1.elf.dir/Middlewares/Third_Party/FreeRTOS/Source/portable/GCC/ARM_CM3/port.c.obj
                0x08002244                xPortSysTickHandler
 .text.vPortSetupTimerInterrupt
                0x08002270       0x28 CMakeFiles/RTOS_V1.elf.dir/Middlewares/Third_Party/FreeRTOS/Source/portable/GCC/ARM_CM3/port.c.obj
                0x08002270                vPortSetupTimerInterrupt
 .text.xPortStartScheduler
                0x08002298       0xc0 CMakeFiles/RTOS_V1.elf.dir/Middlewares/Third_Party/FreeRTOS/Source/portable/GCC/ARM_CM3/port.c.obj
                0x08002298                xPortStartScheduler
 .text.vPortValidateInterruptPriority
                0x08002358       0x5c CMakeFiles/RTOS_V1.elf.dir/Middlewares/Third_Party/FreeRTOS/Source/portable/GCC/ARM_CM3/port.c.obj
                0x08002358                vPortValidateInterruptPriority
 .text.pvPortMalloc
                0x080023b4       0x18 CMakeFiles/RTOS_V1.elf.dir/Middlewares/Third_Party/FreeRTOS/Source/portable/MemMang/heap_3.c.obj
                0x080023b4                pvPortMalloc
 .text.vPortFree
                0x080023cc       0x18 CMakeFiles/RTOS_V1.elf.dir/Middlewares/Third_Party/FreeRTOS/Source/portable/MemMang/heap_3.c.obj
                0x080023cc                vPortFree
 .text.prvIsQueueFull
                0x080023e4       0x1e CMakeFiles/RTOS_V1.elf.dir/Middlewares/Third_Party/FreeRTOS/Source/queue.c.obj
 .text.prvIsQueueEmpty
                0x08002402       0x1a CMakeFiles/RTOS_V1.elf.dir/Middlewares/Third_Party/FreeRTOS/Source/queue.c.obj
 .text.prvCopyDataToQueue
                0x0800241c       0x76 CMakeFiles/RTOS_V1.elf.dir/Middlewares/Third_Party/FreeRTOS/Source/queue.c.obj
 .text.prvCopyDataFromQueue
                0x08002492       0x24 CMakeFiles/RTOS_V1.elf.dir/Middlewares/Third_Party/FreeRTOS/Source/queue.c.obj
 .text.prvUnlockQueue
                0x080024b6       0x6e CMakeFiles/RTOS_V1.elf.dir/Middlewares/Third_Party/FreeRTOS/Source/queue.c.obj
 .text.xQueueGenericReset
                0x08002524       0x84 CMakeFiles/RTOS_V1.elf.dir/Middlewares/Third_Party/FreeRTOS/Source/queue.c.obj
                0x08002524                xQueueGenericReset
 .text.prvInitialiseNewQueue
                0x080025a8       0x1c CMakeFiles/RTOS_V1.elf.dir/Middlewares/Third_Party/FreeRTOS/Source/queue.c.obj
 .text.xQueueGenericCreateStatic
                0x080025c4       0x92 CMakeFiles/RTOS_V1.elf.dir/Middlewares/Third_Party/FreeRTOS/Source/queue.c.obj
                0x080025c4                xQueueGenericCreateStatic
 .text.xQueueGenericCreate
                0x08002656       0x4e CMakeFiles/RTOS_V1.elf.dir/Middlewares/Third_Party/FreeRTOS/Source/queue.c.obj
                0x08002656                xQueueGenericCreate
 .text.xQueueGenericSend
                0x080026a4      0x188 CMakeFiles/RTOS_V1.elf.dir/Middlewares/Third_Party/FreeRTOS/Source/queue.c.obj
                0x080026a4                xQueueGenericSend
 .text.xQueueGenericSendFromISR
                0x0800282c       0xcc CMakeFiles/RTOS_V1.elf.dir/Middlewares/Third_Party/FreeRTOS/Source/queue.c.obj
                0x0800282c                xQueueGenericSendFromISR
 .text.xQueueReceive
                0x080028f8      0x15e CMakeFiles/RTOS_V1.elf.dir/Middlewares/Third_Party/FreeRTOS/Source/queue.c.obj
                0x080028f8                xQueueReceive
 .text.xQueueReceiveFromISR
                0x08002a56       0xa8 CMakeFiles/RTOS_V1.elf.dir/Middlewares/Third_Party/FreeRTOS/Source/queue.c.obj
                0x08002a56                xQueueReceiveFromISR
 .text.uxQueueSpacesAvailable
                0x08002afe       0x2a CMakeFiles/RTOS_V1.elf.dir/Middlewares/Third_Party/FreeRTOS/Source/queue.c.obj
                0x08002afe                uxQueueSpacesAvailable
 .text.prvResetNextTaskUnblockTime
                0x08002b28       0x2c CMakeFiles/RTOS_V1.elf.dir/Middlewares/Third_Party/FreeRTOS/Source/tasks.c.obj
 .text.prvInitialiseNewTask
                0x08002b54       0x94 CMakeFiles/RTOS_V1.elf.dir/Middlewares/Third_Party/FreeRTOS/Source/tasks.c.obj
 .text.prvInitialiseTaskLists
                0x08002be8       0x68 CMakeFiles/RTOS_V1.elf.dir/Middlewares/Third_Party/FreeRTOS/Source/tasks.c.obj
 .text.prvAddNewTaskToReadyList
                0x08002c50       0xa8 CMakeFiles/RTOS_V1.elf.dir/Middlewares/Third_Party/FreeRTOS/Source/tasks.c.obj
 .text.prvDeleteTCB
                0x08002cf8       0x38 CMakeFiles/RTOS_V1.elf.dir/Middlewares/Third_Party/FreeRTOS/Source/tasks.c.obj
 .text.prvCheckTasksWaitingTermination
                0x08002d30       0x4c CMakeFiles/RTOS_V1.elf.dir/Middlewares/Third_Party/FreeRTOS/Source/tasks.c.obj
 .text.prvIdleTask
                0x08002d7c       0x28 CMakeFiles/RTOS_V1.elf.dir/Middlewares/Third_Party/FreeRTOS/Source/tasks.c.obj
 .text.prvAddCurrentTaskToDelayedList
                0x08002da4       0x98 CMakeFiles/RTOS_V1.elf.dir/Middlewares/Third_Party/FreeRTOS/Source/tasks.c.obj
 .text.xTaskCreateStatic
                0x08002e3c       0x74 CMakeFiles/RTOS_V1.elf.dir/Middlewares/Third_Party/FreeRTOS/Source/tasks.c.obj
                0x08002e3c                xTaskCreateStatic
 .text.xTaskCreate
                0x08002eb0       0x68 CMakeFiles/RTOS_V1.elf.dir/Middlewares/Third_Party/FreeRTOS/Source/tasks.c.obj
                0x08002eb0                xTaskCreate
 .text.vTaskStartScheduler
                0x08002f18       0x74 CMakeFiles/RTOS_V1.elf.dir/Middlewares/Third_Party/FreeRTOS/Source/tasks.c.obj
                0x08002f18                vTaskStartScheduler
 .text.vTaskSuspendAll
                0x08002f8c       0x10 CMakeFiles/RTOS_V1.elf.dir/Middlewares/Third_Party/FreeRTOS/Source/tasks.c.obj
                0x08002f8c                vTaskSuspendAll
 .text.xTaskIncrementTick
                0x08002f9c      0x118 CMakeFiles/RTOS_V1.elf.dir/Middlewares/Third_Party/FreeRTOS/Source/tasks.c.obj
                0x08002f9c                xTaskIncrementTick
 .text.xTaskResumeAll
                0x080030b4       0xf8 CMakeFiles/RTOS_V1.elf.dir/Middlewares/Third_Party/FreeRTOS/Source/tasks.c.obj
                0x080030b4                xTaskResumeAll
 .text.vTaskSwitchContext
                0x080031ac       0x98 CMakeFiles/RTOS_V1.elf.dir/Middlewares/Third_Party/FreeRTOS/Source/tasks.c.obj
                0x080031ac                vTaskSwitchContext
 .text.vTaskPlaceOnEventList
                0x08003244       0x30 CMakeFiles/RTOS_V1.elf.dir/Middlewares/Third_Party/FreeRTOS/Source/tasks.c.obj
                0x08003244                vTaskPlaceOnEventList
 .text.xTaskRemoveFromEventList
                0x08003274       0x8c CMakeFiles/RTOS_V1.elf.dir/Middlewares/Third_Party/FreeRTOS/Source/tasks.c.obj
                0x08003274                xTaskRemoveFromEventList
 .text.vTaskInternalSetTimeOutState
                0x08003300       0x18 CMakeFiles/RTOS_V1.elf.dir/Middlewares/Third_Party/FreeRTOS/Source/tasks.c.obj
                0x08003300                vTaskInternalSetTimeOutState
 .text.xTaskCheckForTimeOut
                0x08003318       0x84 CMakeFiles/RTOS_V1.elf.dir/Middlewares/Third_Party/FreeRTOS/Source/tasks.c.obj
                0x08003318                xTaskCheckForTimeOut
 .text.vTaskMissedYield
                0x0800339c        0xc CMakeFiles/RTOS_V1.elf.dir/Middlewares/Third_Party/FreeRTOS/Source/tasks.c.obj
                0x0800339c                vTaskMissedYield
 .text.xTaskGetSchedulerState
                0x080033a8       0x20 CMakeFiles/RTOS_V1.elf.dir/Middlewares/Third_Party/FreeRTOS/Source/tasks.c.obj
                0x080033a8                xTaskGetSchedulerState
 .text.xTaskPriorityDisinherit
                0x080033c8       0xb4 CMakeFiles/RTOS_V1.elf.dir/Middlewares/Third_Party/FreeRTOS/Source/tasks.c.obj
                0x080033c8                xTaskPriorityDisinherit
 .text.Reset_Handler
                0x0800347c       0x48 CMakeFiles/RTOS_V1.elf.dir/startup/startup_stm32f103xb.s.obj
                0x0800347c                Reset_Handler
 .text.Default_Handler
                0x080034c4        0x2 CMakeFiles/RTOS_V1.elf.dir/startup/startup_stm32f103xb.s.obj
                0x080034c4                RTC_Alarm_IRQHandler
                0x080034c4                EXTI2_IRQHandler
                0x080034c4                TIM1_CC_IRQHandler
                0x080034c4                PVD_IRQHandler
                0x080034c4                EXTI3_IRQHandler
                0x080034c4                EXTI0_IRQHandler
                0x080034c4                I2C2_EV_IRQHandler
                0x080034c4                ADC1_2_IRQHandler
                0x080034c4                SPI1_IRQHandler
                0x080034c4                TAMPER_IRQHandler
                0x080034c4                DMA1_Channel4_IRQHandler
                0x080034c4                USART3_IRQHandler
                0x080034c4                RTC_IRQHandler
                0x080034c4                DMA1_Channel7_IRQHandler
                0x080034c4                CAN1_RX1_IRQHandler
                0x080034c4                TIM4_IRQHandler
                0x080034c4                I2C1_EV_IRQHandler
                0x080034c4                DMA1_Channel6_IRQHandler
                0x080034c4                TIM3_IRQHandler
                0x080034c4                RCC_IRQHandler
                0x080034c4                TIM1_TRG_COM_IRQHandler
                0x080034c4                DMA1_Channel1_IRQHandler
                0x080034c4                Default_Handler
                0x080034c4                EXTI15_10_IRQHandler
                0x080034c4                EXTI9_5_IRQHandler
                0x080034c4                SPI2_IRQHandler
                0x080034c4                DMA1_Channel5_IRQHandler
                0x080034c4                EXTI4_IRQHandler
                0x080034c4                USB_LP_CAN1_RX0_IRQHandler
                0x080034c4                USB_HP_CAN1_TX_IRQHandler
                0x080034c4                DMA1_Channel3_IRQHandler
                0x080034c4                TIM1_UP_IRQHandler
                0x080034c4                WWDG_IRQHandler
                0x080034c4                TIM2_IRQHandler
                0x080034c4                TIM1_BRK_IRQHandler
                0x080034c4                EXTI1_IRQHandler
                0x080034c4                USART2_IRQHandler
                0x080034c4                I2C2_ER_IRQHandler
                0x080034c4                DMA1_Channel2_IRQHandler
                0x080034c4                CAN1_SCE_IRQHandler
                0x080034c4                FLASH_IRQHandler
                0x080034c4                USART1_IRQHandler
                0x080034c4                I2C1_ER_IRQHandler
                0x080034c4                USBWakeUp_IRQHandler
 *fill*         0x080034c6        0x2 
 .text.__errno  0x080034c8        0xc c:/progra~2/gnuarm~1/102021~1.10/bin/../lib/gcc/arm-none-eabi/10.3.1/../../../../arm-none-eabi/lib/thumb/v7-m/nofp\libg.a(lib_a-errno.o)
                0x080034c8                __errno
 .text.__libc_init_array
                0x080034d4       0x48 c:/progra~2/gnuarm~1/102021~1.10/bin/../lib/gcc/arm-none-eabi/10.3.1/../../../../arm-none-eabi/lib/thumb/v7-m/nofp\libg.a(lib_a-init.o)
                0x080034d4                __libc_init_array
 .text.malloc   0x0800351c       0x10 c:/progra~2/gnuarm~1/102021~1.10/bin/../lib/gcc/arm-none-eabi/10.3.1/../../../../arm-none-eabi/lib/thumb/v7-m/nofp\libg.a(lib_a-malloc.o)
                0x0800351c                malloc
 .text.free     0x0800352c       0x10 c:/progra~2/gnuarm~1/102021~1.10/bin/../lib/gcc/arm-none-eabi/10.3.1/../../../../arm-none-eabi/lib/thumb/v7-m/nofp\libg.a(lib_a-malloc.o)
                0x0800352c                free
 .text._malloc_r
                0x0800353c      0x558 c:/progra~2/gnuarm~1/102021~1.10/bin/../lib/gcc/arm-none-eabi/10.3.1/../../../../arm-none-eabi/lib/thumb/v7-m/nofp\libg.a(lib_a-mallocr.o)
                0x0800353c                _malloc_r
 .text.memset   0x08003a94       0xa4 c:/progra~2/gnuarm~1/102021~1.10/bin/../lib/gcc/arm-none-eabi/10.3.1/../../../../arm-none-eabi/lib/thumb/v7-m/nofp\libg.a(lib_a-memset.o)
                0x08003a94                memset
 .text.__malloc_lock
                0x08003b38        0xc c:/progra~2/gnuarm~1/102021~1.10/bin/../lib/gcc/arm-none-eabi/10.3.1/../../../../arm-none-eabi/lib/thumb/v7-m/nofp\libg.a(lib_a-mlock.o)
                0x08003b38                __malloc_lock
 .text.__malloc_unlock
                0x08003b44        0xc c:/progra~2/gnuarm~1/102021~1.10/bin/../lib/gcc/arm-none-eabi/10.3.1/../../../../arm-none-eabi/lib/thumb/v7-m/nofp\libg.a(lib_a-mlock.o)
                0x08003b44                __malloc_unlock
 .text.printf   0x08003b50       0x28 c:/progra~2/gnuarm~1/102021~1.10/bin/../lib/gcc/arm-none-eabi/10.3.1/../../../../arm-none-eabi/lib/thumb/v7-m/nofp\libg.a(lib_a-printf.o)
                0x08003b50                printf
 .text._puts_r  0x08003b78       0x9c c:/progra~2/gnuarm~1/102021~1.10/bin/../lib/gcc/arm-none-eabi/10.3.1/../../../../arm-none-eabi/lib/thumb/v7-m/nofp\libg.a(lib_a-puts.o)
                0x08003b78                _puts_r
 .text.puts     0x08003c14       0x10 c:/progra~2/gnuarm~1/102021~1.10/bin/../lib/gcc/arm-none-eabi/10.3.1/../../../../arm-none-eabi/lib/thumb/v7-m/nofp\libg.a(lib_a-puts.o)
                0x08003c14                puts
 .text._sbrk_r  0x08003c24       0x24 c:/progra~2/gnuarm~1/102021~1.10/bin/../lib/gcc/arm-none-eabi/10.3.1/../../../../arm-none-eabi/lib/thumb/v7-m/nofp\libg.a(lib_a-sbrkr.o)
                0x08003c24                _sbrk_r
 .text.setvbuf  0x08003c48      0x1b0 c:/progra~2/gnuarm~1/102021~1.10/bin/../lib/gcc/arm-none-eabi/10.3.1/../../../../arm-none-eabi/lib/thumb/v7-m/nofp\libg.a(lib_a-setvbuf.o)
                0x08003c48                setvbuf
 .text.strlen   0x08003df8       0x5c c:/progra~2/gnuarm~1/102021~1.10/bin/../lib/gcc/arm-none-eabi/10.3.1/../../../../arm-none-eabi/lib/thumb/v7-m/nofp\libg.a(lib_a-strlen-stub.o)
                0x08003df8                strlen
 .text._vfprintf_r
                0x08003e54     0x1b58 c:/progra~2/gnuarm~1/102021~1.10/bin/../lib/gcc/arm-none-eabi/10.3.1/../../../../arm-none-eabi/lib/thumb/v7-m/nofp\libg.a(lib_a-vfprintf.o)
                0x08003e54                _vfprintf_r
 .text.__sbprintf
                0x080059ac       0x84 c:/progra~2/gnuarm~1/102021~1.10/bin/../lib/gcc/arm-none-eabi/10.3.1/../../../../arm-none-eabi/lib/thumb/v7-m/nofp\libg.a(lib_a-vfprintf.o)
 .text.__swsetup_r
                0x08005a30       0xd4 c:/progra~2/gnuarm~1/102021~1.10/bin/../lib/gcc/arm-none-eabi/10.3.1/../../../../arm-none-eabi/lib/thumb/v7-m/nofp\libg.a(lib_a-wsetup.o)
                0x08005a30                __swsetup_r
 .text.startup.register_fini
                0x08005b04       0x14 c:/progra~2/gnuarm~1/102021~1.10/bin/../lib/gcc/arm-none-eabi/10.3.1/../../../../arm-none-eabi/lib/thumb/v7-m/nofp\libg.a(lib_a-__call_atexit.o)
 .text.atexit   0x08005b18        0xc c:/progra~2/gnuarm~1/102021~1.10/bin/../lib/gcc/arm-none-eabi/10.3.1/../../../../arm-none-eabi/lib/thumb/v7-m/nofp\libg.a(lib_a-atexit.o)
                0x08005b18                atexit
 .text.quorem   0x08005b24      0x12c c:/progra~2/gnuarm~1/102021~1.10/bin/../lib/gcc/arm-none-eabi/10.3.1/../../../../arm-none-eabi/lib/thumb/v7-m/nofp\libg.a(lib_a-dtoa.o)
 .text._dtoa_r  0x08005c50      0xecc c:/progra~2/gnuarm~1/102021~1.10/bin/../lib/gcc/arm-none-eabi/10.3.1/../../../../arm-none-eabi/lib/thumb/v7-m/nofp\libg.a(lib_a-dtoa.o)
                0x08005c50                _dtoa_r
 .text.__sflush_r
                0x08006b1c      0x124 c:/progra~2/gnuarm~1/102021~1.10/bin/../lib/gcc/arm-none-eabi/10.3.1/../../../../arm-none-eabi/lib/thumb/v7-m/nofp\libg.a(lib_a-fflush.o)
                0x08006b1c                __sflush_r
 .text._fflush_r
                0x08006c40       0x5c c:/progra~2/gnuarm~1/102021~1.10/bin/../lib/gcc/arm-none-eabi/10.3.1/../../../../arm-none-eabi/lib/thumb/v7-m/nofp\libg.a(lib_a-fflush.o)
                0x08006c40                _fflush_r
 .text._cleanup_r
                0x08006c9c        0xc c:/progra~2/gnuarm~1/102021~1.10/bin/../lib/gcc/arm-none-eabi/10.3.1/../../../../arm-none-eabi/lib/thumb/v7-m/nofp\libg.a(lib_a-findfp.o)
                0x08006c9c                _cleanup_r
 .text.__sinit  0x08006ca8      0x10c c:/progra~2/gnuarm~1/102021~1.10/bin/../lib/gcc/arm-none-eabi/10.3.1/../../../../arm-none-eabi/lib/thumb/v7-m/nofp\libg.a(lib_a-findfp.o)
                0x08006ca8                __sinit
 .text.__sfp_lock_acquire
                0x08006db4        0xc c:/progra~2/gnuarm~1/102021~1.10/bin/../lib/gcc/arm-none-eabi/10.3.1/../../../../arm-none-eabi/lib/thumb/v7-m/nofp\libg.a(lib_a-findfp.o)
                0x08006db4                __sfp_lock_acquire
 .text.__sfp_lock_release
                0x08006dc0        0xc c:/progra~2/gnuarm~1/102021~1.10/bin/../lib/gcc/arm-none-eabi/10.3.1/../../../../arm-none-eabi/lib/thumb/v7-m/nofp\libg.a(lib_a-findfp.o)
                0x08006dc0                __sfp_lock_release
 .text.__libc_fini_array
                0x08006dcc       0x2c c:/progra~2/gnuarm~1/102021~1.10/bin/../lib/gcc/arm-none-eabi/10.3.1/../../../../arm-none-eabi/lib/thumb/v7-m/nofp\libg.a(lib_a-fini.o)
                0x08006dcc                __libc_fini_array
 .text._malloc_trim_r
                0x08006df8       0xa0 c:/progra~2/gnuarm~1/102021~1.10/bin/../lib/gcc/arm-none-eabi/10.3.1/../../../../arm-none-eabi/lib/thumb/v7-m/nofp\libg.a(lib_a-freer.o)
                0x08006df8                _malloc_trim_r
 .text._free_r  0x08006e98      0x200 c:/progra~2/gnuarm~1/102021~1.10/bin/../lib/gcc/arm-none-eabi/10.3.1/../../../../arm-none-eabi/lib/thumb/v7-m/nofp\libg.a(lib_a-freer.o)
                0x08006e98                _free_r
 .text.__sfvwrite_r
                0x08007098      0x2f0 c:/progra~2/gnuarm~1/102021~1.10/bin/../lib/gcc/arm-none-eabi/10.3.1/../../../../arm-none-eabi/lib/thumb/v7-m/nofp\libg.a(lib_a-fvwrite.o)
                0x08007098                __sfvwrite_r
 .text._fwalk_reent
                0x08007388       0x48 c:/progra~2/gnuarm~1/102021~1.10/bin/../lib/gcc/arm-none-eabi/10.3.1/../../../../arm-none-eabi/lib/thumb/v7-m/nofp\libg.a(lib_a-fwalk.o)
                0x08007388                _fwalk_reent
 .text._localeconv_r
                0x080073d0        0x8 c:/progra~2/gnuarm~1/102021~1.10/bin/../lib/gcc/arm-none-eabi/10.3.1/../../../../arm-none-eabi/lib/thumb/v7-m/nofp\libg.a(lib_a-localeconv.o)
                0x080073d0                _localeconv_r
 .text.__retarget_lock_init_recursive
                0x080073d8        0x4 c:/progra~2/gnuarm~1/102021~1.10/bin/../lib/gcc/arm-none-eabi/10.3.1/../../../../arm-none-eabi/lib/thumb/v7-m/nofp\libg.a(lib_a-lock.o)
                0x080073d8                __retarget_lock_init_recursive
 .text.__retarget_lock_close_recursive
                0x080073dc        0x4 c:/progra~2/gnuarm~1/102021~1.10/bin/../lib/gcc/arm-none-eabi/10.3.1/../../../../arm-none-eabi/lib/thumb/v7-m/nofp\libg.a(lib_a-lock.o)
                0x080073dc                __retarget_lock_close_recursive
 .text.__retarget_lock_acquire_recursive
                0x080073e0        0x4 c:/progra~2/gnuarm~1/102021~1.10/bin/../lib/gcc/arm-none-eabi/10.3.1/../../../../arm-none-eabi/lib/thumb/v7-m/nofp\libg.a(lib_a-lock.o)
                0x080073e0                __retarget_lock_acquire_recursive
 .text.__retarget_lock_release_recursive
                0x080073e4        0x4 c:/progra~2/gnuarm~1/102021~1.10/bin/../lib/gcc/arm-none-eabi/10.3.1/../../../../arm-none-eabi/lib/thumb/v7-m/nofp\libg.a(lib_a-lock.o)
                0x080073e4                __retarget_lock_release_recursive
 .text.__smakebuf_r
                0x080073e8       0xe0 c:/progra~2/gnuarm~1/102021~1.10/bin/../lib/gcc/arm-none-eabi/10.3.1/../../../../arm-none-eabi/lib/thumb/v7-m/nofp\libg.a(lib_a-makebuf.o)
                0x080073e8                __smakebuf_r
 .text.__swhatbuf_r
                0x080074c8       0x60 c:/progra~2/gnuarm~1/102021~1.10/bin/../lib/gcc/arm-none-eabi/10.3.1/../../../../arm-none-eabi/lib/thumb/v7-m/nofp\libg.a(lib_a-makebuf.o)
                0x080074c8                __swhatbuf_r
 .text.memchr   0x08007528       0x90 c:/progra~2/gnuarm~1/102021~1.10/bin/../lib/gcc/arm-none-eabi/10.3.1/../../../../arm-none-eabi/lib/thumb/v7-m/nofp\libg.a(lib_a-memchr-stub.o)
                0x08007528                memchr
 .text.memmove  0x080075b8       0xf8 c:/progra~2/gnuarm~1/102021~1.10/bin/../lib/gcc/arm-none-eabi/10.3.1/../../../../arm-none-eabi/lib/thumb/v7-m/nofp\libg.a(lib_a-memmove.o)
                0x080075b8                memmove
 .text._Balloc  0x080076b0       0x4c c:/progra~2/gnuarm~1/102021~1.10/bin/../lib/gcc/arm-none-eabi/10.3.1/../../../../arm-none-eabi/lib/thumb/v7-m/nofp\libg.a(lib_a-mprec.o)
                0x080076b0                _Balloc
 .text._Bfree   0x080076fc       0x14 c:/progra~2/gnuarm~1/102021~1.10/bin/../lib/gcc/arm-none-eabi/10.3.1/../../../../arm-none-eabi/lib/thumb/v7-m/nofp\libg.a(lib_a-mprec.o)
                0x080076fc                _Bfree
 .text.__multadd
                0x08007710       0xa4 c:/progra~2/gnuarm~1/102021~1.10/bin/../lib/gcc/arm-none-eabi/10.3.1/../../../../arm-none-eabi/lib/thumb/v7-m/nofp\libg.a(lib_a-mprec.o)
                0x08007710                __multadd
 .text.__hi0bits
                0x080077b4       0x40 c:/progra~2/gnuarm~1/102021~1.10/bin/../lib/gcc/arm-none-eabi/10.3.1/../../../../arm-none-eabi/lib/thumb/v7-m/nofp\libg.a(lib_a-mprec.o)
                0x080077b4                __hi0bits
 .text.__lo0bits
                0x080077f4       0x58 c:/progra~2/gnuarm~1/102021~1.10/bin/../lib/gcc/arm-none-eabi/10.3.1/../../../../arm-none-eabi/lib/thumb/v7-m/nofp\libg.a(lib_a-mprec.o)
                0x080077f4                __lo0bits
 .text.__i2b    0x0800784c       0x5c c:/progra~2/gnuarm~1/102021~1.10/bin/../lib/gcc/arm-none-eabi/10.3.1/../../../../arm-none-eabi/lib/thumb/v7-m/nofp\libg.a(lib_a-mprec.o)
                0x0800784c                __i2b
 .text.__multiply
                0x080078a8      0x15c c:/progra~2/gnuarm~1/102021~1.10/bin/../lib/gcc/arm-none-eabi/10.3.1/../../../../arm-none-eabi/lib/thumb/v7-m/nofp\libg.a(lib_a-mprec.o)
                0x080078a8                __multiply
 .text.__pow5mult
                0x08007a04       0xb8 c:/progra~2/gnuarm~1/102021~1.10/bin/../lib/gcc/arm-none-eabi/10.3.1/../../../../arm-none-eabi/lib/thumb/v7-m/nofp\libg.a(lib_a-mprec.o)
                0x08007a04                __pow5mult
 .text.__lshift
                0x08007abc       0xec c:/progra~2/gnuarm~1/102021~1.10/bin/../lib/gcc/arm-none-eabi/10.3.1/../../../../arm-none-eabi/lib/thumb/v7-m/nofp\libg.a(lib_a-mprec.o)
                0x08007abc                __lshift
 .text.__mcmp   0x08007ba8       0x40 c:/progra~2/gnuarm~1/102021~1.10/bin/../lib/gcc/arm-none-eabi/10.3.1/../../../../arm-none-eabi/lib/thumb/v7-m/nofp\libg.a(lib_a-mprec.o)
                0x08007ba8                __mcmp
 .text.__mdiff  0x08007be8      0x14c c:/progra~2/gnuarm~1/102021~1.10/bin/../lib/gcc/arm-none-eabi/10.3.1/../../../../arm-none-eabi/lib/thumb/v7-m/nofp\libg.a(lib_a-mprec.o)
                0x08007be8                __mdiff
 .text.__d2b    0x08007d34       0xc4 c:/progra~2/gnuarm~1/102021~1.10/bin/../lib/gcc/arm-none-eabi/10.3.1/../../../../arm-none-eabi/lib/thumb/v7-m/nofp\libg.a(lib_a-mprec.o)
                0x08007d34                __d2b
 .text._realloc_r
                0x08007df8      0x3dc c:/progra~2/gnuarm~1/102021~1.10/bin/../lib/gcc/arm-none-eabi/10.3.1/../../../../arm-none-eabi/lib/thumb/v7-m/nofp\libg.a(lib_a-reallocr.o)
                0x08007df8                _realloc_r
 .text.frexp    0x080081d4       0x70 c:/progra~2/gnuarm~1/102021~1.10/bin/../lib/gcc/arm-none-eabi/10.3.1/../../../../arm-none-eabi/lib/thumb/v7-m/nofp\libg.a(lib_a-s_frexp.o)
                0x080081d4                frexp
 .text.__sread  0x08008244       0x24 c:/progra~2/gnuarm~1/102021~1.10/bin/../lib/gcc/arm-none-eabi/10.3.1/../../../../arm-none-eabi/lib/thumb/v7-m/nofp\libg.a(lib_a-stdio.o)
                0x08008244                __sread
 .text.__swrite
                0x08008268       0x40 c:/progra~2/gnuarm~1/102021~1.10/bin/../lib/gcc/arm-none-eabi/10.3.1/../../../../arm-none-eabi/lib/thumb/v7-m/nofp\libg.a(lib_a-stdio.o)
                0x08008268                __swrite
 .text.__sseek  0x080082a8       0x20 c:/progra~2/gnuarm~1/102021~1.10/bin/../lib/gcc/arm-none-eabi/10.3.1/../../../../arm-none-eabi/lib/thumb/v7-m/nofp\libg.a(lib_a-stdio.o)
                0x080082a8                __sseek
 .text.__sclose
                0x080082c8        0x8 c:/progra~2/gnuarm~1/102021~1.10/bin/../lib/gcc/arm-none-eabi/10.3.1/../../../../arm-none-eabi/lib/thumb/v7-m/nofp\libg.a(lib_a-stdio.o)
                0x080082c8                __sclose
 .text.strncpy  0x080082d0       0x68 c:/progra~2/gnuarm~1/102021~1.10/bin/../lib/gcc/arm-none-eabi/10.3.1/../../../../arm-none-eabi/lib/thumb/v7-m/nofp\libg.a(lib_a-strncpy.o)
                0x080082d0                strncpy
 .text.__sprint_r.part.0
                0x08008338       0x78 c:/progra~2/gnuarm~1/102021~1.10/bin/../lib/gcc/arm-none-eabi/10.3.1/../../../../arm-none-eabi/lib/thumb/v7-m/nofp\libg.a(lib_a-vfiprintf.o)
 .text.__sprint_r
                0x080083b0       0x14 c:/progra~2/gnuarm~1/102021~1.10/bin/../lib/gcc/arm-none-eabi/10.3.1/../../../../arm-none-eabi/lib/thumb/v7-m/nofp\libg.a(lib_a-vfiprintf.o)
                0x080083b0                __sprint_r
 .text._vfiprintf_r
                0x080083c4      0xd98 c:/progra~2/gnuarm~1/102021~1.10/bin/../lib/gcc/arm-none-eabi/10.3.1/../../../../arm-none-eabi/lib/thumb/v7-m/nofp\libg.a(lib_a-vfiprintf.o)
                0x080083c4                _vfiprintf_r
 .text.__sbprintf
                0x0800915c       0x84 c:/progra~2/gnuarm~1/102021~1.10/bin/../lib/gcc/arm-none-eabi/10.3.1/../../../../arm-none-eabi/lib/thumb/v7-m/nofp\libg.a(lib_a-vfiprintf.o)
 .text._write_r
                0x080091e0       0x2c c:/progra~2/gnuarm~1/102021~1.10/bin/../lib/gcc/arm-none-eabi/10.3.1/../../../../arm-none-eabi/lib/thumb/v7-m/nofp\libg.a(lib_a-writer.o)
                0x080091e0                _write_r
 .text.__register_exitproc
                0x0800920c       0x8c c:/progra~2/gnuarm~1/102021~1.10/bin/../lib/gcc/arm-none-eabi/10.3.1/../../../../arm-none-eabi/lib/thumb/v7-m/nofp\libg.a(lib_a-__atexit.o)
                0x0800920c                __register_exitproc
 .text.__assert_func
                0x08009298       0x40 c:/progra~2/gnuarm~1/102021~1.10/bin/../lib/gcc/arm-none-eabi/10.3.1/../../../../arm-none-eabi/lib/thumb/v7-m/nofp\libg.a(lib_a-assert.o)
                0x08009298                __assert_func
 .text._calloc_r
                0x080092d8       0x78 c:/progra~2/gnuarm~1/102021~1.10/bin/../lib/gcc/arm-none-eabi/10.3.1/../../../../arm-none-eabi/lib/thumb/v7-m/nofp\libg.a(lib_a-callocr.o)
                0x080092d8                _calloc_r
 .text._close_r
                0x08009350       0x24 c:/progra~2/gnuarm~1/102021~1.10/bin/../lib/gcc/arm-none-eabi/10.3.1/../../../../arm-none-eabi/lib/thumb/v7-m/nofp\libg.a(lib_a-closer.o)
                0x08009350                _close_r
 .text._fclose_r
                0x08009374       0xcc c:/progra~2/gnuarm~1/102021~1.10/bin/../lib/gcc/arm-none-eabi/10.3.1/../../../../arm-none-eabi/lib/thumb/v7-m/nofp\libg.a(lib_a-fclose.o)
                0x08009374                _fclose_r
 .text.fiprintf
                0x08009440       0x28 c:/progra~2/gnuarm~1/102021~1.10/bin/../lib/gcc/arm-none-eabi/10.3.1/../../../../arm-none-eabi/lib/thumb/v7-m/nofp\libg.a(lib_a-fiprintf.o)
                0x08009440                fiprintf
 .text.__fputwc
                0x08009468       0xa0 c:/progra~2/gnuarm~1/102021~1.10/bin/../lib/gcc/arm-none-eabi/10.3.1/../../../../arm-none-eabi/lib/thumb/v7-m/nofp\libg.a(lib_a-fputwc.o)
                0x08009468                __fputwc
 .text._fputwc_r
                0x08009508       0x68 c:/progra~2/gnuarm~1/102021~1.10/bin/../lib/gcc/arm-none-eabi/10.3.1/../../../../arm-none-eabi/lib/thumb/v7-m/nofp\libg.a(lib_a-fputwc.o)
                0x08009508                _fputwc_r
 .text._fstat_r
                0x08009570       0x28 c:/progra~2/gnuarm~1/102021~1.10/bin/../lib/gcc/arm-none-eabi/10.3.1/../../../../arm-none-eabi/lib/thumb/v7-m/nofp\libg.a(lib_a-fstatr.o)
                0x08009570                _fstat_r
 .text._isatty_r
                0x08009598       0x24 c:/progra~2/gnuarm~1/102021~1.10/bin/../lib/gcc/arm-none-eabi/10.3.1/../../../../arm-none-eabi/lib/thumb/v7-m/nofp\libg.a(lib_a-isattyr.o)
                0x08009598                _isatty_r
 .text.__locale_mb_cur_max
                0x080095bc        0xc c:/progra~2/gnuarm~1/102021~1.10/bin/../lib/gcc/arm-none-eabi/10.3.1/../../../../arm-none-eabi/lib/thumb/v7-m/nofp\libg.a(lib_a-locale.o)
                0x080095bc                __locale_mb_cur_max
 .text._lseek_r
                0x080095c8       0x2c c:/progra~2/gnuarm~1/102021~1.10/bin/../lib/gcc/arm-none-eabi/10.3.1/../../../../arm-none-eabi/lib/thumb/v7-m/nofp\libg.a(lib_a-lseekr.o)
                0x080095c8                _lseek_r
 .text.__ascii_mbtowc
                0x080095f4       0x2c c:/progra~2/gnuarm~1/102021~1.10/bin/../lib/gcc/arm-none-eabi/10.3.1/../../../../arm-none-eabi/lib/thumb/v7-m/nofp\libg.a(lib_a-mbtowc_r.o)
                0x080095f4                __ascii_mbtowc
 .text._read_r  0x08009620       0x2c c:/progra~2/gnuarm~1/102021~1.10/bin/../lib/gcc/arm-none-eabi/10.3.1/../../../../arm-none-eabi/lib/thumb/v7-m/nofp\libg.a(lib_a-readr.o)
                0x08009620                _read_r
 .text.__swbuf_r
                0x0800964c       0xb0 c:/progra~2/gnuarm~1/102021~1.10/bin/../lib/gcc/arm-none-eabi/10.3.1/../../../../arm-none-eabi/lib/thumb/v7-m/nofp\libg.a(lib_a-wbuf.o)
                0x0800964c                __swbuf_r
 .text._wcrtomb_r
                0x080096fc       0x3c c:/progra~2/gnuarm~1/102021~1.10/bin/../lib/gcc/arm-none-eabi/10.3.1/../../../../arm-none-eabi/lib/thumb/v7-m/nofp\libg.a(lib_a-wcrtomb.o)
                0x080096fc                _wcrtomb_r
 .text.__ascii_wctomb
                0x08009738       0x1c c:/progra~2/gnuarm~1/102021~1.10/bin/../lib/gcc/arm-none-eabi/10.3.1/../../../../arm-none-eabi/lib/thumb/v7-m/nofp\libg.a(lib_a-wctomb_r.o)
                0x08009738                __ascii_wctomb
 .text.abort    0x08009754       0x10 c:/progra~2/gnuarm~1/102021~1.10/bin/../lib/gcc/arm-none-eabi/10.3.1/../../../../arm-none-eabi/lib/thumb/v7-m/nofp\libg.a(lib_a-abort.o)
                0x08009754                abort
 .text.raise    0x08009764       0x5c c:/progra~2/gnuarm~1/102021~1.10/bin/../lib/gcc/arm-none-eabi/10.3.1/../../../../arm-none-eabi/lib/thumb/v7-m/nofp\libg.a(lib_a-signal.o)
                0x08009764                raise
 .text._kill_r  0x080097c0       0x28 c:/progra~2/gnuarm~1/102021~1.10/bin/../lib/gcc/arm-none-eabi/10.3.1/../../../../arm-none-eabi/lib/thumb/v7-m/nofp\libg.a(lib_a-signalr.o)
                0x080097c0                _kill_r
 .text._getpid_r
                0x080097e8        0x4 c:/progra~2/gnuarm~1/102021~1.10/bin/../lib/gcc/arm-none-eabi/10.3.1/../../../../arm-none-eabi/lib/thumb/v7-m/nofp\libg.a(lib_a-signalr.o)
                0x080097e8                _getpid_r
 *(.glue_7)
 .glue_7        0x080097ec        0x0 linker stubs
 *(.glue_7t)
 .glue_7t       0x080097ec        0x0 linker stubs
 *(.eh_frame)
 .eh_frame      0x080097ec        0x0 c:/progra~2/gnuarm~1/102021~1.10/bin/../lib/gcc/arm-none-eabi/10.3.1/thumb/v7-m/nofp/crtbegin.o
 *(.init)
 .init          0x080097ec        0x4 c:/progra~2/gnuarm~1/102021~1.10/bin/../lib/gcc/arm-none-eabi/10.3.1/thumb/v7-m/nofp/crti.o
                0x080097ec                _init
 .init          0x080097f0        0x8 c:/progra~2/gnuarm~1/102021~1.10/bin/../lib/gcc/arm-none-eabi/10.3.1/thumb/v7-m/nofp/crtn.o
 *(.fini)
 .fini          0x080097f8        0x4 c:/progra~2/gnuarm~1/102021~1.10/bin/../lib/gcc/arm-none-eabi/10.3.1/thumb/v7-m/nofp/crti.o
                0x080097f8                _fini
 .fini          0x080097fc        0x8 c:/progra~2/gnuarm~1/102021~1.10/bin/../lib/gcc/arm-none-eabi/10.3.1/thumb/v7-m/nofp/crtn.o
                0x08009804                . = ALIGN (0x4)
                0x08009804                _etext = .

.vfp11_veneer   0x08009804        0x0
 .vfp11_veneer  0x08009804        0x0 linker stubs

.v4_bx          0x08009804        0x0
 .v4_bx         0x08009804        0x0 linker stubs

.iplt           0x08009804        0x0
 .iplt          0x08009804        0x0 c:/progra~2/gnuarm~1/102021~1.10/bin/../lib/gcc/arm-none-eabi/10.3.1/thumb/v7-m/nofp/crtbegin.o

.rodata         0x08009808      0x510
                0x08009808                . = ALIGN (0x4)
 *(.rodata)
 .rodata        0x08009808       0x64 CMakeFiles/RTOS_V1.elf.dir/Core/RTOS/Task/init_Task.c.obj
 *(.rodata*)
 .rodata.str1.4
                0x0800986c       0x21 CMakeFiles/RTOS_V1.elf.dir/Core/RTOS/Task/init_Task.c.obj
 *fill*         0x0800988d        0x3 
 .rodata.MX_FREERTOS_Init.str1.4
                0x08009890       0x1f CMakeFiles/RTOS_V1.elf.dir/Core/RTOS/Task/init_Task.c.obj
 *fill*         0x080098af        0x1 
 .rodata.xStructsToSend
                0x080098b0       0x10 CMakeFiles/RTOS_V1.elf.dir/Core/RTOS/Task/init_Task.c.obj
 .rodata.vReceiverTask.str1.4
                0x080098c0       0x20 CMakeFiles/RTOS_V1.elf.dir/Core/RTOS/Task/vReceiverTask.c.obj
 .rodata.AHBPrescTable
                0x080098e0       0x10 CMakeFiles/RTOS_V1.elf.dir/Core/Src/system_stm32f1xx.c.obj
                0x080098e0                AHBPrescTable
 .rodata.APBPrescTable
                0x080098f0        0x8 CMakeFiles/RTOS_V1.elf.dir/Core/Src/system_stm32f1xx.c.obj
                0x080098f0                APBPrescTable
 .rodata.HAL_RCC_GetSysClockFreq.str1.4
                0x080098f8       0x11 CMakeFiles/RTOS_V1.elf.dir/Drivers/STM32F1xx_HAL_Driver/Src/stm32f1xx_hal_rcc.c.obj
 *fill*         0x08009909        0x3 
 .rodata.vTaskStartScheduler.str1.4
                0x0800990c        0x5 CMakeFiles/RTOS_V1.elf.dir/Middlewares/Third_Party/FreeRTOS/Source/tasks.c.obj
 *fill*         0x08009911        0x3 
 .rodata._global_impure_ptr
                0x08009914        0x4 c:/progra~2/gnuarm~1/102021~1.10/bin/../lib/gcc/arm-none-eabi/10.3.1/../../../../arm-none-eabi/lib/thumb/v7-m/nofp\libg.a(lib_a-impure.o)
                0x08009914                _global_impure_ptr
 .rodata._puts_r.str1.4
                0x08009918        0x2 c:/progra~2/gnuarm~1/102021~1.10/bin/../lib/gcc/arm-none-eabi/10.3.1/../../../../arm-none-eabi/lib/thumb/v7-m/nofp\libg.a(lib_a-puts.o)
 *fill*         0x0800991a        0x2 
 .rodata._vfprintf_r.str1.4
                0x0800991c       0x42 c:/progra~2/gnuarm~1/102021~1.10/bin/../lib/gcc/arm-none-eabi/10.3.1/../../../../arm-none-eabi/lib/thumb/v7-m/nofp\libg.a(lib_a-vfprintf.o)
 *fill*         0x0800995e        0x2 
 .rodata.blanks.1
                0x08009960       0x10 c:/progra~2/gnuarm~1/102021~1.10/bin/../lib/gcc/arm-none-eabi/10.3.1/../../../../arm-none-eabi/lib/thumb/v7-m/nofp\libg.a(lib_a-vfprintf.o)
 .rodata.zeroes.0
                0x08009970       0x10 c:/progra~2/gnuarm~1/102021~1.10/bin/../lib/gcc/arm-none-eabi/10.3.1/../../../../arm-none-eabi/lib/thumb/v7-m/nofp\libg.a(lib_a-vfprintf.o)
 .rodata._dtoa_r.str1.4
                0x08009980       0xa2 c:/progra~2/gnuarm~1/102021~1.10/bin/../lib/gcc/arm-none-eabi/10.3.1/../../../../arm-none-eabi/lib/thumb/v7-m/nofp\libg.a(lib_a-dtoa.o)
                                 0xa6 (size before relaxing)
 *fill*         0x08009a22        0x2 
 .rodata.__multadd.str1.4
                0x08009a24       0x7f c:/progra~2/gnuarm~1/102021~1.10/bin/../lib/gcc/arm-none-eabi/10.3.1/../../../../arm-none-eabi/lib/thumb/v7-m/nofp\libg.a(lib_a-mprec.o)
                                 0x93 (size before relaxing)
 *fill*         0x08009aa3        0x5 
 .rodata.__mprec_bigtens
                0x08009aa8       0x28 c:/progra~2/gnuarm~1/102021~1.10/bin/../lib/gcc/arm-none-eabi/10.3.1/../../../../arm-none-eabi/lib/thumb/v7-m/nofp\libg.a(lib_a-mprec.o)
                0x08009aa8                __mprec_bigtens
 .rodata.__mprec_tens
                0x08009ad0       0xc8 c:/progra~2/gnuarm~1/102021~1.10/bin/../lib/gcc/arm-none-eabi/10.3.1/../../../../arm-none-eabi/lib/thumb/v7-m/nofp\libg.a(lib_a-mprec.o)
                0x08009ad0                __mprec_tens
 .rodata.p05.0  0x08009b98        0xc c:/progra~2/gnuarm~1/102021~1.10/bin/../lib/gcc/arm-none-eabi/10.3.1/../../../../arm-none-eabi/lib/thumb/v7-m/nofp\libg.a(lib_a-mprec.o)
 .rodata._vfiprintf_r.str1.4
                0x08009ba4       0x2f c:/progra~2/gnuarm~1/102021~1.10/bin/../lib/gcc/arm-none-eabi/10.3.1/../../../../arm-none-eabi/lib/thumb/v7-m/nofp\libg.a(lib_a-vfiprintf.o)
 .rodata.blanks.1
                0x08009ba4       0x10 c:/progra~2/gnuarm~1/102021~1.10/bin/../lib/gcc/arm-none-eabi/10.3.1/../../../../arm-none-eabi/lib/thumb/v7-m/nofp\libg.a(lib_a-vfiprintf.o)
 .rodata.zeroes.0
                0x08009bb4       0x10 c:/progra~2/gnuarm~1/102021~1.10/bin/../lib/gcc/arm-none-eabi/10.3.1/../../../../arm-none-eabi/lib/thumb/v7-m/nofp\libg.a(lib_a-vfiprintf.o)
 .rodata.__assert_func.str1.4
                0x08009bc4       0x3f c:/progra~2/gnuarm~1/102021~1.10/bin/../lib/gcc/arm-none-eabi/10.3.1/../../../../arm-none-eabi/lib/thumb/v7-m/nofp\libg.a(lib_a-assert.o)
                                 0x43 (size before relaxing)
 *fill*         0x08009c03        0x1 
 .rodata._setlocale_r.str1.4
                0x08009c04        0xa c:/progra~2/gnuarm~1/102021~1.10/bin/../lib/gcc/arm-none-eabi/10.3.1/../../../../arm-none-eabi/lib/thumb/v7-m/nofp\libg.a(lib_a-locale.o)
                                  0xd (size before relaxing)
 *fill*         0x08009c0e        0x2 
 .rodata.str1.4
                0x08009c10        0x2 c:/progra~2/gnuarm~1/102021~1.10/bin/../lib/gcc/arm-none-eabi/10.3.1/../../../../arm-none-eabi/lib/thumb/v7-m/nofp\libg.a(lib_a-locale.o)
 *fill*         0x08009c12        0x2 
 .rodata._ctype_
                0x08009c14      0x101 c:/progra~2/gnuarm~1/102021~1.10/bin/../lib/gcc/arm-none-eabi/10.3.1/../../../../arm-none-eabi/lib/thumb/v7-m/nofp\libg.a(lib_a-ctype_.o)
                0x08009c14                _ctype_
                0x08009d18                . = ALIGN (0x4)
 *fill*         0x08009d15        0x3 

.ARM.extab
 *(.ARM.extab* .gnu.linkonce.armextab.*)

.ARM            0x08009d18        0x8
                0x08009d18                __exidx_start = .
 *(.ARM.exidx*)
 .ARM.exidx     0x08009d18        0x8 c:/progra~2/gnuarm~1/102021~1.10/bin/../lib/gcc/arm-none-eabi/10.3.1/thumb/v7-m/nofp\libgcc.a(_udivmoddi4.o)
                0x08009d20                __exidx_end = .

.rel.dyn        0x08009d20        0x0
 .rel.iplt      0x08009d20        0x0 c:/progra~2/gnuarm~1/102021~1.10/bin/../lib/gcc/arm-none-eabi/10.3.1/thumb/v7-m/nofp/crtbegin.o

.preinit_array  0x08009d20        0x0
                0x08009d20                PROVIDE (__preinit_array_start = .)
 *(.preinit_array*)
                0x08009d20                PROVIDE (__preinit_array_end = .)

.init_array     0x08009d20        0x8
                0x08009d20                PROVIDE (__init_array_start = .)
 *(SORT_BY_NAME(.init_array.*))
 .init_array.00000
                0x08009d20        0x4 c:/progra~2/gnuarm~1/102021~1.10/bin/../lib/gcc/arm-none-eabi/10.3.1/../../../../arm-none-eabi/lib/thumb/v7-m/nofp\libg.a(lib_a-__call_atexit.o)
 *(.init_array*)
 .init_array    0x08009d24        0x4 c:/progra~2/gnuarm~1/102021~1.10/bin/../lib/gcc/arm-none-eabi/10.3.1/thumb/v7-m/nofp/crtbegin.o
                0x08009d28                PROVIDE (__init_array_end = .)

.fini_array     0x08009d28        0x4
                0x08009d28                PROVIDE (__fini_array_start = .)
 *(SORT_BY_NAME(.fini_array.*))
 *(.fini_array*)
 .fini_array    0x08009d28        0x4 c:/progra~2/gnuarm~1/102021~1.10/bin/../lib/gcc/arm-none-eabi/10.3.1/thumb/v7-m/nofp/crtbegin.o
                0x08009d2c                PROVIDE (__fini_array_end = .)
                0x08009d2c                _sidata = LOADADDR (.data)

.data           0x20000000      0x9c0 load address 0x08009d2c
                0x20000000                . = ALIGN (0x4)
                0x20000000                _sdata = .
 *(.data)
 *(.data*)
 .data.SystemCoreClock
                0x20000000        0x4 CMakeFiles/RTOS_V1.elf.dir/Core/Src/system_stm32f1xx.c.obj
                0x20000000                SystemCoreClock
 .data.uwTickFreq
                0x20000004        0x1 CMakeFiles/RTOS_V1.elf.dir/Drivers/STM32F1xx_HAL_Driver/Src/stm32f1xx_hal.c.obj
                0x20000004                uwTickFreq
 *fill*         0x20000005        0x3 
 .data.uwTickPrio
                0x20000008        0x4 CMakeFiles/RTOS_V1.elf.dir/Drivers/STM32F1xx_HAL_Driver/Src/stm32f1xx_hal.c.obj
                0x20000008                uwTickPrio
 .data.uxCriticalNesting
                0x2000000c        0x4 CMakeFiles/RTOS_V1.elf.dir/Middlewares/Third_Party/FreeRTOS/Source/portable/GCC/ARM_CM3/port.c.obj
 .data._impure_ptr
                0x20000010        0x4 c:/progra~2/gnuarm~1/102021~1.10/bin/../lib/gcc/arm-none-eabi/10.3.1/../../../../arm-none-eabi/lib/thumb/v7-m/nofp\libg.a(lib_a-impure.o)
                0x20000010                _impure_ptr
 *fill*         0x20000014        0x4 
 .data.impure_data
                0x20000018      0x428 c:/progra~2/gnuarm~1/102021~1.10/bin/../lib/gcc/arm-none-eabi/10.3.1/../../../../arm-none-eabi/lib/thumb/v7-m/nofp\libg.a(lib_a-impure.o)
 .data.__malloc_av_
                0x20000440      0x408 c:/progra~2/gnuarm~1/102021~1.10/bin/../lib/gcc/arm-none-eabi/10.3.1/../../../../arm-none-eabi/lib/thumb/v7-m/nofp\libg.a(lib_a-mallocr.o)
                0x20000440                __malloc_av_
 .data.__malloc_sbrk_base
                0x20000848        0x4 c:/progra~2/gnuarm~1/102021~1.10/bin/../lib/gcc/arm-none-eabi/10.3.1/../../../../arm-none-eabi/lib/thumb/v7-m/nofp\libg.a(lib_a-mallocr.o)
                0x20000848                __malloc_sbrk_base
 .data.__malloc_trim_threshold
                0x2000084c        0x4 c:/progra~2/gnuarm~1/102021~1.10/bin/../lib/gcc/arm-none-eabi/10.3.1/../../../../arm-none-eabi/lib/thumb/v7-m/nofp\libg.a(lib_a-mallocr.o)
                0x2000084c                __malloc_trim_threshold
 .data.__atexit_recursive_mutex
                0x20000850        0x4 c:/progra~2/gnuarm~1/102021~1.10/bin/../lib/gcc/arm-none-eabi/10.3.1/../../../../arm-none-eabi/lib/thumb/v7-m/nofp\libg.a(lib_a-__call_atexit.o)
                0x20000850                __atexit_recursive_mutex
 .data.__global_locale
                0x20000854      0x16c c:/progra~2/gnuarm~1/102021~1.10/bin/../lib/gcc/arm-none-eabi/10.3.1/../../../../arm-none-eabi/lib/thumb/v7-m/nofp\libg.a(lib_a-locale.o)
                0x20000854                __global_locale
                0x200009c0                . = ALIGN (0x4)
                0x200009c0                _edata = .

.igot.plt       0x200009c0        0x0 load address 0x0800a6ec
 .igot.plt      0x200009c0        0x0 c:/progra~2/gnuarm~1/102021~1.10/bin/../lib/gcc/arm-none-eabi/10.3.1/thumb/v7-m/nofp/crtbegin.o
                0x200009c0                . = ALIGN (0x4)

.bss            0x200009c0      0x448 load address 0x0800a6ec
                0x200009c0                _sbss = .
                0x200009c0                __bss_start__ = _sbss
 *(.bss)
 .bss           0x200009c0       0x1c c:/progra~2/gnuarm~1/102021~1.10/bin/../lib/gcc/arm-none-eabi/10.3.1/thumb/v7-m/nofp/crtbegin.o
 *(.bss*)
 .bss.ID_Queue1
                0x200009dc        0x4 CMakeFiles/RTOS_V1.elf.dir/Core/RTOS/Task/init_Task.c.obj
                0x200009dc                ID_Queue1
 .bss.myTask02Handle
                0x200009e0        0x4 CMakeFiles/RTOS_V1.elf.dir/Core/RTOS/Task/init_Task.c.obj
                0x200009e0                myTask02Handle
 .bss.myTask03Handle
                0x200009e4        0x4 CMakeFiles/RTOS_V1.elf.dir/Core/RTOS/Task/init_Task.c.obj
                0x200009e4                myTask03Handle
 .bss.xIdleStack
                0x200009e8      0x200 CMakeFiles/RTOS_V1.elf.dir/Core/RTOS/Task/init_Task.c.obj
 .bss.xIdleTaskTCBBuffer
                0x20000be8       0x54 CMakeFiles/RTOS_V1.elf.dir/Core/RTOS/Task/init_Task.c.obj
 .bss.gHuart    0x20000c3c        0x4 CMakeFiles/RTOS_V1.elf.dir/Core/Retartget/retarget.c.obj
                0x20000c3c                gHuart
 .bss.heap_end.0
                0x20000c40        0x4 CMakeFiles/RTOS_V1.elf.dir/Core/Src/syscalls.c.obj
 .bss.huart1    0x20000c44       0x44 CMakeFiles/RTOS_V1.elf.dir/Core/Src/usart.c.obj
                0x20000c44                huart1
 .bss.uwTick    0x20000c88        0x4 CMakeFiles/RTOS_V1.elf.dir/Drivers/STM32F1xx_HAL_Driver/Src/stm32f1xx_hal.c.obj
                0x20000c88                uwTick
 .bss.ucMaxSysCallPriority
                0x20000c8c        0x1 CMakeFiles/RTOS_V1.elf.dir/Middlewares/Third_Party/FreeRTOS/Source/portable/GCC/ARM_CM3/port.c.obj
 *fill*         0x20000c8d        0x3 
 .bss.ulMaxPRIGROUPValue
                0x20000c90        0x4 CMakeFiles/RTOS_V1.elf.dir/Middlewares/Third_Party/FreeRTOS/Source/portable/GCC/ARM_CM3/port.c.obj
 .bss.pxCurrentTCB
                0x20000c94        0x4 CMakeFiles/RTOS_V1.elf.dir/Middlewares/Third_Party/FreeRTOS/Source/tasks.c.obj
                0x20000c94                pxCurrentTCB
 .bss.pxDelayedTaskList
                0x20000c98        0x4 CMakeFiles/RTOS_V1.elf.dir/Middlewares/Third_Party/FreeRTOS/Source/tasks.c.obj
 .bss.pxOverflowDelayedTaskList
                0x20000c9c        0x4 CMakeFiles/RTOS_V1.elf.dir/Middlewares/Third_Party/FreeRTOS/Source/tasks.c.obj
 .bss.pxReadyTasksLists
                0x20000ca0       0x8c CMakeFiles/RTOS_V1.elf.dir/Middlewares/Third_Party/FreeRTOS/Source/tasks.c.obj
 .bss.uxCurrentNumberOfTasks
                0x20000d2c        0x4 CMakeFiles/RTOS_V1.elf.dir/Middlewares/Third_Party/FreeRTOS/Source/tasks.c.obj
 .bss.uxDeletedTasksWaitingCleanUp
                0x20000d30        0x4 CMakeFiles/RTOS_V1.elf.dir/Middlewares/Third_Party/FreeRTOS/Source/tasks.c.obj
 .bss.uxPendedTicks
                0x20000d34        0x4 CMakeFiles/RTOS_V1.elf.dir/Middlewares/Third_Party/FreeRTOS/Source/tasks.c.obj
 .bss.uxSchedulerSuspended
                0x20000d38        0x4 CMakeFiles/RTOS_V1.elf.dir/Middlewares/Third_Party/FreeRTOS/Source/tasks.c.obj
 .bss.uxTaskNumber
                0x20000d3c        0x4 CMakeFiles/RTOS_V1.elf.dir/Middlewares/Third_Party/FreeRTOS/Source/tasks.c.obj
 .bss.uxTopReadyPriority
                0x20000d40        0x4 CMakeFiles/RTOS_V1.elf.dir/Middlewares/Third_Party/FreeRTOS/Source/tasks.c.obj
 .bss.xDelayedTaskList1
                0x20000d44       0x14 CMakeFiles/RTOS_V1.elf.dir/Middlewares/Third_Party/FreeRTOS/Source/tasks.c.obj
 .bss.xDelayedTaskList2
                0x20000d58       0x14 CMakeFiles/RTOS_V1.elf.dir/Middlewares/Third_Party/FreeRTOS/Source/tasks.c.obj
 .bss.xIdleTaskHandle
                0x20000d6c        0x4 CMakeFiles/RTOS_V1.elf.dir/Middlewares/Third_Party/FreeRTOS/Source/tasks.c.obj
 .bss.xNextTaskUnblockTime
                0x20000d70        0x4 CMakeFiles/RTOS_V1.elf.dir/Middlewares/Third_Party/FreeRTOS/Source/tasks.c.obj
 .bss.xNumOfOverflows
                0x20000d74        0x4 CMakeFiles/RTOS_V1.elf.dir/Middlewares/Third_Party/FreeRTOS/Source/tasks.c.obj
 .bss.xPendingReadyList
                0x20000d78       0x14 CMakeFiles/RTOS_V1.elf.dir/Middlewares/Third_Party/FreeRTOS/Source/tasks.c.obj
 .bss.xSchedulerRunning
                0x20000d8c        0x4 CMakeFiles/RTOS_V1.elf.dir/Middlewares/Third_Party/FreeRTOS/Source/tasks.c.obj
 .bss.xSuspendedTaskList
                0x20000d90       0x14 CMakeFiles/RTOS_V1.elf.dir/Middlewares/Third_Party/FreeRTOS/Source/tasks.c.obj
 .bss.xTasksWaitingTermination
                0x20000da4       0x14 CMakeFiles/RTOS_V1.elf.dir/Middlewares/Third_Party/FreeRTOS/Source/tasks.c.obj
 .bss.xTickCount
                0x20000db8        0x4 CMakeFiles/RTOS_V1.elf.dir/Middlewares/Third_Party/FreeRTOS/Source/tasks.c.obj
 .bss.xYieldPending
                0x20000dbc        0x4 CMakeFiles/RTOS_V1.elf.dir/Middlewares/Third_Party/FreeRTOS/Source/tasks.c.obj
 .bss.__malloc_current_mallinfo
                0x20000dc0       0x28 c:/progra~2/gnuarm~1/102021~1.10/bin/../lib/gcc/arm-none-eabi/10.3.1/../../../../arm-none-eabi/lib/thumb/v7-m/nofp\libg.a(lib_a-mallocr.o)
                0x20000dc0                __malloc_current_mallinfo
 .bss.__malloc_max_sbrked_mem
                0x20000de8        0x4 c:/progra~2/gnuarm~1/102021~1.10/bin/../lib/gcc/arm-none-eabi/10.3.1/../../../../arm-none-eabi/lib/thumb/v7-m/nofp\libg.a(lib_a-mallocr.o)
                0x20000de8                __malloc_max_sbrked_mem
 .bss.__malloc_max_total_mem
                0x20000dec        0x4 c:/progra~2/gnuarm~1/102021~1.10/bin/../lib/gcc/arm-none-eabi/10.3.1/../../../../arm-none-eabi/lib/thumb/v7-m/nofp\libg.a(lib_a-mallocr.o)
                0x20000dec                __malloc_max_total_mem
 .bss.__malloc_top_pad
                0x20000df0        0x4 c:/progra~2/gnuarm~1/102021~1.10/bin/../lib/gcc/arm-none-eabi/10.3.1/../../../../arm-none-eabi/lib/thumb/v7-m/nofp\libg.a(lib_a-mallocr.o)
                0x20000df0                __malloc_top_pad
 .bss.__lock___atexit_recursive_mutex
                0x20000df4        0x1 c:/progra~2/gnuarm~1/102021~1.10/bin/../lib/gcc/arm-none-eabi/10.3.1/../../../../arm-none-eabi/lib/thumb/v7-m/nofp\libg.a(lib_a-lock.o)
                0x20000df4                __lock___atexit_recursive_mutex
 *fill*         0x20000df5        0x3 
 .bss.__lock___malloc_recursive_mutex
                0x20000df8        0x1 c:/progra~2/gnuarm~1/102021~1.10/bin/../lib/gcc/arm-none-eabi/10.3.1/../../../../arm-none-eabi/lib/thumb/v7-m/nofp\libg.a(lib_a-lock.o)
                0x20000df8                __lock___malloc_recursive_mutex
 *fill*         0x20000df9        0x3 
 .bss.__lock___sfp_recursive_mutex
                0x20000dfc        0x1 c:/progra~2/gnuarm~1/102021~1.10/bin/../lib/gcc/arm-none-eabi/10.3.1/../../../../arm-none-eabi/lib/thumb/v7-m/nofp\libg.a(lib_a-lock.o)
                0x20000dfc                __lock___sfp_recursive_mutex
 *fill*         0x20000dfd        0x3 
 .bss.__lock___sinit_recursive_mutex
                0x20000e00        0x1 c:/progra~2/gnuarm~1/102021~1.10/bin/../lib/gcc/arm-none-eabi/10.3.1/../../../../arm-none-eabi/lib/thumb/v7-m/nofp\libg.a(lib_a-lock.o)
                0x20000e00                __lock___sinit_recursive_mutex
 *fill*         0x20000e01        0x3 
 .bss.errno     0x20000e04        0x4 c:/progra~2/gnuarm~1/102021~1.10/bin/../lib/gcc/arm-none-eabi/10.3.1/../../../../arm-none-eabi/lib/thumb/v7-m/nofp\libg.a(lib_a-reent.o)
                0x20000e04                errno
 *(COMMON)
                0x20000e08                . = ALIGN (0x4)
                0x20000e08                _ebss = .
                0x20000e08                __bss_end__ = _ebss

._user_heap_stack
                0x20000e08      0x600 load address 0x0800a6ec
                0x20000e08                . = ALIGN (0x8)
                0x20000e08                PROVIDE (end = .)
                [!provide]                PROVIDE (_end = .)
                0x20001008                . = (. + _Min_Heap_Size)
 *fill*         0x20000e08      0x200 
                0x20001408                . = (. + _Min_Stack_Size)
 *fill*         0x20001008      0x400 
                0x20001408                . = ALIGN (0x8)

/DISCARD/
 libc.a(*)
 libm.a(*)
 libgcc.a(*)

.ARM.attributes
                0x00000000       0x29
 *(.ARM.attributes)
 .ARM.attributes
                0x00000000       0x1d c:/progra~2/gnuarm~1/102021~1.10/bin/../lib/gcc/arm-none-eabi/10.3.1/thumb/v7-m/nofp/crti.o
 .ARM.attributes
                0x0000001d       0x2d c:/progra~2/gnuarm~1/102021~1.10/bin/../lib/gcc/arm-none-eabi/10.3.1/thumb/v7-m/nofp/crtbegin.o
 .ARM.attributes
                0x0000004a       0x2d CMakeFiles/RTOS_V1.elf.dir/Core/RTOS/Task/init_Task.c.obj
 .ARM.attributes
                0x00000077       0x2d CMakeFiles/RTOS_V1.elf.dir/Core/RTOS/Task/vReceiverTask.c.obj
 .ARM.attributes
                0x000000a4       0x2d CMakeFiles/RTOS_V1.elf.dir/Core/RTOS/Task/vSenderTask.c.obj
 .ARM.attributes
                0x000000d1       0x2d CMakeFiles/RTOS_V1.elf.dir/Core/Retartget/retarget.c.obj
 .ARM.attributes
                0x000000fe       0x2d CMakeFiles/RTOS_V1.elf.dir/Core/Src/gpio.c.obj
 .ARM.attributes
                0x0000012b       0x2d CMakeFiles/RTOS_V1.elf.dir/Core/Src/main.c.obj
 .ARM.attributes
                0x00000158       0x2d CMakeFiles/RTOS_V1.elf.dir/Core/Src/stm32f1xx_hal_msp.c.obj
 .ARM.attributes
                0x00000185       0x2d CMakeFiles/RTOS_V1.elf.dir/Core/Src/stm32f1xx_it.c.obj
 .ARM.attributes
                0x000001b2       0x2d CMakeFiles/RTOS_V1.elf.dir/Core/Src/syscalls.c.obj
 .ARM.attributes
                0x000001df       0x2d CMakeFiles/RTOS_V1.elf.dir/Core/Src/system_stm32f1xx.c.obj
 .ARM.attributes
                0x0000020c       0x2d CMakeFiles/RTOS_V1.elf.dir/Core/Src/usart.c.obj
 .ARM.attributes
                0x00000239       0x2d CMakeFiles/RTOS_V1.elf.dir/Drivers/STM32F1xx_HAL_Driver/Src/stm32f1xx_hal.c.obj
 .ARM.attributes
                0x00000266       0x2d CMakeFiles/RTOS_V1.elf.dir/Drivers/STM32F1xx_HAL_Driver/Src/stm32f1xx_hal_cortex.c.obj
 .ARM.attributes
                0x00000293       0x2d CMakeFiles/RTOS_V1.elf.dir/Drivers/STM32F1xx_HAL_Driver/Src/stm32f1xx_hal_gpio.c.obj
 .ARM.attributes
                0x000002c0       0x2d CMakeFiles/RTOS_V1.elf.dir/Drivers/STM32F1xx_HAL_Driver/Src/stm32f1xx_hal_rcc.c.obj
 .ARM.attributes
                0x000002ed       0x2d CMakeFiles/RTOS_V1.elf.dir/Drivers/STM32F1xx_HAL_Driver/Src/stm32f1xx_hal_uart.c.obj
 .ARM.attributes
                0x0000031a       0x2d CMakeFiles/RTOS_V1.elf.dir/Middlewares/Third_Party/FreeRTOS/Source/CMSIS_RTOS/cmsis_os.c.obj
 .ARM.attributes
                0x00000347       0x2d CMakeFiles/RTOS_V1.elf.dir/Middlewares/Third_Party/FreeRTOS/Source/list.c.obj
 .ARM.attributes
                0x00000374       0x2d CMakeFiles/RTOS_V1.elf.dir/Middlewares/Third_Party/FreeRTOS/Source/portable/GCC/ARM_CM3/port.c.obj
 .ARM.attributes
                0x000003a1       0x2d CMakeFiles/RTOS_V1.elf.dir/Middlewares/Third_Party/FreeRTOS/Source/portable/MemMang/heap_3.c.obj
 .ARM.attributes
                0x000003ce       0x2d CMakeFiles/RTOS_V1.elf.dir/Middlewares/Third_Party/FreeRTOS/Source/queue.c.obj
 .ARM.attributes
                0x000003fb       0x2d CMakeFiles/RTOS_V1.elf.dir/Middlewares/Third_Party/FreeRTOS/Source/tasks.c.obj
 .ARM.attributes
                0x00000428       0x21 CMakeFiles/RTOS_V1.elf.dir/startup/startup_stm32f103xb.s.obj
 .ARM.attributes
                0x00000449       0x2d c:/progra~2/gnuarm~1/102021~1.10/bin/../lib/gcc/arm-none-eabi/10.3.1/../../../../arm-none-eabi/lib/thumb/v7-m/nofp\libg.a(lib_a-errno.o)
 .ARM.attributes
                0x00000476       0x2d c:/progra~2/gnuarm~1/102021~1.10/bin/../lib/gcc/arm-none-eabi/10.3.1/../../../../arm-none-eabi/lib/thumb/v7-m/nofp\libg.a(lib_a-impure.o)
 .ARM.attributes
                0x000004a3       0x2d c:/progra~2/gnuarm~1/102021~1.10/bin/../lib/gcc/arm-none-eabi/10.3.1/../../../../arm-none-eabi/lib/thumb/v7-m/nofp\libg.a(lib_a-init.o)
 .ARM.attributes
                0x000004d0       0x2d c:/progra~2/gnuarm~1/102021~1.10/bin/../lib/gcc/arm-none-eabi/10.3.1/../../../../arm-none-eabi/lib/thumb/v7-m/nofp\libg.a(lib_a-malloc.o)
 .ARM.attributes
                0x000004fd       0x2d c:/progra~2/gnuarm~1/102021~1.10/bin/../lib/gcc/arm-none-eabi/10.3.1/../../../../arm-none-eabi/lib/thumb/v7-m/nofp\libg.a(lib_a-mallocr.o)
 .ARM.attributes
                0x0000052a       0x1b c:/progra~2/gnuarm~1/102021~1.10/bin/../lib/gcc/arm-none-eabi/10.3.1/../../../../arm-none-eabi/lib/thumb/v7-m/nofp\libg.a(lib_a-memcpy.o)
 .ARM.attributes
                0x00000545       0x2d c:/progra~2/gnuarm~1/102021~1.10/bin/../lib/gcc/arm-none-eabi/10.3.1/../../../../arm-none-eabi/lib/thumb/v7-m/nofp\libg.a(lib_a-memset.o)
 .ARM.attributes
                0x00000572       0x2d c:/progra~2/gnuarm~1/102021~1.10/bin/../lib/gcc/arm-none-eabi/10.3.1/../../../../arm-none-eabi/lib/thumb/v7-m/nofp\libg.a(lib_a-mlock.o)
 .ARM.attributes
                0x0000059f       0x2d c:/progra~2/gnuarm~1/102021~1.10/bin/../lib/gcc/arm-none-eabi/10.3.1/../../../../arm-none-eabi/lib/thumb/v7-m/nofp\libg.a(lib_a-printf.o)
 .ARM.attributes
                0x000005cc       0x2d c:/progra~2/gnuarm~1/102021~1.10/bin/../lib/gcc/arm-none-eabi/10.3.1/../../../../arm-none-eabi/lib/thumb/v7-m/nofp\libg.a(lib_a-puts.o)
 .ARM.attributes
                0x000005f9       0x2d c:/progra~2/gnuarm~1/102021~1.10/bin/../lib/gcc/arm-none-eabi/10.3.1/../../../../arm-none-eabi/lib/thumb/v7-m/nofp\libg.a(lib_a-sbrkr.o)
 .ARM.attributes
                0x00000626       0x2d c:/progra~2/gnuarm~1/102021~1.10/bin/../lib/gcc/arm-none-eabi/10.3.1/../../../../arm-none-eabi/lib/thumb/v7-m/nofp\libg.a(lib_a-setvbuf.o)
 .ARM.attributes
                0x00000653       0x2d c:/progra~2/gnuarm~1/102021~1.10/bin/../lib/gcc/arm-none-eabi/10.3.1/../../../../arm-none-eabi/lib/thumb/v7-m/nofp\libg.a(lib_a-strlen-stub.o)
 .ARM.attributes
                0x00000680       0x2d c:/progra~2/gnuarm~1/102021~1.10/bin/../lib/gcc/arm-none-eabi/10.3.1/../../../../arm-none-eabi/lib/thumb/v7-m/nofp\libg.a(lib_a-vfprintf.o)
 .ARM.attributes
                0x000006ad       0x2d c:/progra~2/gnuarm~1/102021~1.10/bin/../lib/gcc/arm-none-eabi/10.3.1/../../../../arm-none-eabi/lib/thumb/v7-m/nofp\libg.a(lib_a-wsetup.o)
 .ARM.attributes
                0x000006da       0x2d c:/progra~2/gnuarm~1/102021~1.10/bin/../lib/gcc/arm-none-eabi/10.3.1/../../../../arm-none-eabi/lib/thumb/v7-m/nofp\libg.a(lib_a-__call_atexit.o)
 .ARM.attributes
                0x00000707       0x2d c:/progra~2/gnuarm~1/102021~1.10/bin/../lib/gcc/arm-none-eabi/10.3.1/../../../../arm-none-eabi/lib/thumb/v7-m/nofp\libg.a(lib_a-atexit.o)
 .ARM.attributes
                0x00000734       0x2d c:/progra~2/gnuarm~1/102021~1.10/bin/../lib/gcc/arm-none-eabi/10.3.1/../../../../arm-none-eabi/lib/thumb/v7-m/nofp\libg.a(lib_a-dtoa.o)
 .ARM.attributes
                0x00000761       0x2d c:/progra~2/gnuarm~1/102021~1.10/bin/../lib/gcc/arm-none-eabi/10.3.1/../../../../arm-none-eabi/lib/thumb/v7-m/nofp\libg.a(lib_a-fflush.o)
 .ARM.attributes
                0x0000078e       0x2d c:/progra~2/gnuarm~1/102021~1.10/bin/../lib/gcc/arm-none-eabi/10.3.1/../../../../arm-none-eabi/lib/thumb/v7-m/nofp\libg.a(lib_a-findfp.o)
 .ARM.attributes
                0x000007bb       0x2d c:/progra~2/gnuarm~1/102021~1.10/bin/../lib/gcc/arm-none-eabi/10.3.1/../../../../arm-none-eabi/lib/thumb/v7-m/nofp\libg.a(lib_a-fini.o)
 .ARM.attributes
                0x000007e8       0x2d c:/progra~2/gnuarm~1/102021~1.10/bin/../lib/gcc/arm-none-eabi/10.3.1/../../../../arm-none-eabi/lib/thumb/v7-m/nofp\libg.a(lib_a-freer.o)
 .ARM.attributes
                0x00000815       0x2d c:/progra~2/gnuarm~1/102021~1.10/bin/../lib/gcc/arm-none-eabi/10.3.1/../../../../arm-none-eabi/lib/thumb/v7-m/nofp\libg.a(lib_a-fvwrite.o)
 .ARM.attributes
                0x00000842       0x2d c:/progra~2/gnuarm~1/102021~1.10/bin/../lib/gcc/arm-none-eabi/10.3.1/../../../../arm-none-eabi/lib/thumb/v7-m/nofp\libg.a(lib_a-fwalk.o)
 .ARM.attributes
                0x0000086f       0x2d c:/progra~2/gnuarm~1/102021~1.10/bin/../lib/gcc/arm-none-eabi/10.3.1/../../../../arm-none-eabi/lib/thumb/v7-m/nofp\libg.a(lib_a-localeconv.o)
 .ARM.attributes
                0x0000089c       0x2d c:/progra~2/gnuarm~1/102021~1.10/bin/../lib/gcc/arm-none-eabi/10.3.1/../../../../arm-none-eabi/lib/thumb/v7-m/nofp\libg.a(lib_a-lock.o)
 .ARM.attributes
                0x000008c9       0x2d c:/progra~2/gnuarm~1/102021~1.10/bin/../lib/gcc/arm-none-eabi/10.3.1/../../../../arm-none-eabi/lib/thumb/v7-m/nofp\libg.a(lib_a-makebuf.o)
 .ARM.attributes
                0x000008f6       0x2d c:/progra~2/gnuarm~1/102021~1.10/bin/../lib/gcc/arm-none-eabi/10.3.1/../../../../arm-none-eabi/lib/thumb/v7-m/nofp\libg.a(lib_a-memchr-stub.o)
 .ARM.attributes
                0x00000923       0x2d c:/progra~2/gnuarm~1/102021~1.10/bin/../lib/gcc/arm-none-eabi/10.3.1/../../../../arm-none-eabi/lib/thumb/v7-m/nofp\libg.a(lib_a-memmove.o)
 .ARM.attributes
                0x00000950       0x2d c:/progra~2/gnuarm~1/102021~1.10/bin/../lib/gcc/arm-none-eabi/10.3.1/../../../../arm-none-eabi/lib/thumb/v7-m/nofp\libg.a(lib_a-mprec.o)
 .ARM.attributes
                0x0000097d       0x2d c:/progra~2/gnuarm~1/102021~1.10/bin/../lib/gcc/arm-none-eabi/10.3.1/../../../../arm-none-eabi/lib/thumb/v7-m/nofp\libg.a(lib_a-reallocr.o)
 .ARM.attributes
                0x000009aa       0x2d c:/progra~2/gnuarm~1/102021~1.10/bin/../lib/gcc/arm-none-eabi/10.3.1/../../../../arm-none-eabi/lib/thumb/v7-m/nofp\libg.a(lib_a-reent.o)
 .ARM.attributes
                0x000009d7       0x2d c:/progra~2/gnuarm~1/102021~1.10/bin/../lib/gcc/arm-none-eabi/10.3.1/../../../../arm-none-eabi/lib/thumb/v7-m/nofp\libg.a(lib_a-s_frexp.o)
 .ARM.attributes
                0x00000a04       0x2d c:/progra~2/gnuarm~1/102021~1.10/bin/../lib/gcc/arm-none-eabi/10.3.1/../../../../arm-none-eabi/lib/thumb/v7-m/nofp\libg.a(lib_a-stdio.o)
 .ARM.attributes
                0x00000a31       0x2d c:/progra~2/gnuarm~1/102021~1.10/bin/../lib/gcc/arm-none-eabi/10.3.1/../../../../arm-none-eabi/lib/thumb/v7-m/nofp\libg.a(lib_a-strncpy.o)
 .ARM.attributes
                0x00000a5e       0x2d c:/progra~2/gnuarm~1/102021~1.10/bin/../lib/gcc/arm-none-eabi/10.3.1/../../../../arm-none-eabi/lib/thumb/v7-m/nofp\libg.a(lib_a-vfiprintf.o)
 .ARM.attributes
                0x00000a8b       0x2d c:/progra~2/gnuarm~1/102021~1.10/bin/../lib/gcc/arm-none-eabi/10.3.1/../../../../arm-none-eabi/lib/thumb/v7-m/nofp\libg.a(lib_a-writer.o)
 .ARM.attributes
                0x00000ab8       0x2d c:/progra~2/gnuarm~1/102021~1.10/bin/../lib/gcc/arm-none-eabi/10.3.1/../../../../arm-none-eabi/lib/thumb/v7-m/nofp\libg.a(lib_a-__atexit.o)
 .ARM.attributes
                0x00000ae5       0x2d c:/progra~2/gnuarm~1/102021~1.10/bin/../lib/gcc/arm-none-eabi/10.3.1/../../../../arm-none-eabi/lib/thumb/v7-m/nofp\libg.a(lib_a-assert.o)
 .ARM.attributes
                0x00000b12       0x2d c:/progra~2/gnuarm~1/102021~1.10/bin/../lib/gcc/arm-none-eabi/10.3.1/../../../../arm-none-eabi/lib/thumb/v7-m/nofp\libg.a(lib_a-callocr.o)
 .ARM.attributes
                0x00000b3f       0x2d c:/progra~2/gnuarm~1/102021~1.10/bin/../lib/gcc/arm-none-eabi/10.3.1/../../../../arm-none-eabi/lib/thumb/v7-m/nofp\libg.a(lib_a-closer.o)
 .ARM.attributes
                0x00000b6c       0x2d c:/progra~2/gnuarm~1/102021~1.10/bin/../lib/gcc/arm-none-eabi/10.3.1/../../../../arm-none-eabi/lib/thumb/v7-m/nofp\libg.a(lib_a-fclose.o)
 .ARM.attributes
                0x00000b99       0x2d c:/progra~2/gnuarm~1/102021~1.10/bin/../lib/gcc/arm-none-eabi/10.3.1/../../../../arm-none-eabi/lib/thumb/v7-m/nofp\libg.a(lib_a-fiprintf.o)
 .ARM.attributes
                0x00000bc6       0x2d c:/progra~2/gnuarm~1/102021~1.10/bin/../lib/gcc/arm-none-eabi/10.3.1/../../../../arm-none-eabi/lib/thumb/v7-m/nofp\libg.a(lib_a-fputwc.o)
 .ARM.attributes
                0x00000bf3       0x2d c:/progra~2/gnuarm~1/102021~1.10/bin/../lib/gcc/arm-none-eabi/10.3.1/../../../../arm-none-eabi/lib/thumb/v7-m/nofp\libg.a(lib_a-fstatr.o)
 .ARM.attributes
                0x00000c20       0x2d c:/progra~2/gnuarm~1/102021~1.10/bin/../lib/gcc/arm-none-eabi/10.3.1/../../../../arm-none-eabi/lib/thumb/v7-m/nofp\libg.a(lib_a-isattyr.o)
 .ARM.attributes
                0x00000c4d       0x2d c:/progra~2/gnuarm~1/102021~1.10/bin/../lib/gcc/arm-none-eabi/10.3.1/../../../../arm-none-eabi/lib/thumb/v7-m/nofp\libg.a(lib_a-locale.o)
 .ARM.attributes
                0x00000c7a       0x2d c:/progra~2/gnuarm~1/102021~1.10/bin/../lib/gcc/arm-none-eabi/10.3.1/../../../../arm-none-eabi/lib/thumb/v7-m/nofp\libg.a(lib_a-lseekr.o)
 .ARM.attributes
                0x00000ca7       0x2d c:/progra~2/gnuarm~1/102021~1.10/bin/../lib/gcc/arm-none-eabi/10.3.1/../../../../arm-none-eabi/lib/thumb/v7-m/nofp\libg.a(lib_a-mbtowc_r.o)
 .ARM.attributes
                0x00000cd4       0x2d c:/progra~2/gnuarm~1/102021~1.10/bin/../lib/gcc/arm-none-eabi/10.3.1/../../../../arm-none-eabi/lib/thumb/v7-m/nofp\libg.a(lib_a-readr.o)
 .ARM.attributes
                0x00000d01       0x2d c:/progra~2/gnuarm~1/102021~1.10/bin/../lib/gcc/arm-none-eabi/10.3.1/../../../../arm-none-eabi/lib/thumb/v7-m/nofp\libg.a(lib_a-wbuf.o)
 .ARM.attributes
                0x00000d2e       0x2d c:/progra~2/gnuarm~1/102021~1.10/bin/../lib/gcc/arm-none-eabi/10.3.1/../../../../arm-none-eabi/lib/thumb/v7-m/nofp\libg.a(lib_a-wcrtomb.o)
 .ARM.attributes
                0x00000d5b       0x2d c:/progra~2/gnuarm~1/102021~1.10/bin/../lib/gcc/arm-none-eabi/10.3.1/../../../../arm-none-eabi/lib/thumb/v7-m/nofp\libg.a(lib_a-wctomb_r.o)
 .ARM.attributes
                0x00000d88       0x2d c:/progra~2/gnuarm~1/102021~1.10/bin/../lib/gcc/arm-none-eabi/10.3.1/../../../../arm-none-eabi/lib/thumb/v7-m/nofp\libg.a(lib_a-abort.o)
 .ARM.attributes
                0x00000db5       0x2d c:/progra~2/gnuarm~1/102021~1.10/bin/../lib/gcc/arm-none-eabi/10.3.1/../../../../arm-none-eabi/lib/thumb/v7-m/nofp\libg.a(lib_a-ctype_.o)
 .ARM.attributes
                0x00000de2       0x2d c:/progra~2/gnuarm~1/102021~1.10/bin/../lib/gcc/arm-none-eabi/10.3.1/../../../../arm-none-eabi/lib/thumb/v7-m/nofp\libg.a(lib_a-signal.o)
 .ARM.attributes
                0x00000e0f       0x2d c:/progra~2/gnuarm~1/102021~1.10/bin/../lib/gcc/arm-none-eabi/10.3.1/../../../../arm-none-eabi/lib/thumb/v7-m/nofp\libg.a(lib_a-signalr.o)
 .ARM.attributes
                0x00000e3c       0x1d c:/progra~2/gnuarm~1/102021~1.10/bin/../lib/gcc/arm-none-eabi/10.3.1/thumb/v7-m/nofp\libgcc.a(_arm_addsubdf3.o)
 .ARM.attributes
                0x00000e59       0x1d c:/progra~2/gnuarm~1/102021~1.10/bin/../lib/gcc/arm-none-eabi/10.3.1/thumb/v7-m/nofp\libgcc.a(_arm_muldivdf3.o)
 .ARM.attributes
                0x00000e76       0x1d c:/progra~2/gnuarm~1/102021~1.10/bin/../lib/gcc/arm-none-eabi/10.3.1/thumb/v7-m/nofp\libgcc.a(_arm_cmpdf2.o)
 .ARM.attributes
                0x00000e93       0x1d c:/progra~2/gnuarm~1/102021~1.10/bin/../lib/gcc/arm-none-eabi/10.3.1/thumb/v7-m/nofp\libgcc.a(_arm_unorddf2.o)
 .ARM.attributes
                0x00000eb0       0x1d c:/progra~2/gnuarm~1/102021~1.10/bin/../lib/gcc/arm-none-eabi/10.3.1/thumb/v7-m/nofp\libgcc.a(_arm_fixdfsi.o)
 .ARM.attributes
                0x00000ecd       0x1d c:/progra~2/gnuarm~1/102021~1.10/bin/../lib/gcc/arm-none-eabi/10.3.1/thumb/v7-m/nofp\libgcc.a(_aeabi_uldivmod.o)
 .ARM.attributes
                0x00000eea       0x2d c:/progra~2/gnuarm~1/102021~1.10/bin/../lib/gcc/arm-none-eabi/10.3.1/thumb/v7-m/nofp\libgcc.a(_udivmoddi4.o)
 .ARM.attributes
                0x00000f17       0x1d c:/progra~2/gnuarm~1/102021~1.10/bin/../lib/gcc/arm-none-eabi/10.3.1/thumb/v7-m/nofp\libgcc.a(_dvmd_tls.o)
 .ARM.attributes
                0x00000f34       0x1d c:/progra~2/gnuarm~1/102021~1.10/bin/../lib/gcc/arm-none-eabi/10.3.1/thumb/v7-m/nofp/crtn.o
OUTPUT(RTOS_V1.elf elf32-littlearm)
LOAD linker stubs
LOAD c:/progra~2/gnuarm~1/102021~1.10/bin/../lib/gcc/arm-none-eabi/10.3.1/../../../../arm-none-eabi/lib/thumb/v7-m/nofp\libc.a
LOAD c:/progra~2/gnuarm~1/102021~1.10/bin/../lib/gcc/arm-none-eabi/10.3.1/../../../../arm-none-eabi/lib/thumb/v7-m/nofp\libm.a
LOAD c:/progra~2/gnuarm~1/102021~1.10/bin/../lib/gcc/arm-none-eabi/10.3.1/thumb/v7-m/nofp\libgcc.a

.debug_info     0x00000000     0xf5fe
 .debug_info    0x00000000      0xc76 CMakeFiles/RTOS_V1.elf.dir/Core/RTOS/Task/init_Task.c.obj
 .debug_info    0x00000c76      0x364 CMakeFiles/RTOS_V1.elf.dir/Core/RTOS/Task/vReceiverTask.c.obj
 .debug_info    0x00000fda      0x288 CMakeFiles/RTOS_V1.elf.dir/Core/RTOS/Task/vSenderTask.c.obj
 .debug_info    0x00001262      0xefe CMakeFiles/RTOS_V1.elf.dir/Core/Retartget/retarget.c.obj
 .debug_info    0x00002160      0x199 CMakeFiles/RTOS_V1.elf.dir/Core/Src/gpio.c.obj
 .debug_info    0x000022f9      0x34b CMakeFiles/RTOS_V1.elf.dir/Core/Src/main.c.obj
 .debug_info    0x00002644      0x387 CMakeFiles/RTOS_V1.elf.dir/Core/Src/stm32f1xx_hal_msp.c.obj
 .debug_info    0x000029cb      0x14a CMakeFiles/RTOS_V1.elf.dir/Core/Src/stm32f1xx_it.c.obj
 .debug_info    0x00002b15      0x835 CMakeFiles/RTOS_V1.elf.dir/Core/Src/syscalls.c.obj
 .debug_info    0x0000334a      0x248 CMakeFiles/RTOS_V1.elf.dir/Core/Src/system_stm32f1xx.c.obj
 .debug_info    0x00003592      0x827 CMakeFiles/RTOS_V1.elf.dir/Core/Src/usart.c.obj
 .debug_info    0x00003db9      0x7a8 CMakeFiles/RTOS_V1.elf.dir/Drivers/STM32F1xx_HAL_Driver/Src/stm32f1xx_hal.c.obj
 .debug_info    0x00004561      0xd8a CMakeFiles/RTOS_V1.elf.dir/Drivers/STM32F1xx_HAL_Driver/Src/stm32f1xx_hal_cortex.c.obj
 .debug_info    0x000052eb      0x66f CMakeFiles/RTOS_V1.elf.dir/Drivers/STM32F1xx_HAL_Driver/Src/stm32f1xx_hal_gpio.c.obj
 .debug_info    0x0000595a      0xa36 CMakeFiles/RTOS_V1.elf.dir/Drivers/STM32F1xx_HAL_Driver/Src/stm32f1xx_hal_rcc.c.obj
 .debug_info    0x00006390     0x1c8b CMakeFiles/RTOS_V1.elf.dir/Drivers/STM32F1xx_HAL_Driver/Src/stm32f1xx_hal_uart.c.obj
 .debug_info    0x0000801b     0x220a CMakeFiles/RTOS_V1.elf.dir/Middlewares/Third_Party/FreeRTOS/Source/CMSIS_RTOS/cmsis_os.c.obj
 .debug_info    0x0000a225      0x2da CMakeFiles/RTOS_V1.elf.dir/Middlewares/Third_Party/FreeRTOS/Source/list.c.obj
 .debug_info    0x0000a4ff      0x52b CMakeFiles/RTOS_V1.elf.dir/Middlewares/Third_Party/FreeRTOS/Source/portable/GCC/ARM_CM3/port.c.obj
 .debug_info    0x0000aa2a      0x173 CMakeFiles/RTOS_V1.elf.dir/Middlewares/Third_Party/FreeRTOS/Source/portable/MemMang/heap_3.c.obj
 .debug_info    0x0000ab9d     0x2221 CMakeFiles/RTOS_V1.elf.dir/Middlewares/Third_Party/FreeRTOS/Source/queue.c.obj
 .debug_info    0x0000cdbe     0x281e CMakeFiles/RTOS_V1.elf.dir/Middlewares/Third_Party/FreeRTOS/Source/tasks.c.obj
 .debug_info    0x0000f5dc       0x22 CMakeFiles/RTOS_V1.elf.dir/startup/startup_stm32f103xb.s.obj

.debug_abbrev   0x00000000     0x2bcd
 .debug_abbrev  0x00000000      0x237 CMakeFiles/RTOS_V1.elf.dir/Core/RTOS/Task/init_Task.c.obj
 .debug_abbrev  0x00000237      0x211 CMakeFiles/RTOS_V1.elf.dir/Core/RTOS/Task/vReceiverTask.c.obj
 .debug_abbrev  0x00000448      0x19a CMakeFiles/RTOS_V1.elf.dir/Core/RTOS/Task/vSenderTask.c.obj
 .debug_abbrev  0x000005e2      0x2b4 CMakeFiles/RTOS_V1.elf.dir/Core/Retartget/retarget.c.obj
 .debug_abbrev  0x00000896       0xbf CMakeFiles/RTOS_V1.elf.dir/Core/Src/gpio.c.obj
 .debug_abbrev  0x00000955      0x162 CMakeFiles/RTOS_V1.elf.dir/Core/Src/main.c.obj
 .debug_abbrev  0x00000ab7      0x12d CMakeFiles/RTOS_V1.elf.dir/Core/Src/stm32f1xx_hal_msp.c.obj
 .debug_abbrev  0x00000be4       0xa0 CMakeFiles/RTOS_V1.elf.dir/Core/Src/stm32f1xx_it.c.obj
 .debug_abbrev  0x00000c84      0x1da CMakeFiles/RTOS_V1.elf.dir/Core/Src/syscalls.c.obj
 .debug_abbrev  0x00000e5e      0x13e CMakeFiles/RTOS_V1.elf.dir/Core/Src/system_stm32f1xx.c.obj
 .debug_abbrev  0x00000f9c      0x1c1 CMakeFiles/RTOS_V1.elf.dir/Core/Src/usart.c.obj
 .debug_abbrev  0x0000115d      0x1f4 CMakeFiles/RTOS_V1.elf.dir/Drivers/STM32F1xx_HAL_Driver/Src/stm32f1xx_hal.c.obj
 .debug_abbrev  0x00001351      0x341 CMakeFiles/RTOS_V1.elf.dir/Drivers/STM32F1xx_HAL_Driver/Src/stm32f1xx_hal_cortex.c.obj
 .debug_abbrev  0x00001692      0x1e6 CMakeFiles/RTOS_V1.elf.dir/Drivers/STM32F1xx_HAL_Driver/Src/stm32f1xx_hal_gpio.c.obj
 .debug_abbrev  0x00001878      0x27a CMakeFiles/RTOS_V1.elf.dir/Drivers/STM32F1xx_HAL_Driver/Src/stm32f1xx_hal_rcc.c.obj
 .debug_abbrev  0x00001af2      0x254 CMakeFiles/RTOS_V1.elf.dir/Drivers/STM32F1xx_HAL_Driver/Src/stm32f1xx_hal_uart.c.obj
 .debug_abbrev  0x00001d46      0x352 CMakeFiles/RTOS_V1.elf.dir/Middlewares/Third_Party/FreeRTOS/Source/CMSIS_RTOS/cmsis_os.c.obj
 .debug_abbrev  0x00002098      0x106 CMakeFiles/RTOS_V1.elf.dir/Middlewares/Third_Party/FreeRTOS/Source/list.c.obj
 .debug_abbrev  0x0000219e      0x27e CMakeFiles/RTOS_V1.elf.dir/Middlewares/Third_Party/FreeRTOS/Source/portable/GCC/ARM_CM3/port.c.obj
 .debug_abbrev  0x0000241c      0x100 CMakeFiles/RTOS_V1.elf.dir/Middlewares/Third_Party/FreeRTOS/Source/portable/MemMang/heap_3.c.obj
 .debug_abbrev  0x0000251c      0x38c CMakeFiles/RTOS_V1.elf.dir/Middlewares/Third_Party/FreeRTOS/Source/queue.c.obj
 .debug_abbrev  0x000028a8      0x313 CMakeFiles/RTOS_V1.elf.dir/Middlewares/Third_Party/FreeRTOS/Source/tasks.c.obj
 .debug_abbrev  0x00002bbb       0x12 CMakeFiles/RTOS_V1.elf.dir/startup/startup_stm32f103xb.s.obj

.debug_loc      0x00000000     0x840b
 .debug_loc     0x00000000       0x25 CMakeFiles/RTOS_V1.elf.dir/Core/RTOS/Task/init_Task.c.obj
 .debug_loc     0x00000025       0x86 CMakeFiles/RTOS_V1.elf.dir/Core/RTOS/Task/vReceiverTask.c.obj
 .debug_loc     0x000000ab       0x67 CMakeFiles/RTOS_V1.elf.dir/Core/RTOS/Task/vSenderTask.c.obj